Initialized native services in: C:\Users\vivet\.gradle\native
Initialized jansi services in: C:\Users\vivet\.gradle\native
Received JVM installation metadata from 'C:\Program Files\Java\jdk-21': {JAVA_HOME=C:\Program Files\Java\jdk-21, JAVA_VERSION=21.0.3, JAVA_VENDOR=Oracle Corporation, RUNTIME_NAME=Java(TM) SE Runtime Environment, RUNTIME_VERSION=21.0.3+7-LTS-152, VM_NAME=Java HotSpot(TM) 64-Bit Server VM, VM_VERSION=21.0.3+7-LTS-152, VM_VENDOR=Oracle Corporation, OS_ARCH=amd64}
The client will now receive all logging from the daemon (pid: 7200). The daemon log file: C:\Users\vivet\.gradle\daemon\8.7\daemon-7200.out.log
Starting 8th build in daemon [uptime: 4 hrs 17 mins 26.503 secs, performance: 99%, GC rate: 0.00/s, heap usage: 3% of 2 GiB]
Using 2 worker leases.
Now considering [C:\Users\vivet\AndroidStudioProjects\ShoesTapApp] as hierarchies to watch
Watching the file system is configured to be enabled if available
File system watching is active
Starting Build
Settings evaluated using settings file 'C:\Users\vivet\AndroidStudioProjects\ShoesTapApp\settings.gradle.kts'.
Projects loaded. Root project using build file 'C:\Users\vivet\AndroidStudioProjects\ShoesTapApp\build.gradle.kts'.
Included projects: [root project 'ShoesTapApp', project ':app']

> Configure project :
Evaluating root project 'ShoesTapApp' using build file 'C:\Users\vivet\AndroidStudioProjects\ShoesTapApp\build.gradle.kts'.
Transforming hilt-android-gradle-plugin-2.51.1.jar (com.google.dagger:hilt-android-gradle-plugin:2.51.1) with ExternalDependencyInstrumentingArtifactTransform
Transforming gradle-8.5.2.jar (com.android.tools.build:gradle:8.5.2) with ExternalDependencyInstrumentingArtifactTransform
Transforming gradle-settings-api-8.5.2.jar (com.android.tools.build:gradle-settings-api:8.5.2) with ExternalDependencyInstrumentingArtifactTransform
Transforming lint-model-31.5.2.jar (com.android.tools.lint:lint-model:31.5.2) with ExternalDependencyInstrumentingArtifactTransform
Transforming builder-8.5.2.jar (com.android.tools.build:builder:8.5.2) with ExternalDependencyInstrumentingArtifactTransform
Transforming manifest-merger-31.5.2.jar (com.android.tools.build:manifest-merger:31.5.2) with ExternalDependencyInstrumentingArtifactTransform
Transforming sdk-common-31.5.2.jar (com.android.tools:sdk-common:31.5.2) with ExternalDependencyInstrumentingArtifactTransform
Transforming sdklib-31.5.2.jar (com.android.tools:sdklib:31.5.2) with ExternalDependencyInstrumentingArtifactTransform
Transforming repository-31.5.2.jar (com.android.tools:repository:31.5.2) with ExternalDependencyInstrumentingArtifactTransform
Transforming aaptcompiler-8.5.2.jar (com.android.tools.build:aaptcompiler:8.5.2) with ExternalDependencyInstrumentingArtifactTransform
Transforming tracker-31.5.2.jar (com.android.tools.analytics-library:tracker:31.5.2) with ExternalDependencyInstrumentingArtifactTransform
Transforming shared-31.5.2.jar (com.android.tools.analytics-library:shared:31.5.2) with ExternalDependencyInstrumentingArtifactTransform
Transforming databinding-compiler-common-8.5.2.jar (androidx.databinding:databinding-compiler-common:8.5.2) with ExternalDependencyInstrumentingArtifactTransform
Transforming android-test-plugin-host-emulator-control-proto-31.5.2.jar (com.android.tools.utp:android-test-plugin-host-emulator-control-proto:31.5.2) with ExternalDependencyInstrumentingArtifactTransform
Transforming android-test-plugin-host-retention-proto-31.5.2.jar (com.android.tools.utp:android-test-plugin-host-retention-proto:31.5.2) with ExternalDependencyInstrumentingArtifactTransform
Transforming builder-model-8.5.2.jar (com.android.tools.build:builder-model:8.5.2) with ExternalDependencyInstrumentingArtifactTransform
Transforming gradle-api-8.5.2.jar (com.android.tools.build:gradle-api:8.5.2) with ExternalDependencyInstrumentingArtifactTransform
Transforming builder-test-api-8.5.2.jar (com.android.tools.build:builder-test-api:8.5.2) with ExternalDependencyInstrumentingArtifactTransform
Transforming ddmlib-31.5.2.jar (com.android.tools.ddms:ddmlib:31.5.2) with ExternalDependencyInstrumentingArtifactTransform
Transforming layoutlib-api-31.5.2.jar (com.android.tools.layoutlib:layoutlib-api:31.5.2) with ExternalDependencyInstrumentingArtifactTransform
Transforming dvlib-31.5.2.jar (com.android.tools:dvlib:31.5.2) with ExternalDependencyInstrumentingArtifactTransform
Transforming common-31.5.2.jar (com.android.tools:common:31.5.2) with ExternalDependencyInstrumentingArtifactTransform
Transforming kotlin-stdlib-jdk8-1.9.20.jar (org.jetbrains.kotlin:kotlin-stdlib-jdk8:1.9.20) with ExternalDependencyInstrumentingArtifactTransform
Transforming jetifier-processor-1.0.0-beta10.jar (com.android.tools.build.jetifier:jetifier-processor:1.0.0-beta10) with ExternalDependencyInstrumentingArtifactTransform
Transforming jetifier-core-1.0.0-beta10.jar (com.android.tools.build.jetifier:jetifier-core:1.0.0-beta10) with ExternalDependencyInstrumentingArtifactTransform
Transforming kotlin-reflect-1.9.22.jar (org.jetbrains.kotlin:kotlin-reflect:1.9.22) with ExternalDependencyInstrumentingArtifactTransform
Transforming kotlin-stdlib-jdk7-1.9.20.jar (org.jetbrains.kotlin:kotlin-stdlib-jdk7:1.9.20) with ExternalDependencyInstrumentingArtifactTransform
Transforming kotlin-stdlib-1.9.22.jar (org.jetbrains.kotlin:kotlin-stdlib:1.9.22) with ExternalDependencyInstrumentingArtifactTransform
Transforming annotations-13.0.jar (org.jetbrains:annotations:13.0) with ExternalDependencyInstrumentingArtifactTransform
Transforming kotlin-gradle-plugin-model-1.9.0.jar (org.jetbrains.kotlin:kotlin-gradle-plugin-model:1.9.0) with ExternalDependencyInstrumentingArtifactTransform
Transforming kotlin-gradle-plugin-api-1.9.0-gradle81.jar (org.jetbrains.kotlin:kotlin-gradle-plugin-api:1.9.0) with ExternalDependencyInstrumentingArtifactTransform
Transforming kotlin-gradle-plugin-api-1.9.0.jar (org.jetbrains.kotlin:kotlin-gradle-plugin-api:1.9.0) with ExternalDependencyInstrumentingArtifactTransform
Transforming kotlin-gradle-plugin-1.9.0-gradle81.jar (org.jetbrains.kotlin:kotlin-gradle-plugin:1.9.0) with ExternalDependencyInstrumentingArtifactTransform
Transforming bundletool-1.16.0.jar (com.android.tools.build:bundletool:1.16.0) with ExternalDependencyInstrumentingArtifactTransform
Transforming aapt2-proto-8.5.2-11315950.jar (com.android.tools.build:aapt2-proto:8.5.2-11315950) with ExternalDependencyInstrumentingArtifactTransform
Transforming crash-31.5.2.jar (com.android.tools.analytics-library:crash:31.5.2) with ExternalDependencyInstrumentingArtifactTransform
Transforming lint-typedef-remover-31.5.2.jar (com.android.tools.lint:lint-typedef-remover:31.5.2) with ExternalDependencyInstrumentingArtifactTransform
Transforming databinding-common-8.5.2.jar (androidx.databinding:databinding-common:8.5.2) with ExternalDependencyInstrumentingArtifactTransform
Transforming baseLibrary-8.5.2.jar (com.android.databinding:baseLibrary:8.5.2) with ExternalDependencyInstrumentingArtifactTransform
Transforming android-device-provider-ddmlib-proto-31.5.2.jar (com.android.tools.utp:android-device-provider-ddmlib-proto:31.5.2) with ExternalDependencyInstrumentingArtifactTransform
Transforming android-device-provider-gradle-proto-31.5.2.jar (com.android.tools.utp:android-device-provider-gradle-proto:31.5.2) with ExternalDependencyInstrumentingArtifactTransform
Transforming android-test-plugin-host-additional-test-output-proto-31.5.2.jar (com.android.tools.utp:android-test-plugin-host-additional-test-output-proto:31.5.2) with ExternalDependencyInstrumentingArtifactTransform
Transforming android-test-plugin-host-coverage-proto-31.5.2.jar (com.android.tools.utp:android-test-plugin-host-coverage-proto:31.5.2) with ExternalDependencyInstrumentingArtifactTransform
Transforming android-test-plugin-host-logcat-proto-31.5.2.jar (com.android.tools.utp:android-test-plugin-host-logcat-proto:31.5.2) with ExternalDependencyInstrumentingArtifactTransform
Transforming android-test-plugin-host-apk-installer-proto-31.5.2.jar (com.android.tools.utp:android-test-plugin-host-apk-installer-proto:31.5.2) with ExternalDependencyInstrumentingArtifactTransform
Transforming android-test-plugin-result-listener-gradle-proto-31.5.2.jar (com.android.tools.utp:android-test-plugin-result-listener-gradle-proto:31.5.2) with ExternalDependencyInstrumentingArtifactTransform
Transforming transform-api-2.0.0-deprecated-use-gradle-api.jar (com.android.tools.build:transform-api:2.0.0-deprecated-use-gradle-api) with ExternalDependencyInstrumentingArtifactTransform
Transforming httpmime-4.5.6.jar (org.apache.httpcomponents:httpmime:4.5.6) with ExternalDependencyInstrumentingArtifactTransform
Transforming commons-io-2.13.0.jar (commons-io:commons-io:2.13.0) with ExternalDependencyInstrumentingArtifactTransform
Transforming asm-commons-9.6.jar (org.ow2.asm:asm-commons:9.6) with ExternalDependencyInstrumentingArtifactTransform
Transforming asm-util-9.6.jar (org.ow2.asm:asm-util:9.6) with ExternalDependencyInstrumentingArtifactTransform
Transforming asm-analysis-9.6.jar (org.ow2.asm:asm-analysis:9.6) with ExternalDependencyInstrumentingArtifactTransform
Transforming asm-tree-9.6.jar (org.ow2.asm:asm-tree:9.6) with ExternalDependencyInstrumentingArtifactTransform
Transforming asm-9.6.jar (org.ow2.asm:asm:9.6) with ExternalDependencyInstrumentingArtifactTransform
Transforming apkzlib-8.5.2.jar (com.android.tools.build:apkzlib:8.5.2) with ExternalDependencyInstrumentingArtifactTransform
Transforming bcpkix-jdk18on-1.77.jar (org.bouncycastle:bcpkix-jdk18on:1.77) with ExternalDependencyInstrumentingArtifactTransform
Transforming jaxb-runtime-2.3.2.jar (org.glassfish.jaxb:jaxb-runtime:2.3.2) with ExternalDependencyInstrumentingArtifactTransform
Transforming jopt-simple-4.9.jar (net.sf.jopt-simple:jopt-simple:4.9) with ExternalDependencyInstrumentingArtifactTransform
Transforming javapoet-1.13.0.jar (com.squareup:javapoet:1.13.0) with ExternalDependencyInstrumentingArtifactTransform
Transforming protobuf-java-util-3.22.3.jar (com.google.protobuf:protobuf-java-util:3.22.3) with ExternalDependencyInstrumentingArtifactTransform
Transforming grpc-protobuf-1.57.0.jar (io.grpc:grpc-protobuf:1.57.0) with ExternalDependencyInstrumentingArtifactTransform
Transforming tink-1.7.0.jar (com.google.crypto.tink:tink:1.7.0) with ExternalDependencyInstrumentingArtifactTransform
Transforming protos-31.5.2.jar (com.android.tools.analytics-library:protos:31.5.2) with ExternalDependencyInstrumentingArtifactTransform
Transforming proto-google-common-protos-2.17.0.jar (com.google.api.grpc:proto-google-common-protos:2.17.0) with ExternalDependencyInstrumentingArtifactTransform
Transforming protobuf-java-3.22.3.jar (com.google.protobuf:protobuf-java:3.22.3) with ExternalDependencyInstrumentingArtifactTransform
Transforming grpc-netty-1.57.0.jar (io.grpc:grpc-netty:1.57.0) with ExternalDependencyInstrumentingArtifactTransform
Transforming grpc-core-1.57.0.jar (io.grpc:grpc-core:1.57.0) with ExternalDependencyInstrumentingArtifactTransform
Transforming gson-2.10.1.jar (com.google.code.gson:gson:2.10.1) with ExternalDependencyInstrumentingArtifactTransform
Transforming grpc-stub-1.57.0.jar (io.grpc:grpc-stub:1.57.0) with ExternalDependencyInstrumentingArtifactTransform
Transforming core-proto-0.0.9-alpha02.jar (com.google.testing.platform:core-proto:0.0.9-alpha02) with ExternalDependencyInstrumentingArtifactTransform
Transforming kxml2-2.3.0.jar (net.sf.kxml:kxml2:2.3.0) with ExternalDependencyInstrumentingArtifactTransform
Transforming tensorflow-lite-metadata-0.1.0-rc2.jar (org.tensorflow:tensorflow-lite-metadata:0.1.0-rc2) with ExternalDependencyInstrumentingArtifactTransform
Transforming flatbuffers-java-1.12.0.jar (com.google.flatbuffers:flatbuffers-java:1.12.0) with ExternalDependencyInstrumentingArtifactTransform
Transforming kotlin-gradle-plugin-idea-proto-1.9.0.jar (org.jetbrains.kotlin:kotlin-gradle-plugin-idea-proto:1.9.0) with ExternalDependencyInstrumentingArtifactTransform
Transforming kotlin-gradle-plugin-idea-1.9.0.jar (org.jetbrains.kotlin:kotlin-gradle-plugin-idea:1.9.0) with ExternalDependencyInstrumentingArtifactTransform
Transforming kotlin-project-model-1.9.0.jar (org.jetbrains.kotlin:kotlin-project-model:1.9.0) with ExternalDependencyInstrumentingArtifactTransform
Transforming kotlin-tooling-core-1.9.0.jar (org.jetbrains.kotlin:kotlin-tooling-core:1.9.0) with ExternalDependencyInstrumentingArtifactTransform
Transforming kotlin-klib-commonizer-api-1.9.0.jar (org.jetbrains.kotlin:kotlin-klib-commonizer-api:1.9.0) with ExternalDependencyInstrumentingArtifactTransform
Transforming kotlin-native-utils-1.9.0.jar (org.jetbrains.kotlin:kotlin-native-utils:1.9.0) with ExternalDependencyInstrumentingArtifactTransform
Transforming kotlin-util-klib-1.9.0.jar (org.jetbrains.kotlin:kotlin-util-klib:1.9.0) with ExternalDependencyInstrumentingArtifactTransform
Transforming kotlin-build-tools-api-1.9.0.jar (org.jetbrains.kotlin:kotlin-build-tools-api:1.9.0) with ExternalDependencyInstrumentingArtifactTransform
Transforming kotlin-android-extensions-1.9.0.jar (org.jetbrains.kotlin:kotlin-android-extensions:1.9.0) with ExternalDependencyInstrumentingArtifactTransform
Transforming kotlin-compiler-runner-1.9.0.jar (org.jetbrains.kotlin:kotlin-compiler-runner:1.9.0) with ExternalDependencyInstrumentingArtifactTransform
Transforming kotlin-compiler-embeddable-1.9.0.jar (org.jetbrains.kotlin:kotlin-compiler-embeddable:1.9.0) with ExternalDependencyInstrumentingArtifactTransform
Transforming kotlin-scripting-compiler-embeddable-1.9.0.jar (org.jetbrains.kotlin:kotlin-scripting-compiler-embeddable:1.9.0) with ExternalDependencyInstrumentingArtifactTransform
Transforming kotlin-scripting-compiler-impl-embeddable-1.9.0.jar (org.jetbrains.kotlin:kotlin-scripting-compiler-impl-embeddable:1.9.0) with ExternalDependencyInstrumentingArtifactTransform
Transforming jimfs-1.1.jar (com.google.jimfs:jimfs:1.1) with ExternalDependencyInstrumentingArtifactTransform
Transforming grpc-context-1.57.0.jar (io.grpc:grpc-context:1.57.0) with ExternalDependencyInstrumentingArtifactTransform
Transforming grpc-protobuf-lite-1.57.0.jar (io.grpc:grpc-protobuf-lite:1.57.0) with ExternalDependencyInstrumentingArtifactTransform
Transforming grpc-api-1.57.0.jar (io.grpc:grpc-api:1.57.0) with ExternalDependencyInstrumentingArtifactTransform
Transforming guava-32.0.1-jre.jar (com.google.guava:guava:32.0.1-jre) with ExternalDependencyInstrumentingArtifactTransform
Transforming dagger-2.28.3.jar (com.google.dagger:dagger:2.28.3) with ExternalDependencyInstrumentingArtifactTransform
Transforming javax.inject-1.jar (javax.inject:javax.inject:1) with ExternalDependencyInstrumentingArtifactTransform
Transforming bcutil-jdk18on-1.77.jar (org.bouncycastle:bcutil-jdk18on:1.77) with ExternalDependencyInstrumentingArtifactTransform
Transforming bcprov-jdk18on-1.77.jar (org.bouncycastle:bcprov-jdk18on:1.77) with ExternalDependencyInstrumentingArtifactTransform
Transforming trove4j-1.0.20200330.jar (org.jetbrains.intellij.deps:trove4j:1.0.20200330) with ExternalDependencyInstrumentingArtifactTransform
Transforming commons-compress-1.21.jar (org.apache.commons:commons-compress:1.21) with ExternalDependencyInstrumentingArtifactTransform
Transforming httpclient-4.5.14.jar (org.apache.httpcomponents:httpclient:4.5.14) with ExternalDependencyInstrumentingArtifactTransform
Transforming httpcore-4.4.16.jar (org.apache.httpcomponents:httpcore:4.4.16) with ExternalDependencyInstrumentingArtifactTransform
Transforming javax.activation-1.2.0.jar (com.sun.activation:javax.activation:1.2.0) with ExternalDependencyInstrumentingArtifactTransform
Transforming signflinger-8.5.2.jar (com.android:signflinger:8.5.2) with ExternalDependencyInstrumentingArtifactTransform
Transforming zipflinger-8.5.2.jar (com.android:zipflinger:8.5.2) with ExternalDependencyInstrumentingArtifactTransform
Transforming annotations-31.5.2.jar (com.android.tools:annotations:31.5.2) with ExternalDependencyInstrumentingArtifactTransform
Transforming jna-platform-5.6.0.jar (net.java.dev.jna:jna-platform:5.6.0) with ExternalDependencyInstrumentingArtifactTransform
Transforming juniversalchardet-1.0.3.jar (com.googlecode.juniversalchardet:juniversalchardet:1.0.3) with ExternalDependencyInstrumentingArtifactTransform
Transforming javax.annotation-api-1.3.2.jar (javax.annotation:javax.annotation-api:1.3.2) with ExternalDependencyInstrumentingArtifactTransform
Transforming stax-ex-1.8.1.jar (org.jvnet.staxex:stax-ex:1.8.1) with ExternalDependencyInstrumentingArtifactTransform
Transforming jakarta.xml.bind-api-2.3.2.jar (jakarta.xml.bind:jakarta.xml.bind-api:2.3.2) with ExternalDependencyInstrumentingArtifactTransform
Transforming txw2-2.3.2.jar (org.glassfish.jaxb:txw2:2.3.2) with ExternalDependencyInstrumentingArtifactTransform
Transforming istack-commons-runtime-3.0.8.jar (com.sun.istack:istack-commons-runtime:3.0.8) with ExternalDependencyInstrumentingArtifactTransform
Transforming FastInfoset-1.2.16.jar (com.sun.xml.fastinfoset:FastInfoset:1.2.16) with ExternalDependencyInstrumentingArtifactTransform
Transforming jakarta.activation-api-1.2.1.jar (jakarta.activation:jakarta.activation-api:1.2.1) with ExternalDependencyInstrumentingArtifactTransform
Transforming auto-value-annotations-1.6.2.jar (com.google.auto.value:auto-value-annotations:1.6.2) with ExternalDependencyInstrumentingArtifactTransform
Transforming error_prone_annotations-2.18.0.jar (com.google.errorprone:error_prone_annotations:2.18.0) with ExternalDependencyInstrumentingArtifactTransform
Transforming jose4j-0.9.5.jar (org.bitbucket.b_c:jose4j:0.9.5) with ExternalDependencyInstrumentingArtifactTransform
Transforming slf4j-api-1.7.30.jar (org.slf4j:slf4j-api:1.7.30) with ExternalDependencyInstrumentingArtifactTransform
Transforming jdom2-2.0.6.jar (org.jdom:jdom2:2.0.6) with ExternalDependencyInstrumentingArtifactTransform
Transforming jsr305-3.0.2.jar (com.google.code.findbugs:jsr305:3.0.2) with ExternalDependencyInstrumentingArtifactTransform
Transforming j2objc-annotations-2.8.jar (com.google.j2objc:j2objc-annotations:2.8) with ExternalDependencyInstrumentingArtifactTransform
Transforming annotations-4.1.1.4.jar (com.google.android:annotations:4.1.1.4) with ExternalDependencyInstrumentingArtifactTransform
Transforming animal-sniffer-annotations-1.23.jar (org.codehaus.mojo:animal-sniffer-annotations:1.23) with ExternalDependencyInstrumentingArtifactTransform
Transforming perfmark-api-0.26.0.jar (io.perfmark:perfmark-api:0.26.0) with ExternalDependencyInstrumentingArtifactTransform
Transforming netty-codec-http2-4.1.93.Final.jar (io.netty:netty-codec-http2:4.1.93.Final) with ExternalDependencyInstrumentingArtifactTransform
Transforming netty-handler-proxy-4.1.93.Final.jar (io.netty:netty-handler-proxy:4.1.93.Final) with ExternalDependencyInstrumentingArtifactTransform
Transforming netty-codec-http-4.1.93.Final.jar (io.netty:netty-codec-http:4.1.93.Final) with ExternalDependencyInstrumentingArtifactTransform
Transforming netty-handler-4.1.93.Final.jar (io.netty:netty-handler:4.1.93.Final) with ExternalDependencyInstrumentingArtifactTransform
Transforming netty-transport-native-unix-common-4.1.93.Final.jar (io.netty:netty-transport-native-unix-common:4.1.93.Final) with ExternalDependencyInstrumentingArtifactTransform
Transforming checker-qual-3.33.0.jar (org.checkerframework:checker-qual:3.33.0) with ExternalDependencyInstrumentingArtifactTransform
Transforming commons-codec-1.11.jar (commons-codec:commons-codec:1.11) with ExternalDependencyInstrumentingArtifactTransform
Transforming apksig-8.5.2.jar (com.android.tools.build:apksig:8.5.2) with ExternalDependencyInstrumentingArtifactTransform
Transforming javawriter-2.5.0.jar (com.squareup:javawriter:2.5.0) with ExternalDependencyInstrumentingArtifactTransform
Transforming kotlin-gradle-plugin-annotations-1.9.0.jar (org.jetbrains.kotlin:kotlin-gradle-plugin-annotations:1.9.0) with ExternalDependencyInstrumentingArtifactTransform
Transforming kotlin-util-io-1.9.0.jar (org.jetbrains.kotlin:kotlin-util-io:1.9.0) with ExternalDependencyInstrumentingArtifactTransform
Transforming kotlin-daemon-embeddable-1.9.0.jar (org.jetbrains.kotlin:kotlin-daemon-embeddable:1.9.0) with ExternalDependencyInstrumentingArtifactTransform
Transforming kotlin-daemon-client-1.9.0.jar (org.jetbrains.kotlin:kotlin-daemon-client:1.9.0) with ExternalDependencyInstrumentingArtifactTransform
Transforming kotlinx-coroutines-core-jvm-1.5.0.jar (org.jetbrains.kotlinx:kotlinx-coroutines-core-jvm:1.5.0) with ExternalDependencyInstrumentingArtifactTransform
Transforming kotlin-scripting-jvm-1.9.0.jar (org.jetbrains.kotlin:kotlin-scripting-jvm:1.9.0) with ExternalDependencyInstrumentingArtifactTransform
Transforming kotlin-scripting-common-1.9.0.jar (org.jetbrains.kotlin:kotlin-scripting-common:1.9.0) with ExternalDependencyInstrumentingArtifactTransform
Transforming failureaccess-1.0.1.jar (com.google.guava:failureaccess:1.0.1) with ExternalDependencyInstrumentingArtifactTransform
Transforming listenablefuture-9999.0-empty-to-avoid-conflict-with-guava.jar (com.google.guava:listenablefuture:9999.0-empty-to-avoid-conflict-with-guava) with ExternalDependencyInstrumentingArtifactTransform
Transforming commons-logging-1.2.jar (commons-logging:commons-logging:1.2) with ExternalDependencyInstrumentingArtifactTransform
Transforming jna-5.6.0.jar (net.java.dev.jna:jna:5.6.0) with ExternalDependencyInstrumentingArtifactTransform
Transforming netty-codec-socks-4.1.93.Final.jar (io.netty:netty-codec-socks:4.1.93.Final) with ExternalDependencyInstrumentingArtifactTransform
Transforming netty-codec-4.1.93.Final.jar (io.netty:netty-codec:4.1.93.Final) with ExternalDependencyInstrumentingArtifactTransform
Transforming netty-transport-4.1.93.Final.jar (io.netty:netty-transport:4.1.93.Final) with ExternalDependencyInstrumentingArtifactTransform
Transforming netty-buffer-4.1.93.Final.jar (io.netty:netty-buffer:4.1.93.Final) with ExternalDependencyInstrumentingArtifactTransform
Transforming netty-resolver-4.1.93.Final.jar (io.netty:netty-resolver:4.1.93.Final) with ExternalDependencyInstrumentingArtifactTransform
Transforming netty-common-4.1.93.Final.jar (io.netty:netty-common:4.1.93.Final) with ExternalDependencyInstrumentingArtifactTransform

> Configure project :app
Evaluating project ':app' using build file 'C:\Users\vivet\AndroidStudioProjects\ShoesTapApp\app\build.gradle.kts'.
Transforming kotlin-serialization-1.8.0-gradle76.jar (org.jetbrains.kotlin:kotlin-serialization:1.8.0) with ExternalDependencyInstrumentingArtifactTransform
Transforming kotlin-gradle-plugin-api-1.8.0-gradle76.jar (org.jetbrains.kotlin:kotlin-gradle-plugin-api:1.8.0) with ExternalDependencyInstrumentingArtifactTransform
Transforming kotlin-native-utils-1.8.0.jar (org.jetbrains.kotlin:kotlin-native-utils:1.8.0) with ExternalDependencyInstrumentingArtifactTransform
Transforming kotlin-project-model-1.8.0.jar (org.jetbrains.kotlin:kotlin-project-model:1.8.0) with ExternalDependencyInstrumentingArtifactTransform
Transforming kotlin-tooling-core-1.8.0.jar (org.jetbrains.kotlin:kotlin-tooling-core:1.8.0) with ExternalDependencyInstrumentingArtifactTransform
Transforming kotlin-util-io-1.8.0.jar (org.jetbrains.kotlin:kotlin-util-io:1.8.0) with ExternalDependencyInstrumentingArtifactTransform
Using default execution profile
Using Kotlin Gradle Plugin gradle81 variant
The org.gradle.api.plugins.Convention type has been deprecated. This is scheduled to be removed in Gradle 9.0. Consult the upgrading guide for further information: https://docs.gradle.org/8.7/userguide/upgrading_version_8.html#deprecated_access_to_conventions
	at org.gradle.internal.extensibility.DefaultConvention.logConventionDeprecation(DefaultConvention.java:392)
	at org.gradle.internal.extensibility.DefaultConvention.getPlugins(DefaultConvention.java:67)
	at org.jetbrains.kotlin.gradle.plugin.internal.CompatibilityConventionRegistrarG81.addConvention(CompatibilityConventionRegistrarG81.kt:14)
	at org.jetbrains.kotlin.gradle.plugin.sources.android.configurator.GradleConventionAddKotlinSourcesToAndroidSourceSetConfigurator.configure(GradleConventionAddKotlinSourcesToAndroidSourceSetConfigurator.kt:20)
	at org.jetbrains.kotlin.gradle.plugin.sources.android.configurator.CompositeKotlinAndroidSourceSetConfigurator.configure(KotlinAndroidSourceSetConfigurator.kt:68)
	at org.jetbrains.kotlin.gradle.plugin.sources.android.KotlinAndroidSourceSetFactory.getOrCreateConfiguredKotlinSourceSet(KotlinAndroidSourceSetFactory.kt:29)
	at org.jetbrains.kotlin.gradle.plugin.sources.android.KotlinAndroidSourceSets$applyKotlinAndroidSourceSetLayout$2.invoke(KotlinAndroidSourceSets.kt:45)
	at org.jetbrains.kotlin.gradle.plugin.sources.android.KotlinAndroidSourceSets$applyKotlinAndroidSourceSetLayout$2.invoke(KotlinAndroidSourceSets.kt:39)
	at org.jetbrains.kotlin.gradle.plugin.sources.android.KotlinAndroidSourceSets$sam$org_gradle_api_Action$0.execute(KotlinAndroidSourceSets.kt)
	at org.gradle.internal.code.DefaultUserCodeApplicationContext$CurrentApplication$1.execute(DefaultUserCodeApplicationContext.java:122)
	at org.gradle.api.internal.DefaultCollectionCallbackActionDecorator$BuildOperationEmittingAction$1.run(DefaultCollectionCallbackActionDecorator.java:110)
	at org.gradle.internal.operations.DefaultBuildOperationRunner$1.execute(DefaultBuildOperationRunner.java:29)
	at org.gradle.internal.operations.DefaultBuildOperationRunner$1.execute(DefaultBuildOperationRunner.java:26)
	at org.gradle.internal.operations.DefaultBuildOperationRunner$2.execute(DefaultBuildOperationRunner.java:66)
	at org.gradle.internal.operations.DefaultBuildOperationRunner$2.execute(DefaultBuildOperationRunner.java:59)
	at org.gradle.internal.operations.DefaultBuildOperationRunner.execute(DefaultBuildOperationRunner.java:157)
	at org.gradle.internal.operations.DefaultBuildOperationRunner.execute(DefaultBuildOperationRunner.java:59)
	at org.gradle.internal.operations.DefaultBuildOperationRunner.run(DefaultBuildOperationRunner.java:47)
	at org.gradle.internal.operations.DefaultBuildOperationExecutor.run(DefaultBuildOperationExecutor.java:68)
	at org.gradle.api.internal.DefaultCollectionCallbackActionDecorator$BuildOperationEmittingAction.execute(DefaultCollectionCallbackActionDecorator.java:107)
	at org.gradle.api.internal.DefaultDomainObjectCollection.all(DefaultDomainObjectCollection.java:161)
	at org.jetbrains.kotlin.gradle.plugin.sources.android.KotlinAndroidSourceSets.applyKotlinAndroidSourceSetLayout(KotlinAndroidSourceSets.kt:39)
	at org.jetbrains.kotlin.gradle.plugin.sources.android.KotlinAndroidSourceSets.applyKotlinAndroidSourceSetLayout$default(KotlinAndroidSourceSets.kt:20)
	at org.jetbrains.kotlin.gradle.plugin.AndroidProjectHandler.configureTarget(AndroidProjectHandler.kt:60)
	at org.jetbrains.kotlin.gradle.plugin.KotlinAndroidPlugin$Companion$dynamicallyApplyWhenAndroidPluginIsApplied$2$1.invoke(KotlinAndroidPlugin.kt:92)
	at org.jetbrains.kotlin.gradle.plugin.KotlinAndroidPlugin$Companion$dynamicallyApplyWhenAndroidPluginIsApplied$2$1.invoke(KotlinAndroidPlugin.kt:89)
	at org.jetbrains.kotlin.gradle.plugin.KotlinAndroidPlugin$sam$org_gradle_api_Action$0.execute(KotlinAndroidPlugin.kt)
	at org.gradle.internal.code.DefaultUserCodeApplicationContext$CurrentApplication$1.execute(DefaultUserCodeApplicationContext.java:122)
	at org.gradle.api.internal.DefaultCollectionCallbackActionDecorator$BuildOperationEmittingAction$1.run(DefaultCollectionCallbackActionDecorator.java:110)
	at org.gradle.internal.operations.DefaultBuildOperationRunner$1.execute(DefaultBuildOperationRunner.java:29)
	at org.gradle.internal.operations.DefaultBuildOperationRunner$1.execute(DefaultBuildOperationRunner.java:26)
	at org.gradle.internal.operations.DefaultBuildOperationRunner$2.execute(DefaultBuildOperationRunner.java:66)
	at org.gradle.internal.operations.DefaultBuildOperationRunner$2.execute(DefaultBuildOperationRunner.java:59)
	at org.gradle.internal.operations.DefaultBuildOperationRunner.execute(DefaultBuildOperationRunner.java:157)
	at org.gradle.internal.operations.DefaultBuildOperationRunner.execute(DefaultBuildOperationRunner.java:59)
	at org.gradle.internal.operations.DefaultBuildOperationRunner.run(DefaultBuildOperationRunner.java:47)
	at org.gradle.internal.operations.DefaultBuildOperationExecutor.run(DefaultBuildOperationExecutor.java:68)
	at org.gradle.api.internal.DefaultCollectionCallbackActionDecorator$BuildOperationEmittingAction.execute(DefaultCollectionCallbackActionDecorator.java:107)
	at org.gradle.api.internal.collections.CollectionFilter$1.execute(CollectionFilter.java:62)
	at org.gradle.api.internal.DefaultDomainObjectCollection.all(DefaultDomainObjectCollection.java:161)
	at org.gradle.api.internal.plugins.DefaultPluginContainer$2.execute(DefaultPluginContainer.java:163)
	at org.gradle.api.internal.plugins.DefaultPluginContainer$2.execute(DefaultPluginContainer.java:154)
	at org.gradle.internal.code.DefaultUserCodeApplicationContext$CurrentApplication$1.execute(DefaultUserCodeApplicationContext.java:122)
	at org.gradle.api.internal.DefaultCollectionCallbackActionDecorator$BuildOperationEmittingAction$1.run(DefaultCollectionCallbackActionDecorator.java:110)
	at org.gradle.internal.operations.DefaultBuildOperationRunner$1.execute(DefaultBuildOperationRunner.java:29)
	at org.gradle.internal.operations.DefaultBuildOperationRunner$1.execute(DefaultBuildOperationRunner.java:26)
	at org.gradle.internal.operations.DefaultBuildOperationRunner$2.execute(DefaultBuildOperationRunner.java:66)
	at org.gradle.internal.operations.DefaultBuildOperationRunner$2.execute(DefaultBuildOperationRunner.java:59)
	at org.gradle.internal.operations.DefaultBuildOperationRunner.execute(DefaultBuildOperationRunner.java:157)
	at org.gradle.internal.operations.DefaultBuildOperationRunner.execute(DefaultBuildOperationRunner.java:59)
	at org.gradle.internal.operations.DefaultBuildOperationRunner.run(DefaultBuildOperationRunner.java:47)
	at org.gradle.internal.operations.DefaultBuildOperationExecutor.run(DefaultBuildOperationExecutor.java:68)
	at org.gradle.api.internal.DefaultCollectionCallbackActionDecorator$BuildOperationEmittingAction.execute(DefaultCollectionCallbackActionDecorator.java:107)
	at org.gradle.api.internal.DefaultDomainObjectCollection.all(DefaultDomainObjectCollection.java:161)
	at org.gradle.api.internal.plugins.DefaultPluginContainer.withId(DefaultPluginContainer.java:167)
	at org.jetbrains.kotlin.gradle.plugin.KotlinAndroidPlugin$Companion.dynamicallyApplyWhenAndroidPluginIsApplied$kotlin_gradle_plugin_common(KotlinAndroidPlugin.kt:89)
	at org.jetbrains.kotlin.gradle.plugin.KotlinAndroidPlugin.apply(KotlinAndroidPlugin.kt:33)
	at org.jetbrains.kotlin.gradle.plugin.KotlinAndroidPlugin.apply(KotlinAndroidPlugin.kt:26)
	at org.jetbrains.kotlin.gradle.plugin.KotlinBasePluginWrapper.apply(KotlinPluginWrapper.kt:257)
	at org.jetbrains.kotlin.gradle.plugin.KotlinAndroidPluginWrapper.apply(PluginWrappers.kt:52)
	at org.jetbrains.kotlin.gradle.plugin.KotlinAndroidPluginWrapper.apply(PluginWrappers.kt:44)
	at org.gradle.api.internal.plugins.ImperativeOnlyPluginTarget.applyImperative(ImperativeOnlyPluginTarget.java:43)
	at org.gradle.api.internal.plugins.RuleBasedPluginTarget.applyImperative(RuleBasedPluginTarget.java:51)
	at org.gradle.api.internal.plugins.DefaultPluginManager.addPlugin(DefaultPluginManager.java:190)
	at org.gradle.api.internal.plugins.DefaultPluginManager.access$100(DefaultPluginManager.java:54)
	at org.gradle.api.internal.plugins.DefaultPluginManager$AddPluginBuildOperation.run(DefaultPluginManager.java:285)
	at org.gradle.internal.operations.DefaultBuildOperationRunner$1.execute(DefaultBuildOperationRunner.java:29)
	at org.gradle.internal.operations.DefaultBuildOperationRunner$1.execute(DefaultBuildOperationRunner.java:26)
	at org.gradle.internal.operations.DefaultBuildOperationRunner$2.execute(DefaultBuildOperationRunner.java:66)
	at org.gradle.internal.operations.DefaultBuildOperationRunner$2.execute(DefaultBuildOperationRunner.java:59)
	at org.gradle.internal.operations.DefaultBuildOperationRunner.execute(DefaultBuildOperationRunner.java:157)
	at org.gradle.internal.operations.DefaultBuildOperationRunner.execute(DefaultBuildOperationRunner.java:59)
	at org.gradle.internal.operations.DefaultBuildOperationRunner.run(DefaultBuildOperationRunner.java:47)
	at org.gradle.internal.operations.DefaultBuildOperationExecutor.run(DefaultBuildOperationExecutor.java:68)
	at org.gradle.api.internal.plugins.DefaultPluginManager.lambda$doApply$0(DefaultPluginManager.java:170)
	at org.gradle.internal.code.DefaultUserCodeApplicationContext.apply(DefaultUserCodeApplicationContext.java:43)
	at org.gradle.api.internal.plugins.DefaultPluginManager.doApply(DefaultPluginManager.java:169)
	at org.gradle.api.internal.plugins.DefaultPluginManager.apply(DefaultPluginManager.java:139)
	at org.gradle.plugin.use.resolve.internal.ClassPathPluginResolution.applyTo(ClassPathPluginResolution.java:50)
	at org.gradle.plugin.use.internal.DefaultPluginRequestApplicator$ApplyAction.apply(DefaultPluginRequestApplicator.java:156)
	at org.gradle.plugin.use.internal.DefaultPluginRequestApplicator.lambda$applyPlugins$1(DefaultPluginRequestApplicator.java:130)
	at java.base/java.util.ArrayList.forEach(ArrayList.java:1596)
	at org.gradle.plugin.use.internal.DefaultPluginRequestApplicator.applyPlugins(DefaultPluginRequestApplicator.java:130)
	at org.gradle.kotlin.dsl.provider.PluginRequestsHandler.handle(PluginRequestsHandler.kt:45)
	at org.gradle.kotlin.dsl.provider.StandardKotlinScriptEvaluator$InterpreterHost.applyPluginsTo(KotlinScriptEvaluator.kt:212)
	at Program.execute(Unknown Source)
	at org.gradle.kotlin.dsl.provider.StandardKotlinScriptEvaluator.evaluate(KotlinScriptEvaluator.kt:118)
	at org.gradle.kotlin.dsl.provider.KotlinScriptPluginFactory$create$1.invoke(KotlinScriptPluginFactory.kt:51)
	at org.gradle.kotlin.dsl.provider.KotlinScriptPluginFactory$create$1.invoke(KotlinScriptPluginFactory.kt:48)
	at org.gradle.kotlin.dsl.provider.KotlinScriptPlugin.apply(KotlinScriptPlugin.kt:35)
	at org.gradle.configuration.BuildOperationScriptPlugin$1.run(BuildOperationScriptPlugin.java:68)
	at org.gradle.internal.operations.DefaultBuildOperationRunner$1.execute(DefaultBuildOperationRunner.java:29)
	at org.gradle.internal.operations.DefaultBuildOperationRunner$1.execute(DefaultBuildOperationRunner.java:26)
	at org.gradle.internal.operations.DefaultBuildOperationRunner$2.execute(DefaultBuildOperationRunner.java:66)
	at org.gradle.internal.operations.DefaultBuildOperationRunner$2.execute(DefaultBuildOperationRunner.java:59)
	at org.gradle.internal.operations.DefaultBuildOperationRunner.execute(DefaultBuildOperationRunner.java:157)
	at org.gradle.internal.operations.DefaultBuildOperationRunner.execute(DefaultBuildOperationRunner.java:59)
	at org.gradle.internal.operations.DefaultBuildOperationRunner.run(DefaultBuildOperationRunner.java:47)
	at org.gradle.internal.operations.DefaultBuildOperationExecutor.run(DefaultBuildOperationExecutor.java:68)
	at org.gradle.configuration.BuildOperationScriptPlugin.lambda$apply$0(BuildOperationScriptPlugin.java:65)
	at org.gradle.internal.code.DefaultUserCodeApplicationContext.apply(DefaultUserCodeApplicationContext.java:43)
	at org.gradle.configuration.BuildOperationScriptPlugin.apply(BuildOperationScriptPlugin.java:65)
	at org.gradle.api.internal.project.DefaultProjectStateRegistry$ProjectStateImpl.lambda$applyToMutableState$1(DefaultProjectStateRegistry.java:407)
	at org.gradle.api.internal.project.DefaultProjectStateRegistry$ProjectStateImpl.fromMutableState(DefaultProjectStateRegistry.java:425)
	at org.gradle.api.internal.project.DefaultProjectStateRegistry$ProjectStateImpl.applyToMutableState(DefaultProjectStateRegistry.java:406)
	at org.gradle.configuration.project.BuildScriptProcessor.execute(BuildScriptProcessor.java:46)
	at org.gradle.configuration.project.BuildScriptProcessor.execute(BuildScriptProcessor.java:27)
	at org.gradle.configuration.project.ConfigureActionsProjectEvaluator.evaluate(ConfigureActionsProjectEvaluator.java:35)
	at org.gradle.configuration.project.LifecycleProjectEvaluator$EvaluateProject.lambda$run$0(LifecycleProjectEvaluator.java:109)
	at org.gradle.api.internal.project.DefaultProjectStateRegistry$ProjectStateImpl.lambda$applyToMutableState$1(DefaultProjectStateRegistry.java:407)
	at org.gradle.api.internal.project.DefaultProjectStateRegistry$ProjectStateImpl.lambda$fromMutableState$2(DefaultProjectStateRegistry.java:430)
	at org.gradle.internal.work.DefaultWorkerLeaseService.withReplacedLocks(DefaultWorkerLeaseService.java:360)
	at org.gradle.api.internal.project.DefaultProjectStateRegistry$ProjectStateImpl.fromMutableState(DefaultProjectStateRegistry.java:430)
	at org.gradle.api.internal.project.DefaultProjectStateRegistry$ProjectStateImpl.applyToMutableState(DefaultProjectStateRegistry.java:406)
	at org.gradle.configuration.project.LifecycleProjectEvaluator$EvaluateProject.run(LifecycleProjectEvaluator.java:100)
	at org.gradle.internal.operations.DefaultBuildOperationRunner$1.execute(DefaultBuildOperationRunner.java:29)
	at org.gradle.internal.operations.DefaultBuildOperationRunner$1.execute(DefaultBuildOperationRunner.java:26)
	at org.gradle.internal.operations.DefaultBuildOperationRunner$2.execute(DefaultBuildOperationRunner.java:66)
	at org.gradle.internal.operations.DefaultBuildOperationRunner$2.execute(DefaultBuildOperationRunner.java:59)
	at org.gradle.internal.operations.DefaultBuildOperationRunner.execute(DefaultBuildOperationRunner.java:157)
	at org.gradle.internal.operations.DefaultBuildOperationRunner.execute(DefaultBuildOperationRunner.java:59)
	at org.gradle.internal.operations.DefaultBuildOperationRunner.run(DefaultBuildOperationRunner.java:47)
	at org.gradle.internal.operations.DefaultBuildOperationExecutor.run(DefaultBuildOperationExecutor.java:68)
	at org.gradle.configuration.project.LifecycleProjectEvaluator.evaluate(LifecycleProjectEvaluator.java:72)
	at org.gradle.api.internal.project.DefaultProject.evaluate(DefaultProject.java:785)
	at org.gradle.api.internal.project.DefaultProject.evaluate(DefaultProject.java:155)
	at org.gradle.api.internal.project.ProjectLifecycleController.lambda$ensureSelfConfigured$2(ProjectLifecycleController.java:84)
	at org.gradle.internal.model.StateTransitionController.lambda$doTransition$14(StateTransitionController.java:255)
	at org.gradle.internal.model.StateTransitionController.doTransition(StateTransitionController.java:266)
	at org.gradle.internal.model.StateTransitionController.doTransition(StateTransitionController.java:254)
	at org.gradle.internal.model.StateTransitionController.lambda$maybeTransitionIfNotCurrentlyTransitioning$10(StateTransitionController.java:199)
	at org.gradle.internal.work.DefaultSynchronizer.withLock(DefaultSynchronizer.java:34)
	at org.gradle.internal.model.StateTransitionController.maybeTransitionIfNotCurrentlyTransitioning(StateTransitionController.java:195)
	at org.gradle.api.internal.project.ProjectLifecycleController.ensureSelfConfigured(ProjectLifecycleController.java:84)
	at org.gradle.api.internal.project.DefaultProjectStateRegistry$ProjectStateImpl.ensureConfigured(DefaultProjectStateRegistry.java:381)
	at org.gradle.execution.TaskPathProjectEvaluator.configure(TaskPathProjectEvaluator.java:34)
	at org.gradle.execution.TaskPathProjectEvaluator.configureHierarchy(TaskPathProjectEvaluator.java:50)
	at org.gradle.configuration.DefaultProjectsPreparer.prepareProjects(DefaultProjectsPreparer.java:42)
	at org.gradle.configuration.BuildTreePreparingProjectsPreparer.prepareProjects(BuildTreePreparingProjectsPreparer.java:65)
	at org.gradle.configuration.BuildOperationFiringProjectsPreparer$ConfigureBuild.run(BuildOperationFiringProjectsPreparer.java:52)
	at org.gradle.internal.operations.DefaultBuildOperationRunner$1.execute(DefaultBuildOperationRunner.java:29)
	at org.gradle.internal.operations.DefaultBuildOperationRunner$1.execute(DefaultBuildOperationRunner.java:26)
	at org.gradle.internal.operations.DefaultBuildOperationRunner$2.execute(DefaultBuildOperationRunner.java:66)
	at org.gradle.internal.operations.DefaultBuildOperationRunner$2.execute(DefaultBuildOperationRunner.java:59)
	at org.gradle.internal.operations.DefaultBuildOperationRunner.execute(DefaultBuildOperationRunner.java:157)
	at org.gradle.internal.operations.DefaultBuildOperationRunner.execute(DefaultBuildOperationRunner.java:59)
	at org.gradle.internal.operations.DefaultBuildOperationRunner.run(DefaultBuildOperationRunner.java:47)
	at org.gradle.internal.operations.DefaultBuildOperationExecutor.run(DefaultBuildOperationExecutor.java:68)
	at org.gradle.configuration.BuildOperationFiringProjectsPreparer.prepareProjects(BuildOperationFiringProjectsPreparer.java:40)
	at org.gradle.initialization.VintageBuildModelController.lambda$prepareProjects$2(VintageBuildModelController.java:84)
	at org.gradle.internal.model.StateTransitionController.lambda$doTransition$14(StateTransitionController.java:255)
	at org.gradle.internal.model.StateTransitionController.doTransition(StateTransitionController.java:266)
	at org.gradle.internal.model.StateTransitionController.doTransition(StateTransitionController.java:254)
	at org.gradle.internal.model.StateTransitionController.lambda$transitionIfNotPreviously$11(StateTransitionController.java:213)
	at org.gradle.internal.work.DefaultSynchronizer.withLock(DefaultSynchronizer.java:34)
	at org.gradle.internal.model.StateTransitionController.transitionIfNotPreviously(StateTransitionController.java:209)
	at org.gradle.initialization.VintageBuildModelController.prepareProjects(VintageBuildModelController.java:84)
	at org.gradle.initialization.VintageBuildModelController.prepareToScheduleTasks(VintageBuildModelController.java:71)
	at org.gradle.internal.build.DefaultBuildLifecycleController.lambda$prepareToScheduleTasks$6(DefaultBuildLifecycleController.java:175)
	at org.gradle.internal.model.StateTransitionController.lambda$doTransition$14(StateTransitionController.java:255)
	at org.gradle.internal.model.StateTransitionController.doTransition(StateTransitionController.java:266)
	at org.gradle.internal.model.StateTransitionController.doTransition(StateTransitionController.java:254)
	at org.gradle.internal.model.StateTransitionController.lambda$maybeTransition$9(StateTransitionController.java:190)
	at org.gradle.internal.work.DefaultSynchronizer.withLock(DefaultSynchronizer.java:34)
	at org.gradle.internal.model.StateTransitionController.maybeTransition(StateTransitionController.java:186)
	at org.gradle.internal.build.DefaultBuildLifecycleController.prepareToScheduleTasks(DefaultBuildLifecycleController.java:173)
	at org.gradle.internal.buildtree.DefaultBuildTreeWorkPreparer.scheduleRequestedTasks(DefaultBuildTreeWorkPreparer.java:36)
	at org.gradle.configurationcache.VintageBuildTreeWorkController$scheduleAndRunRequestedTasks$1.apply(VintageBuildTreeWorkController.kt:36)
	at org.gradle.configurationcache.VintageBuildTreeWorkController$scheduleAndRunRequestedTasks$1.apply(VintageBuildTreeWorkController.kt:35)
	at org.gradle.composite.internal.DefaultIncludedBuildTaskGraph.withNewWorkGraph(DefaultIncludedBuildTaskGraph.java:112)
	at org.gradle.configurationcache.VintageBuildTreeWorkController.scheduleAndRunRequestedTasks(VintageBuildTreeWorkController.kt:35)
	at org.gradle.internal.buildtree.DefaultBuildTreeLifecycleController.lambda$scheduleAndRunTasks$1(DefaultBuildTreeLifecycleController.java:77)
	at org.gradle.internal.buildtree.DefaultBuildTreeLifecycleController.lambda$runBuild$4(DefaultBuildTreeLifecycleController.java:120)
	at org.gradle.internal.model.StateTransitionController.lambda$transition$6(StateTransitionController.java:169)
	at org.gradle.internal.model.StateTransitionController.doTransition(StateTransitionController.java:266)
	at org.gradle.internal.model.StateTransitionController.lambda$transition$7(StateTransitionController.java:169)
	at org.gradle.internal.work.DefaultSynchronizer.withLock(DefaultSynchronizer.java:44)
	at org.gradle.internal.model.StateTransitionController.transition(StateTransitionController.java:169)
	at org.gradle.internal.buildtree.DefaultBuildTreeLifecycleController.runBuild(DefaultBuildTreeLifecycleController.java:117)
	at org.gradle.internal.buildtree.DefaultBuildTreeLifecycleController.scheduleAndRunTasks(DefaultBuildTreeLifecycleController.java:77)
	at org.gradle.internal.buildtree.DefaultBuildTreeLifecycleController.scheduleAndRunTasks(DefaultBuildTreeLifecycleController.java:72)
	at org.gradle.tooling.internal.provider.ExecuteBuildActionRunner.run(ExecuteBuildActionRunner.java:31)
	at org.gradle.launcher.exec.ChainingBuildActionRunner.run(ChainingBuildActionRunner.java:35)
	at org.gradle.internal.buildtree.ProblemReportingBuildActionRunner.run(ProblemReportingBuildActionRunner.java:49)
	at org.gradle.launcher.exec.BuildOutcomeReportingBuildActionRunner.run(BuildOutcomeReportingBuildActionRunner.java:65)
	at org.gradle.tooling.internal.provider.FileSystemWatchingBuildActionRunner.run(FileSystemWatchingBuildActionRunner.java:140)
	at org.gradle.launcher.exec.BuildCompletionNotifyingBuildActionRunner.run(BuildCompletionNotifyingBuildActionRunner.java:41)
	at org.gradle.launcher.exec.RootBuildLifecycleBuildActionExecutor.lambda$execute$0(RootBuildLifecycleBuildActionExecutor.java:40)
	at org.gradle.composite.internal.DefaultRootBuildState.run(DefaultRootBuildState.java:123)
	at org.gradle.launcher.exec.RootBuildLifecycleBuildActionExecutor.execute(RootBuildLifecycleBuildActionExecutor.java:40)
	at org.gradle.internal.buildtree.InitDeprecationLoggingActionExecutor.execute(InitDeprecationLoggingActionExecutor.java:66)
	at org.gradle.internal.buildtree.InitProblems.execute(InitProblems.java:36)
	at org.gradle.internal.buildtree.DefaultBuildTreeContext.execute(DefaultBuildTreeContext.java:40)
	at org.gradle.launcher.exec.BuildTreeLifecycleBuildActionExecutor.lambda$execute$0(BuildTreeLifecycleBuildActionExecutor.java:71)
	at org.gradle.internal.buildtree.BuildTreeState.run(BuildTreeState.java:60)
	at org.gradle.launcher.exec.BuildTreeLifecycleBuildActionExecutor.execute(BuildTreeLifecycleBuildActionExecutor.java:71)
	at org.gradle.launcher.exec.RunAsBuildOperationBuildActionExecutor$3.call(RunAsBuildOperationBuildActionExecutor.java:61)
	at org.gradle.launcher.exec.RunAsBuildOperationBuildActionExecutor$3.call(RunAsBuildOperationBuildActionExecutor.java:57)
	at org.gradle.internal.operations.DefaultBuildOperationRunner$CallableBuildOperationWorker.execute(DefaultBuildOperationRunner.java:200)
	at org.gradle.internal.operations.DefaultBuildOperationRunner$CallableBuildOperationWorker.execute(DefaultBuildOperationRunner.java:195)
	at org.gradle.internal.operations.DefaultBuildOperationRunner$2.execute(DefaultBuildOperationRunner.java:66)
	at org.gradle.internal.operations.DefaultBuildOperationRunner$2.execute(DefaultBuildOperationRunner.java:59)
	at org.gradle.internal.operations.DefaultBuildOperationRunner.execute(DefaultBuildOperationRunner.java:157)
	at org.gradle.internal.operations.DefaultBuildOperationRunner.execute(DefaultBuildOperationRunner.java:59)
	at org.gradle.internal.operations.DefaultBuildOperationRunner.call(DefaultBuildOperationRunner.java:53)
	at org.gradle.internal.operations.DefaultBuildOperationExecutor.call(DefaultBuildOperationExecutor.java:73)
	at org.gradle.launcher.exec.RunAsBuildOperationBuildActionExecutor.execute(RunAsBuildOperationBuildActionExecutor.java:57)
	at org.gradle.launcher.exec.RunAsWorkerThreadBuildActionExecutor.lambda$execute$0(RunAsWorkerThreadBuildActionExecutor.java:36)
	at org.gradle.internal.work.DefaultWorkerLeaseService.withLocks(DefaultWorkerLeaseService.java:264)
	at org.gradle.internal.work.DefaultWorkerLeaseService.runAsWorkerThread(DefaultWorkerLeaseService.java:128)
	at org.gradle.launcher.exec.RunAsWorkerThreadBuildActionExecutor.execute(RunAsWorkerThreadBuildActionExecutor.java:36)
	at org.gradle.tooling.internal.provider.continuous.ContinuousBuildActionExecutor.execute(ContinuousBuildActionExecutor.java:110)
	at org.gradle.tooling.internal.provider.SubscribableBuildActionExecutor.execute(SubscribableBuildActionExecutor.java:64)
	at org.gradle.internal.session.DefaultBuildSessionContext.execute(DefaultBuildSessionContext.java:46)
	at org.gradle.tooling.internal.provider.BuildSessionLifecycleBuildActionExecuter$ActionImpl.apply(BuildSessionLifecycleBuildActionExecuter.java:92)
	at org.gradle.tooling.internal.provider.BuildSessionLifecycleBuildActionExecuter$ActionImpl.apply(BuildSessionLifecycleBuildActionExecuter.java:80)
	at org.gradle.internal.session.BuildSessionState.run(BuildSessionState.java:71)
	at org.gradle.tooling.internal.provider.BuildSessionLifecycleBuildActionExecuter.execute(BuildSessionLifecycleBuildActionExecuter.java:62)
	at org.gradle.tooling.internal.provider.BuildSessionLifecycleBuildActionExecuter.execute(BuildSessionLifecycleBuildActionExecuter.java:41)
	at org.gradle.tooling.internal.provider.StartParamsValidatingActionExecuter.execute(StartParamsValidatingActionExecuter.java:64)
	at org.gradle.tooling.internal.provider.StartParamsValidatingActionExecuter.execute(StartParamsValidatingActionExecuter.java:32)
	at org.gradle.tooling.internal.provider.SessionFailureReportingActionExecuter.execute(SessionFailureReportingActionExecuter.java:51)
	at org.gradle.tooling.internal.provider.SessionFailureReportingActionExecuter.execute(SessionFailureReportingActionExecuter.java:39)
	at org.gradle.tooling.internal.provider.SetupLoggingActionExecuter.execute(SetupLoggingActionExecuter.java:47)
	at org.gradle.tooling.internal.provider.SetupLoggingActionExecuter.execute(SetupLoggingActionExecuter.java:31)
	at org.gradle.launcher.daemon.server.exec.ExecuteBuild.doBuild(ExecuteBuild.java:65)
	at org.gradle.launcher.daemon.server.exec.BuildCommandOnly.execute(BuildCommandOnly.java:37)
	at org.gradle.launcher.daemon.server.api.DaemonCommandExecution.proceed(DaemonCommandExecution.java:104)
	at org.gradle.launcher.daemon.server.exec.WatchForDisconnection.execute(WatchForDisconnection.java:39)
	at org.gradle.launcher.daemon.server.api.DaemonCommandExecution.proceed(DaemonCommandExecution.java:104)
	at org.gradle.launcher.daemon.server.exec.ResetDeprecationLogger.execute(ResetDeprecationLogger.java:29)
	at org.gradle.launcher.daemon.server.api.DaemonCommandExecution.proceed(DaemonCommandExecution.java:104)
	at org.gradle.launcher.daemon.server.exec.RequestStopIfSingleUsedDaemon.execute(RequestStopIfSingleUsedDaemon.java:35)
	at org.gradle.launcher.daemon.server.api.DaemonCommandExecution.proceed(DaemonCommandExecution.java:104)
	at org.gradle.launcher.daemon.server.exec.ForwardClientInput$2.create(ForwardClientInput.java:78)
	at org.gradle.launcher.daemon.server.exec.ForwardClientInput$2.create(ForwardClientInput.java:75)
	at org.gradle.util.internal.Swapper.swap(Swapper.java:38)
	at org.gradle.launcher.daemon.server.exec.ForwardClientInput.execute(ForwardClientInput.java:75)
	at org.gradle.launcher.daemon.server.api.DaemonCommandExecution.proceed(DaemonCommandExecution.java:104)
	at org.gradle.launcher.daemon.server.exec.LogAndCheckHealth.execute(LogAndCheckHealth.java:64)
	at org.gradle.launcher.daemon.server.api.DaemonCommandExecution.proceed(DaemonCommandExecution.java:104)
	at org.gradle.launcher.daemon.server.exec.LogToClient.doBuild(LogToClient.java:63)
	at org.gradle.launcher.daemon.server.exec.BuildCommandOnly.execute(BuildCommandOnly.java:37)
	at org.gradle.launcher.daemon.server.api.DaemonCommandExecution.proceed(DaemonCommandExecution.java:104)
	at org.gradle.launcher.daemon.server.exec.EstablishBuildEnvironment.doBuild(EstablishBuildEnvironment.java:84)
	at org.gradle.launcher.daemon.server.exec.BuildCommandOnly.execute(BuildCommandOnly.java:37)
	at org.gradle.launcher.daemon.server.api.DaemonCommandExecution.proceed(DaemonCommandExecution.java:104)
	at org.gradle.launcher.daemon.server.exec.StartBuildOrRespondWithBusy$1.run(StartBuildOrRespondWithBusy.java:52)
	at org.gradle.launcher.daemon.server.DaemonStateCoordinator$1.run(DaemonStateCoordinator.java:297)
	at org.gradle.internal.concurrent.ExecutorPolicy$CatchAndRecordFailures.onExecute(ExecutorPolicy.java:64)
	at org.gradle.internal.concurrent.AbstractManagedExecutor$1.run(AbstractManagedExecutor.java:47)
	at java.base/java.util.concurrent.ThreadPoolExecutor.runWorker(ThreadPoolExecutor.java:1144)
	at java.base/java.util.concurrent.ThreadPoolExecutor$Worker.run(ThreadPoolExecutor.java:642)
	at java.base/java.lang.Thread.run(Thread.java:1583)
All projects evaluated.
Task name matched 'build'
Selected primary task 'build' from project :
Tasks to be executed: [task ':app:preBuild', task ':app:preDebugBuild', task ':app:mergeDebugNativeDebugMetadata', task ':app:checkDebugAarMetadata', task ':app:generateDebugResValues', task ':app:mapDebugSourceSetPaths', task ':app:generateDebugResources', task ':app:mergeDebugResources', task ':app:packageDebugResources', task ':app:parseDebugLocalResources', task ':app:createDebugCompatibleScreenManifests', task ':app:extractDeepLinksDebug', task ':app:processDebugMainManifest', task ':app:processDebugManifest', task ':app:processDebugManifestForPackage', task ':app:processDebugResources', task ':app:kaptGenerateStubsDebugKotlin', task ':app:kaptDebugKotlin', task ':app:compileDebugKotlin', task ':app:javaPreCompileDebug', task ':app:compileDebugJavaWithJavac', task ':app:mergeDebugShaders', task ':app:compileDebugShaders', task ':app:generateDebugAssets', task ':app:mergeDebugAssets', task ':app:compressDebugAssets', task ':app:hiltAggregateDepsDebug', task ':app:hiltJavaCompileDebug', task ':app:processDebugJavaRes', task ':app:mergeDebugJavaResource', task ':app:checkDebugDuplicateClasses', task ':app:desugarDebugFileDependencies', task ':app:mergeDebugStartupProfile', task ':app:mergeExtDexDebug', task ':app:mergeLibDexDebug', task ':app:transformDebugClassesWithAsm', task ':app:dexBuilderDebug', task ':app:mergeProjectDexDebug', task ':app:mergeDebugJniLibFolders', task ':app:mergeDebugNativeLibs', task ':app:stripDebugDebugSymbols', task ':app:validateSigningDebug', task ':app:writeDebugAppMetadata', task ':app:writeDebugSigningConfigVersions', task ':app:packageDebug', task ':app:createDebugApkListingFileRedirect', task ':app:assembleDebug', task ':app:buildKotlinToolingMetadata', task ':app:preReleaseBuild', task ':app:checkReleaseAarMetadata', task ':app:generateReleaseResValues', task ':app:mapReleaseSourceSetPaths', task ':app:generateReleaseResources', task ':app:mergeReleaseResources', task ':app:packageReleaseResources', task ':app:parseReleaseLocalResources', task ':app:createReleaseCompatibleScreenManifests', task ':app:extractDeepLinksRelease', task ':app:processReleaseMainManifest', task ':app:processReleaseManifest', task ':app:processReleaseManifestForPackage', task ':app:processReleaseResources', task ':app:kaptGenerateStubsReleaseKotlin', task ':app:kaptReleaseKotlin', task ':app:compileReleaseKotlin', task ':app:javaPreCompileRelease', task ':app:compileReleaseJavaWithJavac', task ':app:extractProguardFiles', task ':app:hiltAggregateDepsRelease', task ':app:hiltJavaCompileRelease', task ':app:generateReleaseLintVitalReportModel', task ':app:lintVitalAnalyzeRelease', task ':app:lintVitalReportRelease', task ':app:lintVitalRelease', task ':app:mergeReleaseJniLibFolders', task ':app:mergeReleaseNativeLibs', task ':app:stripReleaseDebugSymbols', task ':app:extractReleaseNativeSymbolTables', task ':app:mergeReleaseNativeDebugMetadata', task ':app:checkReleaseDuplicateClasses', task ':app:transformReleaseClassesWithAsm', task ':app:dexBuilderRelease', task ':app:desugarReleaseFileDependencies', task ':app:mergeReleaseStartupProfile', task ':app:mergeExtDexRelease', task ':app:mergeDexRelease', task ':app:mergeReleaseArtProfile', task ':app:mergeReleaseGlobalSynthetics', task ':app:compileReleaseArtProfile', task ':app:mergeReleaseShaders', task ':app:compileReleaseShaders', task ':app:generateReleaseAssets', task ':app:mergeReleaseAssets', task ':app:compressReleaseAssets', task ':app:extractReleaseVersionControlInfo', task ':app:processReleaseJavaRes', task ':app:mergeReleaseJavaResource', task ':app:optimizeReleaseResources', task ':app:collectReleaseDependencies', task ':app:sdkReleaseDependencyData', task ':app:writeReleaseAppMetadata', task ':app:writeReleaseSigningConfigVersions', task ':app:packageRelease', task ':app:createReleaseApkListingFileRedirect', task ':app:assembleRelease', task ':app:assemble', task ':app:bundleDebugClassesToCompileJar', task ':app:preDebugAndroidTestBuild', task ':app:generateDebugAndroidTestResValues', task ':app:generateDebugAndroidTestLintModel', task ':app:generateDebugLintReportModel', task ':app:preDebugUnitTestBuild', task ':app:generateDebugUnitTestLintModel', task ':app:lintAnalyzeDebug', task ':app:lintAnalyzeDebugAndroidTest', task ':app:lintAnalyzeDebugUnitTest', task ':app:lintReportDebug', task ':app:lintDebug', task ':app:lint', task ':app:bundleDebugClassesToRuntimeJar', task ':app:kaptGenerateStubsDebugUnitTestKotlin', task ':app:kaptDebugUnitTestKotlin', task ':app:compileDebugUnitTestKotlin', task ':app:javaPreCompileDebugUnitTest', task ':app:compileDebugUnitTestJavaWithJavac', task ':app:hiltAggregateDepsDebugUnitTest', task ':app:hiltJavaCompileDebugUnitTest', task ':app:processDebugUnitTestJavaRes', task ':app:transformDebugUnitTestClassesWithAsm', task ':app:testDebugUnitTest', task ':app:bundleReleaseClassesToRuntimeJar', task ':app:preReleaseUnitTestBuild', task ':app:bundleReleaseClassesToCompileJar', task ':app:kaptGenerateStubsReleaseUnitTestKotlin', task ':app:kaptReleaseUnitTestKotlin', task ':app:compileReleaseUnitTestKotlin', task ':app:javaPreCompileReleaseUnitTest', task ':app:compileReleaseUnitTestJavaWithJavac', task ':app:hiltAggregateDepsReleaseUnitTest', task ':app:hiltJavaCompileReleaseUnitTest', task ':app:processReleaseUnitTestJavaRes', task ':app:transformReleaseUnitTestClassesWithAsm', task ':app:testReleaseUnitTest', task ':app:test', task ':app:check', task ':app:build']
Tasks that were excluded: []
work action Parameters of IdentityTransform (Thread[#294,included builds,5,main]) started.
work action Parameters of CopyTransform (Thread[#294,included builds,5,main]) started.
work action Parameters of AggregatedPackagesTransform (Thread[#294,included builds,5,main]) started.
Resolve mutations for :app:preBuild (Thread[#294,included builds,5,main]) started.
:app:preBuild (Thread[#294,included builds,5,main]) started.

> Task :app:preBuild UP-TO-DATE
Skipping task ':app:preBuild' as it has no actions.
Resolve mutations for :app:preDebugBuild (Thread[#294,included builds,5,main]) started.
:app:preDebugBuild (Thread[#294,included builds,5,main]) started.

> Task :app:preDebugBuild UP-TO-DATE
Skipping task ':app:preDebugBuild' as it has no actions.
Resolve mutations for :app:mergeDebugNativeDebugMetadata (Thread[#294,included builds,5,main]) started.
:app:mergeDebugNativeDebugMetadata (Thread[#294,included builds,5,main]) started.

> Task :app:mergeDebugNativeDebugMetadata NO-SOURCE
Skipping task ':app:mergeDebugNativeDebugMetadata' as it has no source files and no previous output files.
Resolve mutations for :app:checkDebugAarMetadata (Thread[#294,included builds,5,main]) started.
:app:checkDebugAarMetadata (Thread[#294,included builds,5,main]) started.

> Task :app:checkDebugAarMetadata
Transforming compose-1.0.0-alpha.1.aar (com.github.bumptech.glide:compose:1.0.0-alpha.1) with ExtractAarTransform
Transforming compose-1.0.0-alpha.1.aar (com.github.bumptech.glide:compose:1.0.0-alpha.1) with AarTransform
Transforming hilt-navigation-compose-1.2.0.aar (androidx.hilt:hilt-navigation-compose:1.2.0) with ExtractAarTransform
Transforming hilt-navigation-compose-1.2.0.aar (androidx.hilt:hilt-navigation-compose:1.2.0) with AarTransform
Transforming ktx-1.0.0-alpha.1.aar (com.github.bumptech.glide:ktx:1.0.0-alpha.1) with ExtractAarTransform
Transforming ktx-1.0.0-alpha.1.aar (com.github.bumptech.glide:ktx:1.0.0-alpha.1) with AarTransform
Transforming hilt-navigation-1.2.0.aar (androidx.hilt:hilt-navigation:1.2.0) with ExtractAarTransform
Transforming hilt-navigation-1.2.0.aar (androidx.hilt:hilt-navigation:1.2.0) with AarTransform
Transforming navigation-common-2.8.1.aar (androidx.navigation:navigation-common:2.8.1) with ExtractAarTransform
Transforming navigation-common-2.8.1.aar (androidx.navigation:navigation-common:2.8.1) with AarTransform
Transforming navigation-runtime-2.8.1.aar (androidx.navigation:navigation-runtime:2.8.1) with ExtractAarTransform
Transforming navigation-runtime-2.8.1.aar (androidx.navigation:navigation-runtime:2.8.1) with AarTransform
Transforming navigation-common-ktx-2.8.1.aar (androidx.navigation:navigation-common-ktx:2.8.1) with ExtractAarTransform
Transforming navigation-common-ktx-2.8.1.aar (androidx.navigation:navigation-common-ktx:2.8.1) with AarTransform
Transforming navigation-runtime-ktx-2.8.1.aar (androidx.navigation:navigation-runtime-ktx:2.8.1) with ExtractAarTransform
Transforming navigation-runtime-ktx-2.8.1.aar (androidx.navigation:navigation-runtime-ktx:2.8.1) with AarTransform
Transforming navigation-compose-2.8.1.aar (androidx.navigation:navigation-compose:2.8.1) with ExtractAarTransform
Transforming navigation-compose-2.8.1.aar (androidx.navigation:navigation-compose:2.8.1) with AarTransform
Transforming coil-compose-2.2.2.aar (io.coil-kt:coil-compose:2.2.2) with ExtractAarTransform
Transforming coil-compose-2.2.2.aar (io.coil-kt:coil-compose:2.2.2) with AarTransform
Transforming coil-compose-base-2.2.2.aar (io.coil-kt:coil-compose-base:2.2.2) with ExtractAarTransform
Transforming coil-compose-base-2.2.2.aar (io.coil-kt:coil-compose-base:2.2.2) with AarTransform
Transforming hilt-android-2.51.1.aar (com.google.dagger:hilt-android:2.51.1) with ExtractAarTransform
Transforming hilt-android-2.51.1.aar (com.google.dagger:hilt-android:2.51.1) with AarTransform
Transforming recyclerview-integration-4.14.2.aar (com.github.bumptech.glide:recyclerview-integration:4.14.2) with ExtractAarTransform
Transforming recyclerview-integration-4.14.2.aar (com.github.bumptech.glide:recyclerview-integration:4.14.2) with AarTransform
Transforming glide-4.16.0.aar (com.github.bumptech.glide:glide:4.16.0) with ExtractAarTransform
Transforming glide-4.16.0.aar (com.github.bumptech.glide:glide:4.16.0) with AarTransform
Transforming fragment-1.5.1.aar (androidx.fragment:fragment:1.5.1) with ExtractAarTransform
Transforming fragment-1.5.1.aar (androidx.fragment:fragment:1.5.1) with AarTransform
Transforming material3-release.aar (androidx.compose.material3:material3-android:1.2.1) with ExtractAarTransform
Transforming material3-release.aar (androidx.compose.material3:material3-android:1.2.1) with AarTransform
Transforming foundation-layout-release.aar (androidx.compose.foundation:foundation-layout-android:1.7.2) with ExtractAarTransform
Transforming foundation-layout-release.aar (androidx.compose.foundation:foundation-layout-android:1.7.2) with AarTransform
Transforming material-icons-core-release.aar (androidx.compose.material:material-icons-core-android:1.6.6) with ExtractAarTransform
Transforming material-icons-core-release.aar (androidx.compose.material:material-icons-core-android:1.6.6) with AarTransform
Transforming material-ripple-release.aar (androidx.compose.material:material-ripple-android:1.7.2) with ExtractAarTransform
Transforming material-ripple-release.aar (androidx.compose.material:material-ripple-android:1.7.2) with AarTransform
Transforming foundation-release.aar (androidx.compose.foundation:foundation-android:1.7.2) with ExtractAarTransform
Transforming foundation-release.aar (androidx.compose.foundation:foundation-android:1.7.2) with AarTransform
Transforming animation-core-release.aar (androidx.compose.animation:animation-core-android:1.7.2) with ExtractAarTransform
Transforming animation-core-release.aar (androidx.compose.animation:animation-core-android:1.7.2) with AarTransform
Transforming animation-release.aar (androidx.compose.animation:animation-android:1.7.2) with ExtractAarTransform
Transforming animation-release.aar (androidx.compose.animation:animation-android:1.7.2) with AarTransform
Transforming ui-tooling-data-release.aar (androidx.compose.ui:ui-tooling-data-android:1.7.2) with ExtractAarTransform
Transforming ui-tooling-data-release.aar (androidx.compose.ui:ui-tooling-data-android:1.7.2) with AarTransform
Transforming ui-unit-release.aar (androidx.compose.ui:ui-unit-android:1.7.2) with ExtractAarTransform
Transforming ui-unit-release.aar (androidx.compose.ui:ui-unit-android:1.7.2) with AarTransform
Transforming ui-geometry-release.aar (androidx.compose.ui:ui-geometry-android:1.7.2) with ExtractAarTransform
Transforming ui-geometry-release.aar (androidx.compose.ui:ui-geometry-android:1.7.2) with AarTransform
Transforming ui-graphics-release.aar (androidx.compose.ui:ui-graphics-android:1.7.2) with ExtractAarTransform
Transforming ui-graphics-release.aar (androidx.compose.ui:ui-graphics-android:1.7.2) with AarTransform
Transforming ui-util-release.aar (androidx.compose.ui:ui-util-android:1.7.2) with ExtractAarTransform
Transforming ui-util-release.aar (androidx.compose.ui:ui-util-android:1.7.2) with AarTransform
Transforming ui-tooling-release.aar (androidx.compose.ui:ui-tooling-android:1.7.2) with ExtractAarTransform
Transforming ui-tooling-release.aar (androidx.compose.ui:ui-tooling-android:1.7.2) with AarTransform
Transforming material-release.aar (androidx.compose.material:material-android:1.7.2) with ExtractAarTransform
Transforming material-release.aar (androidx.compose.material:material-android:1.7.2) with AarTransform
Transforming ui-text-release.aar (androidx.compose.ui:ui-text-android:1.7.2) with ExtractAarTransform
Transforming ui-text-release.aar (androidx.compose.ui:ui-text-android:1.7.2) with AarTransform
Transforming ui-tooling-preview-release.aar (androidx.compose.ui:ui-tooling-preview-android:1.7.2) with ExtractAarTransform
Transforming ui-tooling-preview-release.aar (androidx.compose.ui:ui-tooling-preview-android:1.7.2) with AarTransform
Transforming ui-test-manifest-1.7.2.aar (androidx.compose.ui:ui-test-manifest:1.7.2) with ExtractAarTransform
Transforming ui-test-manifest-1.7.2.aar (androidx.compose.ui:ui-test-manifest:1.7.2) with AarTransform
Transforming activity-1.9.2.aar (androidx.activity:activity:1.9.2) with ExtractAarTransform
Transforming activity-1.9.2.aar (androidx.activity:activity:1.9.2) with AarTransform
Transforming activity-compose-1.9.2.aar (androidx.activity:activity-compose:1.9.2) with ExtractAarTransform
Transforming activity-compose-1.9.2.aar (androidx.activity:activity-compose:1.9.2) with AarTransform
Transforming accompanist-drawablepainter-0.25.1.aar (com.google.accompanist:accompanist-drawablepainter:0.25.1) with ExtractAarTransform
Transforming accompanist-drawablepainter-0.25.1.aar (com.google.accompanist:accompanist-drawablepainter:0.25.1) with AarTransform
Transforming coil-2.2.2.aar (io.coil-kt:coil:2.2.2) with ExtractAarTransform
Transforming coil-2.2.2.aar (io.coil-kt:coil:2.2.2) with AarTransform
Transforming coil-base-2.2.2.aar (io.coil-kt:coil-base:2.2.2) with ExtractAarTransform
Transforming coil-base-2.2.2.aar (io.coil-kt:coil-base:2.2.2) with AarTransform
Transforming savedstate-ktx-1.2.1.aar (androidx.savedstate:savedstate-ktx:1.2.1) with ExtractAarTransform
Transforming savedstate-ktx-1.2.1.aar (androidx.savedstate:savedstate-ktx:1.2.1) with AarTransform
Transforming savedstate-1.2.1.aar (androidx.savedstate:savedstate:1.2.1) with ExtractAarTransform
Transforming savedstate-1.2.1.aar (androidx.savedstate:savedstate:1.2.1) with AarTransform
Transforming core-ktx-1.4.0.aar (androidx.test:core-ktx:1.4.0) with ExtractAarTransform
Transforming core-ktx-1.4.0.aar (androidx.test:core-ktx:1.4.0) with AarTransform
Transforming loader-1.0.0.aar (androidx.loader:loader:1.0.0) with ExtractAarTransform
Transforming loader-1.0.0.aar (androidx.loader:loader:1.0.0) with AarTransform
Transforming emoji2-1.3.0.aar (androidx.emoji2:emoji2:1.3.0) with ExtractAarTransform
Transforming emoji2-1.3.0.aar (androidx.emoji2:emoji2:1.3.0) with AarTransform
Transforming activity-ktx-1.9.2.aar (androidx.activity:activity-ktx:1.9.2) with ExtractAarTransform
Transforming activity-ktx-1.9.2.aar (androidx.activity:activity-ktx:1.9.2) with AarTransform
Transforming lifecycle-process-2.8.6.aar (androidx.lifecycle:lifecycle-process:2.8.6) with ExtractAarTransform
Transforming lifecycle-process-2.8.6.aar (androidx.lifecycle:lifecycle-process:2.8.6) with AarTransform
Transforming lifecycle-livedata-core-ktx-2.8.6.aar (androidx.lifecycle:lifecycle-livedata-core-ktx:2.8.6) with ExtractAarTransform
Transforming lifecycle-livedata-core-ktx-2.8.6.aar (androidx.lifecycle:lifecycle-livedata-core-ktx:2.8.6) with AarTransform
Transforming lifecycle-livedata-2.8.6.aar (androidx.lifecycle:lifecycle-livedata:2.8.6) with ExtractAarTransform
Transforming lifecycle-livedata-2.8.6.aar (androidx.lifecycle:lifecycle-livedata:2.8.6) with AarTransform
Transforming lifecycle-viewmodel-2.8.6.aar (androidx.lifecycle:lifecycle-viewmodel:2.8.6) with ExtractAarTransform
Transforming lifecycle-viewmodel-2.8.6.aar (androidx.lifecycle:lifecycle-viewmodel:2.8.6) with AarTransform
Transforming lifecycle-viewmodel-release.aar (androidx.lifecycle:lifecycle-viewmodel-android:2.8.6) with ExtractAarTransform
Transforming lifecycle-viewmodel-release.aar (androidx.lifecycle:lifecycle-viewmodel-android:2.8.6) with AarTransform
Transforming lifecycle-runtime-compose-release.aar (androidx.lifecycle:lifecycle-runtime-compose-android:2.8.6) with ExtractAarTransform
Transforming lifecycle-runtime-compose-release.aar (androidx.lifecycle:lifecycle-runtime-compose-android:2.8.6) with AarTransform
Transforming core-1.4.0.aar (androidx.test:core:1.4.0) with ExtractAarTransform
Transforming core-1.4.0.aar (androidx.test:core:1.4.0) with AarTransform
Transforming lifecycle-runtime-release.aar (androidx.lifecycle:lifecycle-runtime-android:2.8.6) with ExtractAarTransform
Transforming lifecycle-runtime-release.aar (androidx.lifecycle:lifecycle-runtime-android:2.8.6) with AarTransform
Transforming lifecycle-livedata-core-2.8.6.aar (androidx.lifecycle:lifecycle-livedata-core:2.8.6) with ExtractAarTransform
Transforming lifecycle-livedata-core-2.8.6.aar (androidx.lifecycle:lifecycle-livedata-core:2.8.6) with AarTransform
Transforming lifecycle-viewmodel-ktx-2.8.6.aar (androidx.lifecycle:lifecycle-viewmodel-ktx:2.8.6) with ExtractAarTransform
Transforming lifecycle-viewmodel-ktx-2.8.6.aar (androidx.lifecycle:lifecycle-viewmodel-ktx:2.8.6) with AarTransform
Transforming lifecycle-viewmodel-savedstate-2.8.6.aar (androidx.lifecycle:lifecycle-viewmodel-savedstate:2.8.6) with ExtractAarTransform
Transforming lifecycle-viewmodel-savedstate-2.8.6.aar (androidx.lifecycle:lifecycle-viewmodel-savedstate:2.8.6) with AarTransform
Transforming lifecycle-runtime-ktx-release.aar (androidx.lifecycle:lifecycle-runtime-ktx-android:2.8.6) with ExtractAarTransform
Transforming lifecycle-runtime-ktx-release.aar (androidx.lifecycle:lifecycle-runtime-ktx-android:2.8.6) with AarTransform
Transforming lifecycle-viewmodel-compose-release.aar (androidx.lifecycle:lifecycle-viewmodel-compose-android:2.8.6) with ExtractAarTransform
Transforming lifecycle-viewmodel-compose-release.aar (androidx.lifecycle:lifecycle-viewmodel-compose-android:2.8.6) with AarTransform
Transforming ui-release.aar (androidx.compose.ui:ui-android:1.7.2) with ExtractAarTransform
Transforming ui-release.aar (androidx.compose.ui:ui-android:1.7.2) with AarTransform
Transforming autofill-1.0.0.aar (androidx.autofill:autofill:1.0.0) with ExtractAarTransform
Transforming autofill-1.0.0.aar (androidx.autofill:autofill:1.0.0) with AarTransform
Transforming appcompat-resources-1.4.2.aar (androidx.appcompat:appcompat-resources:1.4.2) with ExtractAarTransform
Transforming appcompat-resources-1.4.2.aar (androidx.appcompat:appcompat-resources:1.4.2) with AarTransform
Transforming vectordrawable-animated-1.1.0.aar (androidx.vectordrawable:vectordrawable-animated:1.1.0) with ExtractAarTransform
Transforming vectordrawable-animated-1.1.0.aar (androidx.vectordrawable:vectordrawable-animated:1.1.0) with AarTransform
Transforming vectordrawable-1.1.0.aar (androidx.vectordrawable:vectordrawable:1.1.0) with ExtractAarTransform
Transforming vectordrawable-1.1.0.aar (androidx.vectordrawable:vectordrawable:1.1.0) with AarTransform
Transforming vectordrawable-1.1.0.aar (androidx.vectordrawable:vectordrawable:1.1.0) with ExtractAarTransform
Transforming vectordrawable-1.1.0.aar (androidx.vectordrawable:vectordrawable:1.1.0) with AarTransform
Transforming viewpager-1.0.0.aar (androidx.viewpager:viewpager:1.0.0) with ExtractAarTransform
Transforming viewpager-1.0.0.aar (androidx.viewpager:viewpager:1.0.0) with AarTransform
Transforming customview-1.0.0.aar (androidx.customview:customview:1.0.0) with ExtractAarTransform
Transforming customview-1.0.0.aar (androidx.customview:customview:1.0.0) with AarTransform
Transforming graphics-path-1.0.1.aar (androidx.graphics:graphics-path:1.0.1) with ExtractAarTransform
Transforming graphics-path-1.0.1.aar (androidx.graphics:graphics-path:1.0.1) with AarTransform
Transforming core-1.13.1.aar (androidx.core:core:1.13.1) with ExtractAarTransform
Transforming core-1.13.1.aar (androidx.core:core:1.13.1) with AarTransform
Transforming core-1.13.1.aar (androidx.core:core:1.13.1) with ExtractAarTransform
Transforming core-1.13.1.aar (androidx.core:core:1.13.1) with AarTransform
Transforming customview-poolingcontainer-1.0.0.aar (androidx.customview:customview-poolingcontainer:1.0.0) with ExtractAarTransform
Transforming customview-poolingcontainer-1.0.0.aar (androidx.customview:customview-poolingcontainer:1.0.0) with AarTransform
Transforming core-ktx-1.13.1.aar (androidx.core:core-ktx:1.13.1) with ExtractAarTransform
Transforming core-ktx-1.13.1.aar (androidx.core:core-ktx:1.13.1) with AarTransform
Transforming datastore-core-release.aar (androidx.datastore:datastore-core-android:1.1.1) with ExtractAarTransform
Transforming datastore-core-release.aar (androidx.datastore:datastore-core-android:1.1.1) with AarTransform
Transforming datastore-preferences-release.aar (androidx.datastore:datastore-preferences-android:1.1.1) with ExtractAarTransform
Transforming datastore-preferences-release.aar (androidx.datastore:datastore-preferences-android:1.1.1) with AarTransform
Transforming runtime-release.aar (androidx.compose.runtime:runtime-android:1.7.2) with ExtractAarTransform
Transforming runtime-release.aar (androidx.compose.runtime:runtime-android:1.7.2) with AarTransform
Transforming runtime-saveable-release.aar (androidx.compose.runtime:runtime-saveable-android:1.7.2) with ExtractAarTransform
Transforming runtime-saveable-release.aar (androidx.compose.runtime:runtime-saveable-android:1.7.2) with AarTransform
Transforming datastore-release.aar (androidx.datastore:datastore-android:1.1.1) with ExtractAarTransform
Transforming datastore-release.aar (androidx.datastore:datastore-android:1.1.1) with AarTransform
Transforming annotation-experimental-1.4.1.aar (androidx.annotation:annotation-experimental:1.4.1) with ExtractAarTransform
Transforming annotation-experimental-1.4.1.aar (androidx.annotation:annotation-experimental:1.4.1) with AarTransform
Transforming gifdecoder-4.16.0.aar (com.github.bumptech.glide:gifdecoder:4.16.0) with ExtractAarTransform
Transforming gifdecoder-4.16.0.aar (com.github.bumptech.glide:gifdecoder:4.16.0) with AarTransform
Transforming exifinterface-1.3.6.aar (androidx.exifinterface:exifinterface:1.3.6) with ExtractAarTransform
Transforming exifinterface-1.3.6.aar (androidx.exifinterface:exifinterface:1.3.6) with AarTransform
Transforming profileinstaller-1.3.1.aar (androidx.profileinstaller:profileinstaller:1.3.1) with ExtractAarTransform
Transforming profileinstaller-1.3.1.aar (androidx.profileinstaller:profileinstaller:1.3.1) with AarTransform
Transforming startup-runtime-1.1.1.aar (androidx.startup:startup-runtime:1.1.1) with ExtractAarTransform
Transforming tracing-1.0.0.aar (androidx.tracing:tracing:1.0.0) with ExtractAarTransform
Transforming startup-runtime-1.1.1.aar (androidx.startup:startup-runtime:1.1.1) with AarTransform
Transforming tracing-1.0.0.aar (androidx.tracing:tracing:1.0.0) with AarTransform
Transforming interpolator-1.0.0.aar (androidx.interpolator:interpolator:1.0.0) with ExtractAarTransform
Transforming interpolator-1.0.0.aar (androidx.interpolator:interpolator:1.0.0) with AarTransform
Transforming interpolator-1.0.0.aar (androidx.interpolator:interpolator:1.0.0) with ExtractAarTransform
Transforming interpolator-1.0.0.aar (androidx.interpolator:interpolator:1.0.0) with AarTransform
Transforming versionedparcelable-1.1.1.aar (androidx.versionedparcelable:versionedparcelable:1.1.1) with ExtractAarTransform
Transforming versionedparcelable-1.1.1.aar (androidx.versionedparcelable:versionedparcelable:1.1.1) with AarTransform
Transforming core-runtime-2.2.0.aar (androidx.arch.core:core-runtime:2.2.0) with ExtractAarTransform
Transforming core-runtime-2.2.0.aar (androidx.arch.core:core-runtime:2.2.0) with AarTransform
Transforming monitor-1.4.0.aar (androidx.test:monitor:1.4.0) with ExtractAarTransform
Transforming monitor-1.4.0.aar (androidx.test:monitor:1.4.0) with AarTransform
Transforming dagger-lint-aar-2.51.1.aar (com.google.dagger:dagger-lint-aar:2.51.1) with ExtractAarTransform
Transforming dagger-lint-aar-2.51.1.aar (com.google.dagger:dagger-lint-aar:2.51.1) with AarTransform
Caching disabled for task ':app:checkDebugAarMetadata' because:
  Build cache is disabled
  Caching has been disabled for the task
Skipping task ':app:checkDebugAarMetadata' as it is up-to-date.

> Task :app:checkDebugAarMetadata UP-TO-DATE
Resolve mutations for :app:generateDebugResValues (Thread[#294,included builds,5,main]) started.
:app:generateDebugResValues (Thread[#294,included builds,5,main]) started.

> Task :app:generateDebugResValues UP-TO-DATE
Caching disabled for task ':app:generateDebugResValues' because:
  Build cache is disabled
Skipping task ':app:generateDebugResValues' as it is up-to-date.
Resolve mutations for :app:mapDebugSourceSetPaths (Thread[#294,included builds,5,main]) started.
:app:mapDebugSourceSetPaths (Thread[#295,Execution worker,5,main]) started.

> Task :app:mapDebugSourceSetPaths UP-TO-DATE
Transforming compose-1.0.0-alpha.1.aar (com.github.bumptech.glide:compose:1.0.0-alpha.1) with ExtractAarTransform
Transforming compose-1.0.0-alpha.1.aar (com.github.bumptech.glide:compose:1.0.0-alpha.1) with AarTransform
Transforming ktx-1.0.0-alpha.1.aar (com.github.bumptech.glide:ktx:1.0.0-alpha.1) with ExtractAarTransform
Transforming ktx-1.0.0-alpha.1.aar (com.github.bumptech.glide:ktx:1.0.0-alpha.1) with AarTransform
Transforming hilt-navigation-compose-1.2.0.aar (androidx.hilt:hilt-navigation-compose:1.2.0) with ExtractAarTransform
Transforming hilt-navigation-compose-1.2.0.aar (androidx.hilt:hilt-navigation-compose:1.2.0) with AarTransform
Transforming hilt-navigation-1.2.0.aar (androidx.hilt:hilt-navigation:1.2.0) with ExtractAarTransform
Transforming hilt-navigation-1.2.0.aar (androidx.hilt:hilt-navigation:1.2.0) with AarTransform
Transforming navigation-common-2.8.1.aar (androidx.navigation:navigation-common:2.8.1) with ExtractAarTransform
Transforming navigation-common-2.8.1.aar (androidx.navigation:navigation-common:2.8.1) with AarTransform
Transforming navigation-runtime-2.8.1.aar (androidx.navigation:navigation-runtime:2.8.1) with ExtractAarTransform
Transforming navigation-runtime-2.8.1.aar (androidx.navigation:navigation-runtime:2.8.1) with AarTransform
Transforming navigation-common-ktx-2.8.1.aar (androidx.navigation:navigation-common-ktx:2.8.1) with ExtractAarTransform
Transforming navigation-common-ktx-2.8.1.aar (androidx.navigation:navigation-common-ktx:2.8.1) with AarTransform
Transforming navigation-runtime-ktx-2.8.1.aar (androidx.navigation:navigation-runtime-ktx:2.8.1) with ExtractAarTransform
Transforming navigation-runtime-ktx-2.8.1.aar (androidx.navigation:navigation-runtime-ktx:2.8.1) with AarTransform
Transforming navigation-compose-2.8.1.aar (androidx.navigation:navigation-compose:2.8.1) with ExtractAarTransform
Transforming navigation-compose-2.8.1.aar (androidx.navigation:navigation-compose:2.8.1) with AarTransform
Transforming coil-compose-2.2.2.aar (io.coil-kt:coil-compose:2.2.2) with ExtractAarTransform
Transforming coil-compose-2.2.2.aar (io.coil-kt:coil-compose:2.2.2) with AarTransform
Transforming coil-compose-base-2.2.2.aar (io.coil-kt:coil-compose-base:2.2.2) with ExtractAarTransform
Transforming coil-compose-base-2.2.2.aar (io.coil-kt:coil-compose-base:2.2.2) with AarTransform
Transforming hilt-android-2.51.1.aar (com.google.dagger:hilt-android:2.51.1) with ExtractAarTransform
Transforming hilt-android-2.51.1.aar (com.google.dagger:hilt-android:2.51.1) with AarTransform
Transforming recyclerview-integration-4.14.2.aar (com.github.bumptech.glide:recyclerview-integration:4.14.2) with ExtractAarTransform
Transforming recyclerview-integration-4.14.2.aar (com.github.bumptech.glide:recyclerview-integration:4.14.2) with AarTransform
Transforming glide-4.16.0.aar (com.github.bumptech.glide:glide:4.16.0) with ExtractAarTransform
Transforming glide-4.16.0.aar (com.github.bumptech.glide:glide:4.16.0) with AarTransform
Transforming fragment-1.5.1.aar (androidx.fragment:fragment:1.5.1) with ExtractAarTransform
Transforming fragment-1.5.1.aar (androidx.fragment:fragment:1.5.1) with AarTransform
Transforming material3-release.aar (androidx.compose.material3:material3-android:1.2.1) with ExtractAarTransform
Transforming material3-release.aar (androidx.compose.material3:material3-android:1.2.1) with AarTransform
Transforming foundation-layout-release.aar (androidx.compose.foundation:foundation-layout-android:1.7.2) with ExtractAarTransform
Transforming foundation-layout-release.aar (androidx.compose.foundation:foundation-layout-android:1.7.2) with AarTransform
Transforming material-icons-core-release.aar (androidx.compose.material:material-icons-core-android:1.6.6) with ExtractAarTransform
Transforming material-icons-core-release.aar (androidx.compose.material:material-icons-core-android:1.6.6) with AarTransform
Transforming material-ripple-release.aar (androidx.compose.material:material-ripple-android:1.7.2) with ExtractAarTransform
Transforming material-ripple-release.aar (androidx.compose.material:material-ripple-android:1.7.2) with AarTransform
Transforming foundation-release.aar (androidx.compose.foundation:foundation-android:1.7.2) with ExtractAarTransform
Transforming foundation-release.aar (androidx.compose.foundation:foundation-android:1.7.2) with AarTransform
Transforming animation-core-release.aar (androidx.compose.animation:animation-core-android:1.7.2) with ExtractAarTransform
Transforming animation-core-release.aar (androidx.compose.animation:animation-core-android:1.7.2) with AarTransform
Transforming animation-release.aar (androidx.compose.animation:animation-android:1.7.2) with ExtractAarTransform
Transforming animation-release.aar (androidx.compose.animation:animation-android:1.7.2) with AarTransform
Transforming ui-tooling-data-release.aar (androidx.compose.ui:ui-tooling-data-android:1.7.2) with ExtractAarTransform
Transforming ui-tooling-data-release.aar (androidx.compose.ui:ui-tooling-data-android:1.7.2) with AarTransform
Transforming ui-unit-release.aar (androidx.compose.ui:ui-unit-android:1.7.2) with ExtractAarTransform
Transforming ui-unit-release.aar (androidx.compose.ui:ui-unit-android:1.7.2) with AarTransform
Transforming ui-geometry-release.aar (androidx.compose.ui:ui-geometry-android:1.7.2) with ExtractAarTransform
Transforming ui-geometry-release.aar (androidx.compose.ui:ui-geometry-android:1.7.2) with AarTransform
Transforming ui-graphics-release.aar (androidx.compose.ui:ui-graphics-android:1.7.2) with ExtractAarTransform
Transforming ui-graphics-release.aar (androidx.compose.ui:ui-graphics-android:1.7.2) with AarTransform
Transforming ui-util-release.aar (androidx.compose.ui:ui-util-android:1.7.2) with ExtractAarTransform
Transforming ui-util-release.aar (androidx.compose.ui:ui-util-android:1.7.2) with AarTransform
Transforming ui-tooling-release.aar (androidx.compose.ui:ui-tooling-android:1.7.2) with ExtractAarTransform
Transforming ui-tooling-release.aar (androidx.compose.ui:ui-tooling-android:1.7.2) with AarTransform
Transforming material-release.aar (androidx.compose.material:material-android:1.7.2) with ExtractAarTransform
Transforming material-release.aar (androidx.compose.material:material-android:1.7.2) with AarTransform
Transforming ui-text-release.aar (androidx.compose.ui:ui-text-android:1.7.2) with ExtractAarTransform
Transforming ui-text-release.aar (androidx.compose.ui:ui-text-android:1.7.2) with AarTransform
Transforming ui-tooling-preview-release.aar (androidx.compose.ui:ui-tooling-preview-android:1.7.2) with ExtractAarTransform
Transforming ui-tooling-preview-release.aar (androidx.compose.ui:ui-tooling-preview-android:1.7.2) with AarTransform
Transforming ui-test-manifest-1.7.2.aar (androidx.compose.ui:ui-test-manifest:1.7.2) with ExtractAarTransform
Transforming ui-test-manifest-1.7.2.aar (androidx.compose.ui:ui-test-manifest:1.7.2) with AarTransform
Transforming activity-1.9.2.aar (androidx.activity:activity:1.9.2) with ExtractAarTransform
Transforming activity-1.9.2.aar (androidx.activity:activity:1.9.2) with AarTransform
Transforming activity-ktx-1.9.2.aar (androidx.activity:activity-ktx:1.9.2) with ExtractAarTransform
Transforming activity-ktx-1.9.2.aar (androidx.activity:activity-ktx:1.9.2) with AarTransform
Transforming activity-compose-1.9.2.aar (androidx.activity:activity-compose:1.9.2) with ExtractAarTransform
Transforming activity-compose-1.9.2.aar (androidx.activity:activity-compose:1.9.2) with AarTransform
Transforming accompanist-drawablepainter-0.25.1.aar (com.google.accompanist:accompanist-drawablepainter:0.25.1) with ExtractAarTransform
Transforming accompanist-drawablepainter-0.25.1.aar (com.google.accompanist:accompanist-drawablepainter:0.25.1) with AarTransform
Transforming coil-2.2.2.aar (io.coil-kt:coil:2.2.2) with ExtractAarTransform
Transforming coil-2.2.2.aar (io.coil-kt:coil:2.2.2) with AarTransform
Transforming coil-base-2.2.2.aar (io.coil-kt:coil-base:2.2.2) with ExtractAarTransform
Transforming coil-base-2.2.2.aar (io.coil-kt:coil-base:2.2.2) with AarTransform
Transforming savedstate-ktx-1.2.1.aar (androidx.savedstate:savedstate-ktx:1.2.1) with ExtractAarTransform
Transforming savedstate-ktx-1.2.1.aar (androidx.savedstate:savedstate-ktx:1.2.1) with AarTransform
Transforming savedstate-1.2.1.aar (androidx.savedstate:savedstate:1.2.1) with ExtractAarTransform
Transforming savedstate-1.2.1.aar (androidx.savedstate:savedstate:1.2.1) with AarTransform
Transforming core-ktx-1.4.0.aar (androidx.test:core-ktx:1.4.0) with ExtractAarTransform
Transforming core-ktx-1.4.0.aar (androidx.test:core-ktx:1.4.0) with AarTransform
Transforming loader-1.0.0.aar (androidx.loader:loader:1.0.0) with ExtractAarTransform
Transforming loader-1.0.0.aar (androidx.loader:loader:1.0.0) with AarTransform
Transforming emoji2-1.3.0.aar (androidx.emoji2:emoji2:1.3.0) with ExtractAarTransform
Transforming emoji2-1.3.0.aar (androidx.emoji2:emoji2:1.3.0) with AarTransform
Transforming lifecycle-process-2.8.6.aar (androidx.lifecycle:lifecycle-process:2.8.6) with ExtractAarTransform
Transforming lifecycle-process-2.8.6.aar (androidx.lifecycle:lifecycle-process:2.8.6) with AarTransform
Transforming lifecycle-livedata-core-ktx-2.8.6.aar (androidx.lifecycle:lifecycle-livedata-core-ktx:2.8.6) with ExtractAarTransform
Transforming lifecycle-livedata-core-ktx-2.8.6.aar (androidx.lifecycle:lifecycle-livedata-core-ktx:2.8.6) with AarTransform
Transforming lifecycle-livedata-2.8.6.aar (androidx.lifecycle:lifecycle-livedata:2.8.6) with ExtractAarTransform
Transforming lifecycle-livedata-2.8.6.aar (androidx.lifecycle:lifecycle-livedata:2.8.6) with AarTransform
Transforming lifecycle-viewmodel-2.8.6.aar (androidx.lifecycle:lifecycle-viewmodel:2.8.6) with ExtractAarTransform
Transforming lifecycle-viewmodel-2.8.6.aar (androidx.lifecycle:lifecycle-viewmodel:2.8.6) with AarTransform
Transforming lifecycle-viewmodel-release.aar (androidx.lifecycle:lifecycle-viewmodel-android:2.8.6) with ExtractAarTransform
Transforming lifecycle-viewmodel-release.aar (androidx.lifecycle:lifecycle-viewmodel-android:2.8.6) with AarTransform
Transforming lifecycle-runtime-compose-release.aar (androidx.lifecycle:lifecycle-runtime-compose-android:2.8.6) with ExtractAarTransform
Transforming lifecycle-runtime-compose-release.aar (androidx.lifecycle:lifecycle-runtime-compose-android:2.8.6) with AarTransform
Transforming core-1.4.0.aar (androidx.test:core:1.4.0) with ExtractAarTransform
Transforming core-1.4.0.aar (androidx.test:core:1.4.0) with AarTransform
Transforming lifecycle-runtime-release.aar (androidx.lifecycle:lifecycle-runtime-android:2.8.6) with ExtractAarTransform
Transforming lifecycle-runtime-release.aar (androidx.lifecycle:lifecycle-runtime-android:2.8.6) with AarTransform
Transforming lifecycle-livedata-core-2.8.6.aar (androidx.lifecycle:lifecycle-livedata-core:2.8.6) with ExtractAarTransform
Transforming lifecycle-livedata-core-2.8.6.aar (androidx.lifecycle:lifecycle-livedata-core:2.8.6) with AarTransform
Transforming lifecycle-viewmodel-ktx-2.8.6.aar (androidx.lifecycle:lifecycle-viewmodel-ktx:2.8.6) with ExtractAarTransform
Transforming lifecycle-viewmodel-ktx-2.8.6.aar (androidx.lifecycle:lifecycle-viewmodel-ktx:2.8.6) with AarTransform
Transforming lifecycle-viewmodel-savedstate-2.8.6.aar (androidx.lifecycle:lifecycle-viewmodel-savedstate:2.8.6) with ExtractAarTransform
Transforming lifecycle-viewmodel-savedstate-2.8.6.aar (androidx.lifecycle:lifecycle-viewmodel-savedstate:2.8.6) with AarTransform
Transforming lifecycle-runtime-ktx-release.aar (androidx.lifecycle:lifecycle-runtime-ktx-android:2.8.6) with ExtractAarTransform
Transforming lifecycle-runtime-ktx-release.aar (androidx.lifecycle:lifecycle-runtime-ktx-android:2.8.6) with AarTransform
Transforming lifecycle-viewmodel-compose-release.aar (androidx.lifecycle:lifecycle-viewmodel-compose-android:2.8.6) with ExtractAarTransform
Transforming lifecycle-viewmodel-compose-release.aar (androidx.lifecycle:lifecycle-viewmodel-compose-android:2.8.6) with AarTransform
Transforming ui-release.aar (androidx.compose.ui:ui-android:1.7.2) with ExtractAarTransform
Transforming ui-release.aar (androidx.compose.ui:ui-android:1.7.2) with AarTransform
Transforming autofill-1.0.0.aar (androidx.autofill:autofill:1.0.0) with ExtractAarTransform
Transforming autofill-1.0.0.aar (androidx.autofill:autofill:1.0.0) with AarTransform
Transforming appcompat-resources-1.4.2.aar (androidx.appcompat:appcompat-resources:1.4.2) with ExtractAarTransform
Transforming appcompat-resources-1.4.2.aar (androidx.appcompat:appcompat-resources:1.4.2) with AarTransform
Transforming vectordrawable-animated-1.1.0.aar (androidx.vectordrawable:vectordrawable-animated:1.1.0) with ExtractAarTransform
Transforming vectordrawable-animated-1.1.0.aar (androidx.vectordrawable:vectordrawable-animated:1.1.0) with AarTransform
Transforming vectordrawable-1.1.0.aar (androidx.vectordrawable:vectordrawable:1.1.0) with ExtractAarTransform
Transforming vectordrawable-1.1.0.aar (androidx.vectordrawable:vectordrawable:1.1.0) with AarTransform
Transforming vectordrawable-1.1.0.aar (androidx.vectordrawable:vectordrawable:1.1.0) with ExtractAarTransform
Transforming vectordrawable-1.1.0.aar (androidx.vectordrawable:vectordrawable:1.1.0) with AarTransform
Transforming viewpager-1.0.0.aar (androidx.viewpager:viewpager:1.0.0) with ExtractAarTransform
Transforming viewpager-1.0.0.aar (androidx.viewpager:viewpager:1.0.0) with AarTransform
Transforming customview-1.0.0.aar (androidx.customview:customview:1.0.0) with ExtractAarTransform
Transforming customview-1.0.0.aar (androidx.customview:customview:1.0.0) with AarTransform
Transforming graphics-path-1.0.1.aar (androidx.graphics:graphics-path:1.0.1) with ExtractAarTransform
Transforming graphics-path-1.0.1.aar (androidx.graphics:graphics-path:1.0.1) with AarTransform
Transforming core-1.13.1.aar (androidx.core:core:1.13.1) with ExtractAarTransform
Transforming core-1.13.1.aar (androidx.core:core:1.13.1) with AarTransform
Transforming core-1.13.1.aar (androidx.core:core:1.13.1) with ExtractAarTransform
Transforming core-1.13.1.aar (androidx.core:core:1.13.1) with AarTransform
Transforming customview-poolingcontainer-1.0.0.aar (androidx.customview:customview-poolingcontainer:1.0.0) with ExtractAarTransform
Transforming customview-poolingcontainer-1.0.0.aar (androidx.customview:customview-poolingcontainer:1.0.0) with AarTransform
Transforming core-ktx-1.13.1.aar (androidx.core:core-ktx:1.13.1) with ExtractAarTransform
Transforming core-ktx-1.13.1.aar (androidx.core:core-ktx:1.13.1) with AarTransform
Transforming datastore-core-release.aar (androidx.datastore:datastore-core-android:1.1.1) with ExtractAarTransform
Transforming datastore-core-release.aar (androidx.datastore:datastore-core-android:1.1.1) with AarTransform
Transforming datastore-release.aar (androidx.datastore:datastore-android:1.1.1) with ExtractAarTransform
Transforming datastore-release.aar (androidx.datastore:datastore-android:1.1.1) with AarTransform
Transforming datastore-preferences-release.aar (androidx.datastore:datastore-preferences-android:1.1.1) with ExtractAarTransform
Transforming datastore-preferences-release.aar (androidx.datastore:datastore-preferences-android:1.1.1) with AarTransform
Transforming runtime-release.aar (androidx.compose.runtime:runtime-android:1.7.2) with ExtractAarTransform
Transforming runtime-release.aar (androidx.compose.runtime:runtime-android:1.7.2) with AarTransform
Transforming runtime-saveable-release.aar (androidx.compose.runtime:runtime-saveable-android:1.7.2) with ExtractAarTransform
Transforming runtime-saveable-release.aar (androidx.compose.runtime:runtime-saveable-android:1.7.2) with AarTransform
Transforming annotation-experimental-1.4.1.aar (androidx.annotation:annotation-experimental:1.4.1) with ExtractAarTransform
Transforming annotation-experimental-1.4.1.aar (androidx.annotation:annotation-experimental:1.4.1) with AarTransform
Transforming gifdecoder-4.16.0.aar (com.github.bumptech.glide:gifdecoder:4.16.0) with ExtractAarTransform
Transforming gifdecoder-4.16.0.aar (com.github.bumptech.glide:gifdecoder:4.16.0) with AarTransform
Transforming exifinterface-1.3.6.aar (androidx.exifinterface:exifinterface:1.3.6) with ExtractAarTransform
Transforming exifinterface-1.3.6.aar (androidx.exifinterface:exifinterface:1.3.6) with AarTransform
Transforming profileinstaller-1.3.1.aar (androidx.profileinstaller:profileinstaller:1.3.1) with ExtractAarTransform
Transforming profileinstaller-1.3.1.aar (androidx.profileinstaller:profileinstaller:1.3.1) with AarTransform
Transforming startup-runtime-1.1.1.aar (androidx.startup:startup-runtime:1.1.1) with ExtractAarTransform
Transforming startup-runtime-1.1.1.aar (androidx.startup:startup-runtime:1.1.1) with AarTransform
Transforming tracing-1.0.0.aar (androidx.tracing:tracing:1.0.0) with ExtractAarTransform
Transforming tracing-1.0.0.aar (androidx.tracing:tracing:1.0.0) with AarTransform
Transforming interpolator-1.0.0.aar (androidx.interpolator:interpolator:1.0.0) with ExtractAarTransform
Transforming interpolator-1.0.0.aar (androidx.interpolator:interpolator:1.0.0) with AarTransform
Transforming interpolator-1.0.0.aar (androidx.interpolator:interpolator:1.0.0) with ExtractAarTransform
Transforming interpolator-1.0.0.aar (androidx.interpolator:interpolator:1.0.0) with AarTransform
Transforming versionedparcelable-1.1.1.aar (androidx.versionedparcelable:versionedparcelable:1.1.1) with ExtractAarTransform
Transforming versionedparcelable-1.1.1.aar (androidx.versionedparcelable:versionedparcelable:1.1.1) with AarTransform
Transforming core-runtime-2.2.0.aar (androidx.arch.core:core-runtime:2.2.0) with ExtractAarTransform
Transforming core-runtime-2.2.0.aar (androidx.arch.core:core-runtime:2.2.0) with AarTransform
Transforming monitor-1.4.0.aar (androidx.test:monitor:1.4.0) with ExtractAarTransform
Transforming monitor-1.4.0.aar (androidx.test:monitor:1.4.0) with AarTransform
Transforming dagger-lint-aar-2.51.1.aar (com.google.dagger:dagger-lint-aar:2.51.1) with ExtractAarTransform
Transforming dagger-lint-aar-2.51.1.aar (com.google.dagger:dagger-lint-aar:2.51.1) with AarTransform
Caching disabled for task ':app:mapDebugSourceSetPaths' because:
  Build cache is disabled
  Caching has been disabled for the task
Skipping task ':app:mapDebugSourceSetPaths' as it is up-to-date.
Resolve mutations for :app:generateDebugResources (Thread[#294,included builds,5,main]) started.
:app:generateDebugResources (Thread[#294,included builds,5,main]) started.

> Task :app:generateDebugResources UP-TO-DATE
Caching disabled for task ':app:generateDebugResources' because:
  Build cache is disabled
Skipping task ':app:generateDebugResources' as it is up-to-date.
Resolve mutations for :app:mergeDebugResources (Thread[#294,included builds,5,main]) started.
:app:mergeDebugResources (Thread[#294,included builds,5,main]) started.

> Task :app:mergeDebugResources UP-TO-DATE
Caching disabled for task ':app:mergeDebugResources' because:
  Build cache is disabled
Skipping task ':app:mergeDebugResources' as it is up-to-date.
Resolve mutations for :app:packageDebugResources (Thread[#294,included builds,5,main]) started.
:app:packageDebugResources (Thread[#294,included builds,5,main]) started.

> Task :app:packageDebugResources UP-TO-DATE
Caching disabled for task ':app:packageDebugResources' because:
  Build cache is disabled
Skipping task ':app:packageDebugResources' as it is up-to-date.
Resolve mutations for :app:parseDebugLocalResources (Thread[#295,Execution worker,5,main]) started.
:app:parseDebugLocalResources (Thread[#295,Execution worker,5,main]) started.

> Task :app:parseDebugLocalResources UP-TO-DATE
Transforming android.jar with PlatformAttrTransform
Transforming android.jar with PlatformAttrTransform
Caching disabled for task ':app:parseDebugLocalResources' because:
  Build cache is disabled
Skipping task ':app:parseDebugLocalResources' as it is up-to-date.
Resolve mutations for :app:createDebugCompatibleScreenManifests (Thread[#295,Execution worker,5,main]) started.
:app:createDebugCompatibleScreenManifests (Thread[#295,Execution worker,5,main]) started.

> Task :app:createDebugCompatibleScreenManifests UP-TO-DATE
Caching disabled for task ':app:createDebugCompatibleScreenManifests' because:
  Build cache is disabled
  Caching has been disabled for the task
Skipping task ':app:createDebugCompatibleScreenManifests' as it is up-to-date.
Resolve mutations for :app:extractDeepLinksDebug (Thread[#295,Execution worker,5,main]) started.
:app:extractDeepLinksDebug (Thread[#295,Execution worker,5,main]) started.

> Task :app:extractDeepLinksDebug UP-TO-DATE
Caching disabled for task ':app:extractDeepLinksDebug' because:
  Build cache is disabled
Skipping task ':app:extractDeepLinksDebug' as it is up-to-date.
Resolve mutations for :app:processDebugMainManifest (Thread[#294,included builds,5,main]) started.
:app:processDebugMainManifest (Thread[#294,included builds,5,main]) started.

> Task :app:processDebugMainManifest UP-TO-DATE
Transforming compose-1.0.0-alpha.1.aar (com.github.bumptech.glide:compose:1.0.0-alpha.1) with ExtractAarTransform
Transforming compose-1.0.0-alpha.1.aar (com.github.bumptech.glide:compose:1.0.0-alpha.1) with AarTransform
Transforming ktx-1.0.0-alpha.1.aar (com.github.bumptech.glide:ktx:1.0.0-alpha.1) with ExtractAarTransform
Transforming ktx-1.0.0-alpha.1.aar (com.github.bumptech.glide:ktx:1.0.0-alpha.1) with AarTransform
Transforming hilt-navigation-compose-1.2.0.aar (androidx.hilt:hilt-navigation-compose:1.2.0) with ExtractAarTransform
Transforming hilt-navigation-compose-1.2.0.aar (androidx.hilt:hilt-navigation-compose:1.2.0) with AarTransform
Transforming hilt-navigation-1.2.0.aar (androidx.hilt:hilt-navigation:1.2.0) with ExtractAarTransform
Transforming hilt-navigation-1.2.0.aar (androidx.hilt:hilt-navigation:1.2.0) with AarTransform
Transforming navigation-common-2.8.1.aar (androidx.navigation:navigation-common:2.8.1) with ExtractAarTransform
Transforming navigation-common-2.8.1.aar (androidx.navigation:navigation-common:2.8.1) with AarTransform
Transforming navigation-runtime-2.8.1.aar (androidx.navigation:navigation-runtime:2.8.1) with ExtractAarTransform
Transforming navigation-runtime-2.8.1.aar (androidx.navigation:navigation-runtime:2.8.1) with AarTransform
Transforming navigation-common-ktx-2.8.1.aar (androidx.navigation:navigation-common-ktx:2.8.1) with ExtractAarTransform
Transforming navigation-common-ktx-2.8.1.aar (androidx.navigation:navigation-common-ktx:2.8.1) with AarTransform
Transforming navigation-runtime-ktx-2.8.1.aar (androidx.navigation:navigation-runtime-ktx:2.8.1) with ExtractAarTransform
Transforming navigation-runtime-ktx-2.8.1.aar (androidx.navigation:navigation-runtime-ktx:2.8.1) with AarTransform
Transforming navigation-compose-2.8.1.aar (androidx.navigation:navigation-compose:2.8.1) with ExtractAarTransform
Transforming navigation-compose-2.8.1.aar (androidx.navigation:navigation-compose:2.8.1) with AarTransform
Transforming coil-compose-2.2.2.aar (io.coil-kt:coil-compose:2.2.2) with ExtractAarTransform
Transforming coil-compose-2.2.2.aar (io.coil-kt:coil-compose:2.2.2) with AarTransform
Transforming coil-compose-base-2.2.2.aar (io.coil-kt:coil-compose-base:2.2.2) with ExtractAarTransform
Transforming coil-compose-base-2.2.2.aar (io.coil-kt:coil-compose-base:2.2.2) with AarTransform
Transforming hilt-android-2.51.1.aar (com.google.dagger:hilt-android:2.51.1) with ExtractAarTransform
Transforming hilt-android-2.51.1.aar (com.google.dagger:hilt-android:2.51.1) with AarTransform
Transforming recyclerview-integration-4.14.2.aar (com.github.bumptech.glide:recyclerview-integration:4.14.2) with ExtractAarTransform
Transforming recyclerview-integration-4.14.2.aar (com.github.bumptech.glide:recyclerview-integration:4.14.2) with AarTransform
Transforming glide-4.16.0.aar (com.github.bumptech.glide:glide:4.16.0) with ExtractAarTransform
Transforming glide-4.16.0.aar (com.github.bumptech.glide:glide:4.16.0) with AarTransform
Transforming fragment-1.5.1.aar (androidx.fragment:fragment:1.5.1) with ExtractAarTransform
Transforming fragment-1.5.1.aar (androidx.fragment:fragment:1.5.1) with AarTransform
Transforming material3-release.aar (androidx.compose.material3:material3-android:1.2.1) with ExtractAarTransform
Transforming material3-release.aar (androidx.compose.material3:material3-android:1.2.1) with AarTransform
Transforming foundation-layout-release.aar (androidx.compose.foundation:foundation-layout-android:1.7.2) with ExtractAarTransform
Transforming foundation-layout-release.aar (androidx.compose.foundation:foundation-layout-android:1.7.2) with AarTransform
Transforming material-icons-core-release.aar (androidx.compose.material:material-icons-core-android:1.6.6) with ExtractAarTransform
Transforming material-icons-core-release.aar (androidx.compose.material:material-icons-core-android:1.6.6) with AarTransform
Transforming material-ripple-release.aar (androidx.compose.material:material-ripple-android:1.7.2) with ExtractAarTransform
Transforming material-ripple-release.aar (androidx.compose.material:material-ripple-android:1.7.2) with AarTransform
Transforming foundation-release.aar (androidx.compose.foundation:foundation-android:1.7.2) with ExtractAarTransform
Transforming foundation-release.aar (androidx.compose.foundation:foundation-android:1.7.2) with AarTransform
Transforming animation-core-release.aar (androidx.compose.animation:animation-core-android:1.7.2) with ExtractAarTransform
Transforming animation-core-release.aar (androidx.compose.animation:animation-core-android:1.7.2) with AarTransform
Transforming animation-release.aar (androidx.compose.animation:animation-android:1.7.2) with ExtractAarTransform
Transforming animation-release.aar (androidx.compose.animation:animation-android:1.7.2) with AarTransform
Transforming ui-tooling-data-release.aar (androidx.compose.ui:ui-tooling-data-android:1.7.2) with ExtractAarTransform
Transforming ui-tooling-data-release.aar (androidx.compose.ui:ui-tooling-data-android:1.7.2) with AarTransform
Transforming ui-unit-release.aar (androidx.compose.ui:ui-unit-android:1.7.2) with ExtractAarTransform
Transforming ui-unit-release.aar (androidx.compose.ui:ui-unit-android:1.7.2) with AarTransform
Transforming ui-geometry-release.aar (androidx.compose.ui:ui-geometry-android:1.7.2) with ExtractAarTransform
Transforming ui-geometry-release.aar (androidx.compose.ui:ui-geometry-android:1.7.2) with AarTransform
Transforming ui-graphics-release.aar (androidx.compose.ui:ui-graphics-android:1.7.2) with ExtractAarTransform
Transforming ui-graphics-release.aar (androidx.compose.ui:ui-graphics-android:1.7.2) with AarTransform
Transforming ui-util-release.aar (androidx.compose.ui:ui-util-android:1.7.2) with ExtractAarTransform
Transforming ui-util-release.aar (androidx.compose.ui:ui-util-android:1.7.2) with AarTransform
Transforming ui-tooling-release.aar (androidx.compose.ui:ui-tooling-android:1.7.2) with ExtractAarTransform
Transforming ui-tooling-release.aar (androidx.compose.ui:ui-tooling-android:1.7.2) with AarTransform
Transforming material-release.aar (androidx.compose.material:material-android:1.7.2) with ExtractAarTransform
Transforming material-release.aar (androidx.compose.material:material-android:1.7.2) with AarTransform
Transforming ui-text-release.aar (androidx.compose.ui:ui-text-android:1.7.2) with ExtractAarTransform
Transforming ui-text-release.aar (androidx.compose.ui:ui-text-android:1.7.2) with AarTransform
Transforming ui-tooling-preview-release.aar (androidx.compose.ui:ui-tooling-preview-android:1.7.2) with ExtractAarTransform
Transforming ui-tooling-preview-release.aar (androidx.compose.ui:ui-tooling-preview-android:1.7.2) with AarTransform
Transforming ui-test-manifest-1.7.2.aar (androidx.compose.ui:ui-test-manifest:1.7.2) with ExtractAarTransform
Transforming ui-test-manifest-1.7.2.aar (androidx.compose.ui:ui-test-manifest:1.7.2) with AarTransform
Transforming activity-1.9.2.aar (androidx.activity:activity:1.9.2) with ExtractAarTransform
Transforming activity-1.9.2.aar (androidx.activity:activity:1.9.2) with AarTransform
Transforming activity-ktx-1.9.2.aar (androidx.activity:activity-ktx:1.9.2) with ExtractAarTransform
Transforming activity-ktx-1.9.2.aar (androidx.activity:activity-ktx:1.9.2) with AarTransform
Transforming activity-compose-1.9.2.aar (androidx.activity:activity-compose:1.9.2) with ExtractAarTransform
Transforming activity-compose-1.9.2.aar (androidx.activity:activity-compose:1.9.2) with AarTransform
Transforming accompanist-drawablepainter-0.25.1.aar (com.google.accompanist:accompanist-drawablepainter:0.25.1) with ExtractAarTransform
Transforming accompanist-drawablepainter-0.25.1.aar (com.google.accompanist:accompanist-drawablepainter:0.25.1) with AarTransform
Transforming coil-2.2.2.aar (io.coil-kt:coil:2.2.2) with ExtractAarTransform
Transforming coil-2.2.2.aar (io.coil-kt:coil:2.2.2) with AarTransform
Transforming coil-base-2.2.2.aar (io.coil-kt:coil-base:2.2.2) with ExtractAarTransform
Transforming coil-base-2.2.2.aar (io.coil-kt:coil-base:2.2.2) with AarTransform
Transforming savedstate-ktx-1.2.1.aar (androidx.savedstate:savedstate-ktx:1.2.1) with ExtractAarTransform
Transforming savedstate-ktx-1.2.1.aar (androidx.savedstate:savedstate-ktx:1.2.1) with AarTransform
Transforming savedstate-1.2.1.aar (androidx.savedstate:savedstate:1.2.1) with ExtractAarTransform
Transforming savedstate-1.2.1.aar (androidx.savedstate:savedstate:1.2.1) with AarTransform
Transforming core-ktx-1.4.0.aar (androidx.test:core-ktx:1.4.0) with ExtractAarTransform
Transforming core-ktx-1.4.0.aar (androidx.test:core-ktx:1.4.0) with AarTransform
Transforming loader-1.0.0.aar (androidx.loader:loader:1.0.0) with ExtractAarTransform
Transforming loader-1.0.0.aar (androidx.loader:loader:1.0.0) with AarTransform
Transforming emoji2-1.3.0.aar (androidx.emoji2:emoji2:1.3.0) with ExtractAarTransform
Transforming emoji2-1.3.0.aar (androidx.emoji2:emoji2:1.3.0) with AarTransform
Transforming lifecycle-process-2.8.6.aar (androidx.lifecycle:lifecycle-process:2.8.6) with ExtractAarTransform
Transforming lifecycle-process-2.8.6.aar (androidx.lifecycle:lifecycle-process:2.8.6) with AarTransform
Transforming lifecycle-livedata-core-ktx-2.8.6.aar (androidx.lifecycle:lifecycle-livedata-core-ktx:2.8.6) with ExtractAarTransform
Transforming lifecycle-livedata-core-ktx-2.8.6.aar (androidx.lifecycle:lifecycle-livedata-core-ktx:2.8.6) with AarTransform
Transforming lifecycle-livedata-2.8.6.aar (androidx.lifecycle:lifecycle-livedata:2.8.6) with ExtractAarTransform
Transforming lifecycle-livedata-2.8.6.aar (androidx.lifecycle:lifecycle-livedata:2.8.6) with AarTransform
Transforming lifecycle-viewmodel-2.8.6.aar (androidx.lifecycle:lifecycle-viewmodel:2.8.6) with ExtractAarTransform
Transforming lifecycle-viewmodel-2.8.6.aar (androidx.lifecycle:lifecycle-viewmodel:2.8.6) with AarTransform
Transforming lifecycle-viewmodel-release.aar (androidx.lifecycle:lifecycle-viewmodel-android:2.8.6) with ExtractAarTransform
Transforming lifecycle-viewmodel-release.aar (androidx.lifecycle:lifecycle-viewmodel-android:2.8.6) with AarTransform
Transforming lifecycle-runtime-compose-release.aar (androidx.lifecycle:lifecycle-runtime-compose-android:2.8.6) with ExtractAarTransform
Transforming lifecycle-runtime-compose-release.aar (androidx.lifecycle:lifecycle-runtime-compose-android:2.8.6) with AarTransform
Transforming core-1.4.0.aar (androidx.test:core:1.4.0) with ExtractAarTransform
Transforming core-1.4.0.aar (androidx.test:core:1.4.0) with AarTransform
Transforming lifecycle-runtime-release.aar (androidx.lifecycle:lifecycle-runtime-android:2.8.6) with ExtractAarTransform
Transforming lifecycle-runtime-release.aar (androidx.lifecycle:lifecycle-runtime-android:2.8.6) with AarTransform
Transforming lifecycle-livedata-core-2.8.6.aar (androidx.lifecycle:lifecycle-livedata-core:2.8.6) with ExtractAarTransform
Transforming lifecycle-livedata-core-2.8.6.aar (androidx.lifecycle:lifecycle-livedata-core:2.8.6) with AarTransform
Transforming lifecycle-viewmodel-ktx-2.8.6.aar (androidx.lifecycle:lifecycle-viewmodel-ktx:2.8.6) with ExtractAarTransform
Transforming lifecycle-viewmodel-ktx-2.8.6.aar (androidx.lifecycle:lifecycle-viewmodel-ktx:2.8.6) with AarTransform
Transforming lifecycle-viewmodel-savedstate-2.8.6.aar (androidx.lifecycle:lifecycle-viewmodel-savedstate:2.8.6) with ExtractAarTransform
Transforming lifecycle-viewmodel-savedstate-2.8.6.aar (androidx.lifecycle:lifecycle-viewmodel-savedstate:2.8.6) with AarTransform
Transforming lifecycle-runtime-ktx-release.aar (androidx.lifecycle:lifecycle-runtime-ktx-android:2.8.6) with ExtractAarTransform
Transforming lifecycle-runtime-ktx-release.aar (androidx.lifecycle:lifecycle-runtime-ktx-android:2.8.6) with AarTransform
Transforming lifecycle-viewmodel-compose-release.aar (androidx.lifecycle:lifecycle-viewmodel-compose-android:2.8.6) with ExtractAarTransform
Transforming lifecycle-viewmodel-compose-release.aar (androidx.lifecycle:lifecycle-viewmodel-compose-android:2.8.6) with AarTransform
Transforming ui-release.aar (androidx.compose.ui:ui-android:1.7.2) with ExtractAarTransform
Transforming ui-release.aar (androidx.compose.ui:ui-android:1.7.2) with AarTransform
Transforming autofill-1.0.0.aar (androidx.autofill:autofill:1.0.0) with ExtractAarTransform
Transforming autofill-1.0.0.aar (androidx.autofill:autofill:1.0.0) with AarTransform
Transforming appcompat-resources-1.4.2.aar (androidx.appcompat:appcompat-resources:1.4.2) with ExtractAarTransform
Transforming appcompat-resources-1.4.2.aar (androidx.appcompat:appcompat-resources:1.4.2) with AarTransform
Transforming vectordrawable-animated-1.1.0.aar (androidx.vectordrawable:vectordrawable-animated:1.1.0) with ExtractAarTransform
Transforming vectordrawable-animated-1.1.0.aar (androidx.vectordrawable:vectordrawable-animated:1.1.0) with AarTransform
Transforming vectordrawable-1.1.0.aar (androidx.vectordrawable:vectordrawable:1.1.0) with ExtractAarTransform
Transforming vectordrawable-1.1.0.aar (androidx.vectordrawable:vectordrawable:1.1.0) with AarTransform
Transforming vectordrawable-1.1.0.aar (androidx.vectordrawable:vectordrawable:1.1.0) with ExtractAarTransform
Transforming vectordrawable-1.1.0.aar (androidx.vectordrawable:vectordrawable:1.1.0) with AarTransform
Transforming viewpager-1.0.0.aar (androidx.viewpager:viewpager:1.0.0) with ExtractAarTransform
Transforming viewpager-1.0.0.aar (androidx.viewpager:viewpager:1.0.0) with AarTransform
Transforming customview-1.0.0.aar (androidx.customview:customview:1.0.0) with ExtractAarTransform
Transforming customview-1.0.0.aar (androidx.customview:customview:1.0.0) with AarTransform
Transforming graphics-path-1.0.1.aar (androidx.graphics:graphics-path:1.0.1) with ExtractAarTransform
Transforming graphics-path-1.0.1.aar (androidx.graphics:graphics-path:1.0.1) with AarTransform
Transforming core-1.13.1.aar (androidx.core:core:1.13.1) with ExtractAarTransform
Transforming core-1.13.1.aar (androidx.core:core:1.13.1) with AarTransform
Transforming core-1.13.1.aar (androidx.core:core:1.13.1) with ExtractAarTransform
Transforming core-1.13.1.aar (androidx.core:core:1.13.1) with AarTransform
Transforming customview-poolingcontainer-1.0.0.aar (androidx.customview:customview-poolingcontainer:1.0.0) with ExtractAarTransform
Transforming customview-poolingcontainer-1.0.0.aar (androidx.customview:customview-poolingcontainer:1.0.0) with AarTransform
Transforming core-ktx-1.13.1.aar (androidx.core:core-ktx:1.13.1) with ExtractAarTransform
Transforming core-ktx-1.13.1.aar (androidx.core:core-ktx:1.13.1) with AarTransform
Transforming datastore-core-release.aar (androidx.datastore:datastore-core-android:1.1.1) with ExtractAarTransform
Transforming datastore-core-release.aar (androidx.datastore:datastore-core-android:1.1.1) with AarTransform
Transforming datastore-release.aar (androidx.datastore:datastore-android:1.1.1) with ExtractAarTransform
Transforming datastore-release.aar (androidx.datastore:datastore-android:1.1.1) with AarTransform
Transforming datastore-preferences-release.aar (androidx.datastore:datastore-preferences-android:1.1.1) with ExtractAarTransform
Transforming datastore-preferences-release.aar (androidx.datastore:datastore-preferences-android:1.1.1) with AarTransform
Transforming runtime-release.aar (androidx.compose.runtime:runtime-android:1.7.2) with ExtractAarTransform
Transforming runtime-release.aar (androidx.compose.runtime:runtime-android:1.7.2) with AarTransform
Transforming runtime-saveable-release.aar (androidx.compose.runtime:runtime-saveable-android:1.7.2) with ExtractAarTransform
Transforming runtime-saveable-release.aar (androidx.compose.runtime:runtime-saveable-android:1.7.2) with AarTransform
Transforming annotation-experimental-1.4.1.aar (androidx.annotation:annotation-experimental:1.4.1) with ExtractAarTransform
Transforming annotation-experimental-1.4.1.aar (androidx.annotation:annotation-experimental:1.4.1) with AarTransform
Transforming gifdecoder-4.16.0.aar (com.github.bumptech.glide:gifdecoder:4.16.0) with ExtractAarTransform
Transforming gifdecoder-4.16.0.aar (com.github.bumptech.glide:gifdecoder:4.16.0) with AarTransform
Transforming exifinterface-1.3.6.aar (androidx.exifinterface:exifinterface:1.3.6) with ExtractAarTransform
Transforming exifinterface-1.3.6.aar (androidx.exifinterface:exifinterface:1.3.6) with AarTransform
Transforming profileinstaller-1.3.1.aar (androidx.profileinstaller:profileinstaller:1.3.1) with ExtractAarTransform
Transforming profileinstaller-1.3.1.aar (androidx.profileinstaller:profileinstaller:1.3.1) with AarTransform
Transforming startup-runtime-1.1.1.aar (androidx.startup:startup-runtime:1.1.1) with ExtractAarTransform
Transforming startup-runtime-1.1.1.aar (androidx.startup:startup-runtime:1.1.1) with AarTransform
Transforming tracing-1.0.0.aar (androidx.tracing:tracing:1.0.0) with ExtractAarTransform
Transforming tracing-1.0.0.aar (androidx.tracing:tracing:1.0.0) with AarTransform
Transforming interpolator-1.0.0.aar (androidx.interpolator:interpolator:1.0.0) with ExtractAarTransform
Transforming interpolator-1.0.0.aar (androidx.interpolator:interpolator:1.0.0) with AarTransform
Transforming interpolator-1.0.0.aar (androidx.interpolator:interpolator:1.0.0) with ExtractAarTransform
Transforming interpolator-1.0.0.aar (androidx.interpolator:interpolator:1.0.0) with AarTransform
Transforming versionedparcelable-1.1.1.aar (androidx.versionedparcelable:versionedparcelable:1.1.1) with ExtractAarTransform
Transforming versionedparcelable-1.1.1.aar (androidx.versionedparcelable:versionedparcelable:1.1.1) with AarTransform
Transforming core-runtime-2.2.0.aar (androidx.arch.core:core-runtime:2.2.0) with ExtractAarTransform
Transforming core-runtime-2.2.0.aar (androidx.arch.core:core-runtime:2.2.0) with AarTransform
Transforming monitor-1.4.0.aar (androidx.test:monitor:1.4.0) with ExtractAarTransform
Transforming monitor-1.4.0.aar (androidx.test:monitor:1.4.0) with AarTransform
Transforming dagger-lint-aar-2.51.1.aar (com.google.dagger:dagger-lint-aar:2.51.1) with ExtractAarTransform
Transforming dagger-lint-aar-2.51.1.aar (com.google.dagger:dagger-lint-aar:2.51.1) with AarTransform
Transforming compose-1.0.0-alpha.1.aar (com.github.bumptech.glide:compose:1.0.0-alpha.1) with ExtractAarTransform
Transforming compose-1.0.0-alpha.1.aar (com.github.bumptech.glide:compose:1.0.0-alpha.1) with AarTransform
Transforming ktx-1.0.0-alpha.1.aar (com.github.bumptech.glide:ktx:1.0.0-alpha.1) with ExtractAarTransform
Transforming ktx-1.0.0-alpha.1.aar (com.github.bumptech.glide:ktx:1.0.0-alpha.1) with AarTransform
Transforming hilt-navigation-compose-1.2.0.aar (androidx.hilt:hilt-navigation-compose:1.2.0) with ExtractAarTransform
Transforming hilt-navigation-compose-1.2.0.aar (androidx.hilt:hilt-navigation-compose:1.2.0) with AarTransform
Transforming hilt-navigation-1.2.0.aar (androidx.hilt:hilt-navigation:1.2.0) with ExtractAarTransform
Transforming hilt-navigation-1.2.0.aar (androidx.hilt:hilt-navigation:1.2.0) with AarTransform
Transforming navigation-common-2.8.1.aar (androidx.navigation:navigation-common:2.8.1) with ExtractAarTransform
Transforming navigation-common-2.8.1.aar (androidx.navigation:navigation-common:2.8.1) with AarTransform
Transforming navigation-runtime-2.8.1.aar (androidx.navigation:navigation-runtime:2.8.1) with ExtractAarTransform
Transforming navigation-runtime-2.8.1.aar (androidx.navigation:navigation-runtime:2.8.1) with AarTransform
Transforming navigation-common-ktx-2.8.1.aar (androidx.navigation:navigation-common-ktx:2.8.1) with ExtractAarTransform
Transforming navigation-common-ktx-2.8.1.aar (androidx.navigation:navigation-common-ktx:2.8.1) with AarTransform
Transforming navigation-runtime-ktx-2.8.1.aar (androidx.navigation:navigation-runtime-ktx:2.8.1) with ExtractAarTransform
Transforming navigation-runtime-ktx-2.8.1.aar (androidx.navigation:navigation-runtime-ktx:2.8.1) with AarTransform
Transforming navigation-compose-2.8.1.aar (androidx.navigation:navigation-compose:2.8.1) with ExtractAarTransform
Transforming navigation-compose-2.8.1.aar (androidx.navigation:navigation-compose:2.8.1) with AarTransform
Transforming coil-compose-2.2.2.aar (io.coil-kt:coil-compose:2.2.2) with ExtractAarTransform
Transforming coil-compose-2.2.2.aar (io.coil-kt:coil-compose:2.2.2) with AarTransform
Transforming coil-compose-base-2.2.2.aar (io.coil-kt:coil-compose-base:2.2.2) with ExtractAarTransform
Transforming coil-compose-base-2.2.2.aar (io.coil-kt:coil-compose-base:2.2.2) with AarTransform
Transforming hilt-android-2.51.1.aar (com.google.dagger:hilt-android:2.51.1) with ExtractAarTransform
Transforming hilt-android-2.51.1.aar (com.google.dagger:hilt-android:2.51.1) with AarTransform
Transforming recyclerview-integration-4.14.2.aar (com.github.bumptech.glide:recyclerview-integration:4.14.2) with ExtractAarTransform
Transforming recyclerview-integration-4.14.2.aar (com.github.bumptech.glide:recyclerview-integration:4.14.2) with AarTransform
Transforming glide-4.16.0.aar (com.github.bumptech.glide:glide:4.16.0) with ExtractAarTransform
Transforming glide-4.16.0.aar (com.github.bumptech.glide:glide:4.16.0) with AarTransform
Transforming fragment-1.5.1.aar (androidx.fragment:fragment:1.5.1) with ExtractAarTransform
Transforming fragment-1.5.1.aar (androidx.fragment:fragment:1.5.1) with AarTransform
Transforming material3-release.aar (androidx.compose.material3:material3-android:1.2.1) with ExtractAarTransform
Transforming material3-release.aar (androidx.compose.material3:material3-android:1.2.1) with AarTransform
Transforming foundation-layout-release.aar (androidx.compose.foundation:foundation-layout-android:1.7.2) with ExtractAarTransform
Transforming foundation-layout-release.aar (androidx.compose.foundation:foundation-layout-android:1.7.2) with AarTransform
Transforming material-icons-core-release.aar (androidx.compose.material:material-icons-core-android:1.6.6) with ExtractAarTransform
Transforming material-icons-core-release.aar (androidx.compose.material:material-icons-core-android:1.6.6) with AarTransform
Transforming material-ripple-release.aar (androidx.compose.material:material-ripple-android:1.7.2) with ExtractAarTransform
Transforming material-ripple-release.aar (androidx.compose.material:material-ripple-android:1.7.2) with AarTransform
Transforming foundation-release.aar (androidx.compose.foundation:foundation-android:1.7.2) with ExtractAarTransform
Transforming foundation-release.aar (androidx.compose.foundation:foundation-android:1.7.2) with AarTransform
Transforming animation-core-release.aar (androidx.compose.animation:animation-core-android:1.7.2) with ExtractAarTransform
Transforming animation-core-release.aar (androidx.compose.animation:animation-core-android:1.7.2) with AarTransform
Transforming animation-release.aar (androidx.compose.animation:animation-android:1.7.2) with ExtractAarTransform
Transforming animation-release.aar (androidx.compose.animation:animation-android:1.7.2) with AarTransform
Transforming ui-tooling-data-release.aar (androidx.compose.ui:ui-tooling-data-android:1.7.2) with ExtractAarTransform
Transforming ui-tooling-data-release.aar (androidx.compose.ui:ui-tooling-data-android:1.7.2) with AarTransform
Transforming ui-unit-release.aar (androidx.compose.ui:ui-unit-android:1.7.2) with ExtractAarTransform
Transforming ui-unit-release.aar (androidx.compose.ui:ui-unit-android:1.7.2) with AarTransform
Transforming ui-geometry-release.aar (androidx.compose.ui:ui-geometry-android:1.7.2) with ExtractAarTransform
Transforming ui-geometry-release.aar (androidx.compose.ui:ui-geometry-android:1.7.2) with AarTransform
Transforming ui-graphics-release.aar (androidx.compose.ui:ui-graphics-android:1.7.2) with ExtractAarTransform
Transforming ui-graphics-release.aar (androidx.compose.ui:ui-graphics-android:1.7.2) with AarTransform
Transforming ui-util-release.aar (androidx.compose.ui:ui-util-android:1.7.2) with ExtractAarTransform
Transforming ui-util-release.aar (androidx.compose.ui:ui-util-android:1.7.2) with AarTransform
Transforming ui-tooling-release.aar (androidx.compose.ui:ui-tooling-android:1.7.2) with ExtractAarTransform
Transforming ui-tooling-release.aar (androidx.compose.ui:ui-tooling-android:1.7.2) with AarTransform
Transforming material-release.aar (androidx.compose.material:material-android:1.7.2) with ExtractAarTransform
Transforming material-release.aar (androidx.compose.material:material-android:1.7.2) with AarTransform
Transforming ui-text-release.aar (androidx.compose.ui:ui-text-android:1.7.2) with ExtractAarTransform
Transforming ui-text-release.aar (androidx.compose.ui:ui-text-android:1.7.2) with AarTransform
Transforming ui-tooling-preview-release.aar (androidx.compose.ui:ui-tooling-preview-android:1.7.2) with ExtractAarTransform
Transforming ui-tooling-preview-release.aar (androidx.compose.ui:ui-tooling-preview-android:1.7.2) with AarTransform
Transforming ui-test-manifest-1.7.2.aar (androidx.compose.ui:ui-test-manifest:1.7.2) with ExtractAarTransform
Transforming ui-test-manifest-1.7.2.aar (androidx.compose.ui:ui-test-manifest:1.7.2) with AarTransform
Transforming activity-1.9.2.aar (androidx.activity:activity:1.9.2) with ExtractAarTransform
Transforming activity-1.9.2.aar (androidx.activity:activity:1.9.2) with AarTransform
Transforming activity-ktx-1.9.2.aar (androidx.activity:activity-ktx:1.9.2) with ExtractAarTransform
Transforming activity-ktx-1.9.2.aar (androidx.activity:activity-ktx:1.9.2) with AarTransform
Transforming activity-compose-1.9.2.aar (androidx.activity:activity-compose:1.9.2) with ExtractAarTransform
Transforming activity-compose-1.9.2.aar (androidx.activity:activity-compose:1.9.2) with AarTransform
Transforming accompanist-drawablepainter-0.25.1.aar (com.google.accompanist:accompanist-drawablepainter:0.25.1) with ExtractAarTransform
Transforming accompanist-drawablepainter-0.25.1.aar (com.google.accompanist:accompanist-drawablepainter:0.25.1) with AarTransform
Transforming coil-2.2.2.aar (io.coil-kt:coil:2.2.2) with ExtractAarTransform
Transforming coil-2.2.2.aar (io.coil-kt:coil:2.2.2) with AarTransform
Transforming coil-base-2.2.2.aar (io.coil-kt:coil-base:2.2.2) with ExtractAarTransform
Transforming coil-base-2.2.2.aar (io.coil-kt:coil-base:2.2.2) with AarTransform
Transforming savedstate-ktx-1.2.1.aar (androidx.savedstate:savedstate-ktx:1.2.1) with ExtractAarTransform
Transforming savedstate-ktx-1.2.1.aar (androidx.savedstate:savedstate-ktx:1.2.1) with AarTransform
Transforming savedstate-1.2.1.aar (androidx.savedstate:savedstate:1.2.1) with ExtractAarTransform
Transforming savedstate-1.2.1.aar (androidx.savedstate:savedstate:1.2.1) with AarTransform
Transforming core-ktx-1.4.0.aar (androidx.test:core-ktx:1.4.0) with ExtractAarTransform
Transforming core-ktx-1.4.0.aar (androidx.test:core-ktx:1.4.0) with AarTransform
Transforming loader-1.0.0.aar (androidx.loader:loader:1.0.0) with ExtractAarTransform
Transforming loader-1.0.0.aar (androidx.loader:loader:1.0.0) with AarTransform
Transforming emoji2-1.3.0.aar (androidx.emoji2:emoji2:1.3.0) with ExtractAarTransform
Transforming emoji2-1.3.0.aar (androidx.emoji2:emoji2:1.3.0) with AarTransform
Transforming lifecycle-process-2.8.6.aar (androidx.lifecycle:lifecycle-process:2.8.6) with ExtractAarTransform
Transforming lifecycle-process-2.8.6.aar (androidx.lifecycle:lifecycle-process:2.8.6) with AarTransform
Transforming lifecycle-livedata-core-ktx-2.8.6.aar (androidx.lifecycle:lifecycle-livedata-core-ktx:2.8.6) with ExtractAarTransform
Transforming lifecycle-livedata-core-ktx-2.8.6.aar (androidx.lifecycle:lifecycle-livedata-core-ktx:2.8.6) with AarTransform
Transforming lifecycle-livedata-2.8.6.aar (androidx.lifecycle:lifecycle-livedata:2.8.6) with ExtractAarTransform
Transforming lifecycle-livedata-2.8.6.aar (androidx.lifecycle:lifecycle-livedata:2.8.6) with AarTransform
Transforming lifecycle-viewmodel-2.8.6.aar (androidx.lifecycle:lifecycle-viewmodel:2.8.6) with ExtractAarTransform
Transforming lifecycle-viewmodel-2.8.6.aar (androidx.lifecycle:lifecycle-viewmodel:2.8.6) with AarTransform
Transforming lifecycle-viewmodel-release.aar (androidx.lifecycle:lifecycle-viewmodel-android:2.8.6) with ExtractAarTransform
Transforming lifecycle-viewmodel-release.aar (androidx.lifecycle:lifecycle-viewmodel-android:2.8.6) with AarTransform
Transforming lifecycle-runtime-compose-release.aar (androidx.lifecycle:lifecycle-runtime-compose-android:2.8.6) with ExtractAarTransform
Transforming lifecycle-runtime-compose-release.aar (androidx.lifecycle:lifecycle-runtime-compose-android:2.8.6) with AarTransform
Transforming core-1.4.0.aar (androidx.test:core:1.4.0) with ExtractAarTransform
Transforming core-1.4.0.aar (androidx.test:core:1.4.0) with AarTransform
Transforming lifecycle-runtime-release.aar (androidx.lifecycle:lifecycle-runtime-android:2.8.6) with ExtractAarTransform
Transforming lifecycle-runtime-release.aar (androidx.lifecycle:lifecycle-runtime-android:2.8.6) with AarTransform
Transforming lifecycle-livedata-core-2.8.6.aar (androidx.lifecycle:lifecycle-livedata-core:2.8.6) with ExtractAarTransform
Transforming lifecycle-livedata-core-2.8.6.aar (androidx.lifecycle:lifecycle-livedata-core:2.8.6) with AarTransform
Transforming lifecycle-viewmodel-ktx-2.8.6.aar (androidx.lifecycle:lifecycle-viewmodel-ktx:2.8.6) with ExtractAarTransform
Transforming lifecycle-viewmodel-ktx-2.8.6.aar (androidx.lifecycle:lifecycle-viewmodel-ktx:2.8.6) with AarTransform
Transforming lifecycle-viewmodel-savedstate-2.8.6.aar (androidx.lifecycle:lifecycle-viewmodel-savedstate:2.8.6) with ExtractAarTransform
Transforming lifecycle-viewmodel-savedstate-2.8.6.aar (androidx.lifecycle:lifecycle-viewmodel-savedstate:2.8.6) with AarTransform
Transforming lifecycle-runtime-ktx-release.aar (androidx.lifecycle:lifecycle-runtime-ktx-android:2.8.6) with ExtractAarTransform
Transforming lifecycle-runtime-ktx-release.aar (androidx.lifecycle:lifecycle-runtime-ktx-android:2.8.6) with AarTransform
Transforming lifecycle-viewmodel-compose-release.aar (androidx.lifecycle:lifecycle-viewmodel-compose-android:2.8.6) with ExtractAarTransform
Transforming lifecycle-viewmodel-compose-release.aar (androidx.lifecycle:lifecycle-viewmodel-compose-android:2.8.6) with AarTransform
Transforming ui-release.aar (androidx.compose.ui:ui-android:1.7.2) with ExtractAarTransform
Transforming ui-release.aar (androidx.compose.ui:ui-android:1.7.2) with AarTransform
Transforming autofill-1.0.0.aar (androidx.autofill:autofill:1.0.0) with ExtractAarTransform
Transforming autofill-1.0.0.aar (androidx.autofill:autofill:1.0.0) with AarTransform
Transforming appcompat-resources-1.4.2.aar (androidx.appcompat:appcompat-resources:1.4.2) with ExtractAarTransform
Transforming appcompat-resources-1.4.2.aar (androidx.appcompat:appcompat-resources:1.4.2) with AarTransform
Transforming vectordrawable-animated-1.1.0.aar (androidx.vectordrawable:vectordrawable-animated:1.1.0) with ExtractAarTransform
Transforming vectordrawable-animated-1.1.0.aar (androidx.vectordrawable:vectordrawable-animated:1.1.0) with AarTransform
Transforming vectordrawable-1.1.0.aar (androidx.vectordrawable:vectordrawable:1.1.0) with ExtractAarTransform
Transforming vectordrawable-1.1.0.aar (androidx.vectordrawable:vectordrawable:1.1.0) with AarTransform
Transforming vectordrawable-1.1.0.aar (androidx.vectordrawable:vectordrawable:1.1.0) with ExtractAarTransform
Transforming vectordrawable-1.1.0.aar (androidx.vectordrawable:vectordrawable:1.1.0) with AarTransform
Transforming viewpager-1.0.0.aar (androidx.viewpager:viewpager:1.0.0) with ExtractAarTransform
Transforming viewpager-1.0.0.aar (androidx.viewpager:viewpager:1.0.0) with AarTransform
Transforming customview-1.0.0.aar (androidx.customview:customview:1.0.0) with ExtractAarTransform
Transforming customview-1.0.0.aar (androidx.customview:customview:1.0.0) with AarTransform
Transforming graphics-path-1.0.1.aar (androidx.graphics:graphics-path:1.0.1) with ExtractAarTransform
Transforming graphics-path-1.0.1.aar (androidx.graphics:graphics-path:1.0.1) with AarTransform
Transforming core-1.13.1.aar (androidx.core:core:1.13.1) with ExtractAarTransform
Transforming core-1.13.1.aar (androidx.core:core:1.13.1) with AarTransform
Transforming core-1.13.1.aar (androidx.core:core:1.13.1) with ExtractAarTransform
Transforming core-1.13.1.aar (androidx.core:core:1.13.1) with AarTransform
Transforming customview-poolingcontainer-1.0.0.aar (androidx.customview:customview-poolingcontainer:1.0.0) with ExtractAarTransform
Transforming customview-poolingcontainer-1.0.0.aar (androidx.customview:customview-poolingcontainer:1.0.0) with AarTransform
Transforming core-ktx-1.13.1.aar (androidx.core:core-ktx:1.13.1) with ExtractAarTransform
Transforming core-ktx-1.13.1.aar (androidx.core:core-ktx:1.13.1) with AarTransform
Transforming datastore-core-release.aar (androidx.datastore:datastore-core-android:1.1.1) with ExtractAarTransform
Transforming datastore-core-release.aar (androidx.datastore:datastore-core-android:1.1.1) with AarTransform
Transforming datastore-release.aar (androidx.datastore:datastore-android:1.1.1) with ExtractAarTransform
Transforming datastore-release.aar (androidx.datastore:datastore-android:1.1.1) with AarTransform
Transforming datastore-preferences-release.aar (androidx.datastore:datastore-preferences-android:1.1.1) with ExtractAarTransform
Transforming datastore-preferences-release.aar (androidx.datastore:datastore-preferences-android:1.1.1) with AarTransform
Transforming runtime-release.aar (androidx.compose.runtime:runtime-android:1.7.2) with ExtractAarTransform
Transforming runtime-release.aar (androidx.compose.runtime:runtime-android:1.7.2) with AarTransform
Transforming runtime-saveable-release.aar (androidx.compose.runtime:runtime-saveable-android:1.7.2) with ExtractAarTransform
Transforming runtime-saveable-release.aar (androidx.compose.runtime:runtime-saveable-android:1.7.2) with AarTransform
Transforming annotation-experimental-1.4.1.aar (androidx.annotation:annotation-experimental:1.4.1) with ExtractAarTransform
Transforming annotation-experimental-1.4.1.aar (androidx.annotation:annotation-experimental:1.4.1) with AarTransform
Transforming gifdecoder-4.16.0.aar (com.github.bumptech.glide:gifdecoder:4.16.0) with ExtractAarTransform
Transforming gifdecoder-4.16.0.aar (com.github.bumptech.glide:gifdecoder:4.16.0) with AarTransform
Transforming exifinterface-1.3.6.aar (androidx.exifinterface:exifinterface:1.3.6) with ExtractAarTransform
Transforming exifinterface-1.3.6.aar (androidx.exifinterface:exifinterface:1.3.6) with AarTransform
Transforming profileinstaller-1.3.1.aar (androidx.profileinstaller:profileinstaller:1.3.1) with ExtractAarTransform
Transforming profileinstaller-1.3.1.aar (androidx.profileinstaller:profileinstaller:1.3.1) with AarTransform
Transforming startup-runtime-1.1.1.aar (androidx.startup:startup-runtime:1.1.1) with ExtractAarTransform
Transforming startup-runtime-1.1.1.aar (androidx.startup:startup-runtime:1.1.1) with AarTransform
Transforming tracing-1.0.0.aar (androidx.tracing:tracing:1.0.0) with ExtractAarTransform
Transforming tracing-1.0.0.aar (androidx.tracing:tracing:1.0.0) with AarTransform
Transforming interpolator-1.0.0.aar (androidx.interpolator:interpolator:1.0.0) with ExtractAarTransform
Transforming interpolator-1.0.0.aar (androidx.interpolator:interpolator:1.0.0) with AarTransform
Transforming interpolator-1.0.0.aar (androidx.interpolator:interpolator:1.0.0) with ExtractAarTransform
Transforming interpolator-1.0.0.aar (androidx.interpolator:interpolator:1.0.0) with AarTransform
Transforming versionedparcelable-1.1.1.aar (androidx.versionedparcelable:versionedparcelable:1.1.1) with ExtractAarTransform
Transforming versionedparcelable-1.1.1.aar (androidx.versionedparcelable:versionedparcelable:1.1.1) with AarTransform
Transforming core-runtime-2.2.0.aar (androidx.arch.core:core-runtime:2.2.0) with ExtractAarTransform
Transforming core-runtime-2.2.0.aar (androidx.arch.core:core-runtime:2.2.0) with AarTransform
Transforming monitor-1.4.0.aar (androidx.test:monitor:1.4.0) with ExtractAarTransform
Transforming monitor-1.4.0.aar (androidx.test:monitor:1.4.0) with AarTransform
Transforming dagger-lint-aar-2.51.1.aar (com.google.dagger:dagger-lint-aar:2.51.1) with ExtractAarTransform
Transforming dagger-lint-aar-2.51.1.aar (com.google.dagger:dagger-lint-aar:2.51.1) with AarTransform
Caching disabled for task ':app:processDebugMainManifest' because:
  Build cache is disabled
Skipping task ':app:processDebugMainManifest' as it is up-to-date.
Resolve mutations for :app:processDebugManifest (Thread[#294,included builds,5,main]) started.
:app:processDebugManifest (Thread[#294,included builds,5,main]) started.

> Task :app:processDebugManifest UP-TO-DATE
Caching disabled for task ':app:processDebugManifest' because:
  Build cache is disabled
Skipping task ':app:processDebugManifest' as it is up-to-date.
Resolve mutations for :app:processDebugManifestForPackage (Thread[#294,included builds,5,main]) started.
:app:processDebugManifestForPackage (Thread[#294,included builds,5,main]) started.

> Task :app:processDebugManifestForPackage UP-TO-DATE
Custom actions are attached to task ':app:processDebugManifestForPackage'.
Caching disabled for task ':app:processDebugManifestForPackage' because:
  Build cache is disabled
Skipping task ':app:processDebugManifestForPackage' as it is up-to-date.
Resolve mutations for :app:processDebugResources (Thread[#294,included builds,5,main]) started.
:app:processDebugResources (Thread[#294,included builds,5,main]) started.

> Task :app:processDebugResources UP-TO-DATE
Transforming aapt2-8.5.2-11315950-windows.jar (com.android.tools.build:aapt2:8.5.2-11315950) with Aapt2Extractor
Transforming compose-1.0.0-alpha.1.aar (com.github.bumptech.glide:compose:1.0.0-alpha.1) with ExtractAarTransform
Transforming compose-1.0.0-alpha.1.aar (com.github.bumptech.glide:compose:1.0.0-alpha.1) with AarResourcesCompilerTransform
Transforming ktx-1.0.0-alpha.1.aar (com.github.bumptech.glide:ktx:1.0.0-alpha.1) with ExtractAarTransform
Transforming ktx-1.0.0-alpha.1.aar (com.github.bumptech.glide:ktx:1.0.0-alpha.1) with AarResourcesCompilerTransform
Transforming hilt-navigation-compose-1.2.0.aar (androidx.hilt:hilt-navigation-compose:1.2.0) with ExtractAarTransform
Transforming hilt-navigation-compose-1.2.0.aar (androidx.hilt:hilt-navigation-compose:1.2.0) with AarResourcesCompilerTransform
Transforming hilt-navigation-1.2.0.aar (androidx.hilt:hilt-navigation:1.2.0) with ExtractAarTransform
Transforming hilt-navigation-1.2.0.aar (androidx.hilt:hilt-navigation:1.2.0) with AarResourcesCompilerTransform
Transforming navigation-common-2.8.1.aar (androidx.navigation:navigation-common:2.8.1) with ExtractAarTransform
Transforming navigation-common-2.8.1.aar (androidx.navigation:navigation-common:2.8.1) with AarResourcesCompilerTransform
Transforming navigation-runtime-2.8.1.aar (androidx.navigation:navigation-runtime:2.8.1) with ExtractAarTransform
Transforming navigation-runtime-2.8.1.aar (androidx.navigation:navigation-runtime:2.8.1) with AarResourcesCompilerTransform
Transforming navigation-common-ktx-2.8.1.aar (androidx.navigation:navigation-common-ktx:2.8.1) with ExtractAarTransform
Transforming navigation-common-ktx-2.8.1.aar (androidx.navigation:navigation-common-ktx:2.8.1) with AarResourcesCompilerTransform
Transforming navigation-runtime-ktx-2.8.1.aar (androidx.navigation:navigation-runtime-ktx:2.8.1) with ExtractAarTransform
Transforming navigation-runtime-ktx-2.8.1.aar (androidx.navigation:navigation-runtime-ktx:2.8.1) with AarResourcesCompilerTransform
Transforming navigation-compose-2.8.1.aar (androidx.navigation:navigation-compose:2.8.1) with ExtractAarTransform
Transforming navigation-compose-2.8.1.aar (androidx.navigation:navigation-compose:2.8.1) with AarResourcesCompilerTransform
Transforming coil-compose-2.2.2.aar (io.coil-kt:coil-compose:2.2.2) with ExtractAarTransform
Transforming coil-compose-2.2.2.aar (io.coil-kt:coil-compose:2.2.2) with AarResourcesCompilerTransform
Transforming coil-compose-base-2.2.2.aar (io.coil-kt:coil-compose-base:2.2.2) with ExtractAarTransform
Transforming coil-compose-base-2.2.2.aar (io.coil-kt:coil-compose-base:2.2.2) with AarResourcesCompilerTransform
Transforming hilt-android-2.51.1.aar (com.google.dagger:hilt-android:2.51.1) with ExtractAarTransform
Transforming hilt-android-2.51.1.aar (com.google.dagger:hilt-android:2.51.1) with AarResourcesCompilerTransform
Transforming recyclerview-integration-4.14.2.aar (com.github.bumptech.glide:recyclerview-integration:4.14.2) with ExtractAarTransform
Transforming recyclerview-integration-4.14.2.aar (com.github.bumptech.glide:recyclerview-integration:4.14.2) with AarResourcesCompilerTransform
Transforming glide-4.16.0.aar (com.github.bumptech.glide:glide:4.16.0) with ExtractAarTransform
Transforming glide-4.16.0.aar (com.github.bumptech.glide:glide:4.16.0) with AarResourcesCompilerTransform
Transforming fragment-1.5.1.aar (androidx.fragment:fragment:1.5.1) with ExtractAarTransform
Transforming fragment-1.5.1.aar (androidx.fragment:fragment:1.5.1) with AarResourcesCompilerTransform
Transforming material3-release.aar (androidx.compose.material3:material3-android:1.2.1) with ExtractAarTransform
Transforming material3-release.aar (androidx.compose.material3:material3-android:1.2.1) with AarResourcesCompilerTransform
Transforming foundation-layout-release.aar (androidx.compose.foundation:foundation-layout-android:1.7.2) with ExtractAarTransform
Transforming foundation-layout-release.aar (androidx.compose.foundation:foundation-layout-android:1.7.2) with AarResourcesCompilerTransform
Transforming material-icons-core-release.aar (androidx.compose.material:material-icons-core-android:1.6.6) with ExtractAarTransform
Transforming material-icons-core-release.aar (androidx.compose.material:material-icons-core-android:1.6.6) with AarResourcesCompilerTransform
Transforming material-ripple-release.aar (androidx.compose.material:material-ripple-android:1.7.2) with ExtractAarTransform
Transforming material-ripple-release.aar (androidx.compose.material:material-ripple-android:1.7.2) with AarResourcesCompilerTransform
Transforming foundation-release.aar (androidx.compose.foundation:foundation-android:1.7.2) with ExtractAarTransform
Transforming foundation-release.aar (androidx.compose.foundation:foundation-android:1.7.2) with AarResourcesCompilerTransform
Transforming animation-core-release.aar (androidx.compose.animation:animation-core-android:1.7.2) with ExtractAarTransform
Transforming animation-core-release.aar (androidx.compose.animation:animation-core-android:1.7.2) with AarResourcesCompilerTransform
Transforming animation-release.aar (androidx.compose.animation:animation-android:1.7.2) with ExtractAarTransform
Transforming animation-release.aar (androidx.compose.animation:animation-android:1.7.2) with AarResourcesCompilerTransform
Transforming ui-tooling-data-release.aar (androidx.compose.ui:ui-tooling-data-android:1.7.2) with ExtractAarTransform
Transforming ui-tooling-data-release.aar (androidx.compose.ui:ui-tooling-data-android:1.7.2) with AarResourcesCompilerTransform
Transforming ui-unit-release.aar (androidx.compose.ui:ui-unit-android:1.7.2) with ExtractAarTransform
Transforming ui-unit-release.aar (androidx.compose.ui:ui-unit-android:1.7.2) with AarResourcesCompilerTransform
Transforming ui-geometry-release.aar (androidx.compose.ui:ui-geometry-android:1.7.2) with ExtractAarTransform
Transforming ui-geometry-release.aar (androidx.compose.ui:ui-geometry-android:1.7.2) with AarResourcesCompilerTransform
Transforming ui-graphics-release.aar (androidx.compose.ui:ui-graphics-android:1.7.2) with ExtractAarTransform
Transforming ui-graphics-release.aar (androidx.compose.ui:ui-graphics-android:1.7.2) with AarResourcesCompilerTransform
Transforming ui-util-release.aar (androidx.compose.ui:ui-util-android:1.7.2) with ExtractAarTransform
Transforming ui-util-release.aar (androidx.compose.ui:ui-util-android:1.7.2) with AarResourcesCompilerTransform
Transforming ui-tooling-release.aar (androidx.compose.ui:ui-tooling-android:1.7.2) with ExtractAarTransform
Transforming ui-tooling-release.aar (androidx.compose.ui:ui-tooling-android:1.7.2) with AarResourcesCompilerTransform
Transforming material-release.aar (androidx.compose.material:material-android:1.7.2) with ExtractAarTransform
Transforming material-release.aar (androidx.compose.material:material-android:1.7.2) with AarResourcesCompilerTransform
Transforming ui-text-release.aar (androidx.compose.ui:ui-text-android:1.7.2) with ExtractAarTransform
Transforming ui-text-release.aar (androidx.compose.ui:ui-text-android:1.7.2) with AarResourcesCompilerTransform
Transforming ui-tooling-preview-release.aar (androidx.compose.ui:ui-tooling-preview-android:1.7.2) with ExtractAarTransform
Transforming ui-tooling-preview-release.aar (androidx.compose.ui:ui-tooling-preview-android:1.7.2) with AarResourcesCompilerTransform
Transforming ui-test-manifest-1.7.2.aar (androidx.compose.ui:ui-test-manifest:1.7.2) with ExtractAarTransform
Transforming ui-test-manifest-1.7.2.aar (androidx.compose.ui:ui-test-manifest:1.7.2) with AarResourcesCompilerTransform
Transforming activity-1.9.2.aar (androidx.activity:activity:1.9.2) with ExtractAarTransform
Transforming activity-1.9.2.aar (androidx.activity:activity:1.9.2) with AarResourcesCompilerTransform
Transforming activity-ktx-1.9.2.aar (androidx.activity:activity-ktx:1.9.2) with ExtractAarTransform
Transforming activity-ktx-1.9.2.aar (androidx.activity:activity-ktx:1.9.2) with AarResourcesCompilerTransform
Transforming activity-compose-1.9.2.aar (androidx.activity:activity-compose:1.9.2) with ExtractAarTransform
Transforming activity-compose-1.9.2.aar (androidx.activity:activity-compose:1.9.2) with AarResourcesCompilerTransform
Transforming accompanist-drawablepainter-0.25.1.aar (com.google.accompanist:accompanist-drawablepainter:0.25.1) with ExtractAarTransform
Transforming accompanist-drawablepainter-0.25.1.aar (com.google.accompanist:accompanist-drawablepainter:0.25.1) with AarResourcesCompilerTransform
Transforming coil-2.2.2.aar (io.coil-kt:coil:2.2.2) with ExtractAarTransform
Transforming coil-2.2.2.aar (io.coil-kt:coil:2.2.2) with AarResourcesCompilerTransform
Transforming coil-base-2.2.2.aar (io.coil-kt:coil-base:2.2.2) with ExtractAarTransform
Transforming coil-base-2.2.2.aar (io.coil-kt:coil-base:2.2.2) with AarResourcesCompilerTransform
Transforming savedstate-ktx-1.2.1.aar (androidx.savedstate:savedstate-ktx:1.2.1) with ExtractAarTransform
Transforming savedstate-ktx-1.2.1.aar (androidx.savedstate:savedstate-ktx:1.2.1) with AarResourcesCompilerTransform
Transforming savedstate-1.2.1.aar (androidx.savedstate:savedstate:1.2.1) with ExtractAarTransform
Transforming savedstate-1.2.1.aar (androidx.savedstate:savedstate:1.2.1) with AarResourcesCompilerTransform
Transforming core-ktx-1.4.0.aar (androidx.test:core-ktx:1.4.0) with ExtractAarTransform
Transforming core-ktx-1.4.0.aar (androidx.test:core-ktx:1.4.0) with AarResourcesCompilerTransform
Transforming loader-1.0.0.aar (androidx.loader:loader:1.0.0) with ExtractAarTransform
Transforming loader-1.0.0.aar (androidx.loader:loader:1.0.0) with AarResourcesCompilerTransform
Transforming emoji2-1.3.0.aar (androidx.emoji2:emoji2:1.3.0) with ExtractAarTransform
Transforming emoji2-1.3.0.aar (androidx.emoji2:emoji2:1.3.0) with AarResourcesCompilerTransform
Transforming lifecycle-process-2.8.6.aar (androidx.lifecycle:lifecycle-process:2.8.6) with ExtractAarTransform
Transforming lifecycle-process-2.8.6.aar (androidx.lifecycle:lifecycle-process:2.8.6) with AarResourcesCompilerTransform
Transforming lifecycle-livedata-core-ktx-2.8.6.aar (androidx.lifecycle:lifecycle-livedata-core-ktx:2.8.6) with ExtractAarTransform
Transforming lifecycle-livedata-core-ktx-2.8.6.aar (androidx.lifecycle:lifecycle-livedata-core-ktx:2.8.6) with AarResourcesCompilerTransform
Transforming lifecycle-livedata-2.8.6.aar (androidx.lifecycle:lifecycle-livedata:2.8.6) with ExtractAarTransform
Transforming lifecycle-livedata-2.8.6.aar (androidx.lifecycle:lifecycle-livedata:2.8.6) with AarResourcesCompilerTransform
Transforming lifecycle-viewmodel-2.8.6.aar (androidx.lifecycle:lifecycle-viewmodel:2.8.6) with ExtractAarTransform
Transforming lifecycle-viewmodel-2.8.6.aar (androidx.lifecycle:lifecycle-viewmodel:2.8.6) with AarResourcesCompilerTransform
Transforming lifecycle-viewmodel-release.aar (androidx.lifecycle:lifecycle-viewmodel-android:2.8.6) with ExtractAarTransform
Transforming lifecycle-viewmodel-release.aar (androidx.lifecycle:lifecycle-viewmodel-android:2.8.6) with AarResourcesCompilerTransform
Transforming lifecycle-runtime-compose-release.aar (androidx.lifecycle:lifecycle-runtime-compose-android:2.8.6) with ExtractAarTransform
Transforming lifecycle-runtime-compose-release.aar (androidx.lifecycle:lifecycle-runtime-compose-android:2.8.6) with AarResourcesCompilerTransform
Transforming core-1.4.0.aar (androidx.test:core:1.4.0) with ExtractAarTransform
Transforming core-1.4.0.aar (androidx.test:core:1.4.0) with AarResourcesCompilerTransform
Transforming lifecycle-runtime-release.aar (androidx.lifecycle:lifecycle-runtime-android:2.8.6) with ExtractAarTransform
Transforming lifecycle-runtime-release.aar (androidx.lifecycle:lifecycle-runtime-android:2.8.6) with AarResourcesCompilerTransform
Transforming lifecycle-livedata-core-2.8.6.aar (androidx.lifecycle:lifecycle-livedata-core:2.8.6) with ExtractAarTransform
Transforming lifecycle-livedata-core-2.8.6.aar (androidx.lifecycle:lifecycle-livedata-core:2.8.6) with AarResourcesCompilerTransform
Transforming lifecycle-viewmodel-ktx-2.8.6.aar (androidx.lifecycle:lifecycle-viewmodel-ktx:2.8.6) with ExtractAarTransform
Transforming lifecycle-viewmodel-ktx-2.8.6.aar (androidx.lifecycle:lifecycle-viewmodel-ktx:2.8.6) with AarResourcesCompilerTransform
Transforming lifecycle-viewmodel-savedstate-2.8.6.aar (androidx.lifecycle:lifecycle-viewmodel-savedstate:2.8.6) with ExtractAarTransform
Transforming lifecycle-viewmodel-savedstate-2.8.6.aar (androidx.lifecycle:lifecycle-viewmodel-savedstate:2.8.6) with AarResourcesCompilerTransform
Transforming lifecycle-runtime-ktx-release.aar (androidx.lifecycle:lifecycle-runtime-ktx-android:2.8.6) with ExtractAarTransform
Transforming lifecycle-runtime-ktx-release.aar (androidx.lifecycle:lifecycle-runtime-ktx-android:2.8.6) with AarResourcesCompilerTransform
Transforming lifecycle-viewmodel-compose-release.aar (androidx.lifecycle:lifecycle-viewmodel-compose-android:2.8.6) with ExtractAarTransform
Transforming lifecycle-viewmodel-compose-release.aar (androidx.lifecycle:lifecycle-viewmodel-compose-android:2.8.6) with AarResourcesCompilerTransform
Transforming ui-release.aar (androidx.compose.ui:ui-android:1.7.2) with ExtractAarTransform
Transforming ui-release.aar (androidx.compose.ui:ui-android:1.7.2) with AarResourcesCompilerTransform
Transforming autofill-1.0.0.aar (androidx.autofill:autofill:1.0.0) with ExtractAarTransform
Transforming autofill-1.0.0.aar (androidx.autofill:autofill:1.0.0) with AarResourcesCompilerTransform
Transforming appcompat-resources-1.4.2.aar (androidx.appcompat:appcompat-resources:1.4.2) with ExtractAarTransform
Transforming appcompat-resources-1.4.2.aar (androidx.appcompat:appcompat-resources:1.4.2) with AarResourcesCompilerTransform
Transforming vectordrawable-animated-1.1.0.aar (androidx.vectordrawable:vectordrawable-animated:1.1.0) with ExtractAarTransform
Transforming vectordrawable-animated-1.1.0.aar (androidx.vectordrawable:vectordrawable-animated:1.1.0) with AarResourcesCompilerTransform
Transforming vectordrawable-1.1.0.aar (androidx.vectordrawable:vectordrawable:1.1.0) with ExtractAarTransform
Transforming vectordrawable-1.1.0.aar (androidx.vectordrawable:vectordrawable:1.1.0) with AarResourcesCompilerTransform
Transforming vectordrawable-1.1.0.aar (androidx.vectordrawable:vectordrawable:1.1.0) with ExtractAarTransform
Transforming vectordrawable-1.1.0.aar (androidx.vectordrawable:vectordrawable:1.1.0) with AarResourcesCompilerTransform
Transforming viewpager-1.0.0.aar (androidx.viewpager:viewpager:1.0.0) with ExtractAarTransform
Transforming viewpager-1.0.0.aar (androidx.viewpager:viewpager:1.0.0) with AarResourcesCompilerTransform
Transforming customview-1.0.0.aar (androidx.customview:customview:1.0.0) with ExtractAarTransform
Transforming customview-1.0.0.aar (androidx.customview:customview:1.0.0) with AarResourcesCompilerTransform
Transforming graphics-path-1.0.1.aar (androidx.graphics:graphics-path:1.0.1) with ExtractAarTransform
Transforming graphics-path-1.0.1.aar (androidx.graphics:graphics-path:1.0.1) with AarResourcesCompilerTransform
Transforming core-1.13.1.aar (androidx.core:core:1.13.1) with ExtractAarTransform
Transforming core-1.13.1.aar (androidx.core:core:1.13.1) with AarResourcesCompilerTransform
Transforming core-1.13.1.aar (androidx.core:core:1.13.1) with ExtractAarTransform
Transforming core-1.13.1.aar (androidx.core:core:1.13.1) with AarResourcesCompilerTransform
Transforming customview-poolingcontainer-1.0.0.aar (androidx.customview:customview-poolingcontainer:1.0.0) with ExtractAarTransform
Transforming customview-poolingcontainer-1.0.0.aar (androidx.customview:customview-poolingcontainer:1.0.0) with AarResourcesCompilerTransform
Transforming core-ktx-1.13.1.aar (androidx.core:core-ktx:1.13.1) with ExtractAarTransform
Transforming core-ktx-1.13.1.aar (androidx.core:core-ktx:1.13.1) with AarResourcesCompilerTransform
Transforming datastore-core-release.aar (androidx.datastore:datastore-core-android:1.1.1) with ExtractAarTransform
Transforming datastore-core-release.aar (androidx.datastore:datastore-core-android:1.1.1) with AarResourcesCompilerTransform
Transforming datastore-release.aar (androidx.datastore:datastore-android:1.1.1) with ExtractAarTransform
Transforming datastore-release.aar (androidx.datastore:datastore-android:1.1.1) with AarResourcesCompilerTransform
Transforming datastore-preferences-release.aar (androidx.datastore:datastore-preferences-android:1.1.1) with ExtractAarTransform
Transforming datastore-preferences-release.aar (androidx.datastore:datastore-preferences-android:1.1.1) with AarResourcesCompilerTransform
Transforming runtime-release.aar (androidx.compose.runtime:runtime-android:1.7.2) with ExtractAarTransform
Transforming runtime-release.aar (androidx.compose.runtime:runtime-android:1.7.2) with AarResourcesCompilerTransform
Transforming runtime-saveable-release.aar (androidx.compose.runtime:runtime-saveable-android:1.7.2) with ExtractAarTransform
Transforming runtime-saveable-release.aar (androidx.compose.runtime:runtime-saveable-android:1.7.2) with AarResourcesCompilerTransform
Transforming annotation-experimental-1.4.1.aar (androidx.annotation:annotation-experimental:1.4.1) with ExtractAarTransform
Transforming annotation-experimental-1.4.1.aar (androidx.annotation:annotation-experimental:1.4.1) with AarResourcesCompilerTransform
Transforming gifdecoder-4.16.0.aar (com.github.bumptech.glide:gifdecoder:4.16.0) with ExtractAarTransform
Transforming gifdecoder-4.16.0.aar (com.github.bumptech.glide:gifdecoder:4.16.0) with AarResourcesCompilerTransform
Transforming exifinterface-1.3.6.aar (androidx.exifinterface:exifinterface:1.3.6) with ExtractAarTransform
Transforming exifinterface-1.3.6.aar (androidx.exifinterface:exifinterface:1.3.6) with AarResourcesCompilerTransform
Transforming profileinstaller-1.3.1.aar (androidx.profileinstaller:profileinstaller:1.3.1) with ExtractAarTransform
Transforming profileinstaller-1.3.1.aar (androidx.profileinstaller:profileinstaller:1.3.1) with AarResourcesCompilerTransform
Transforming startup-runtime-1.1.1.aar (androidx.startup:startup-runtime:1.1.1) with ExtractAarTransform
Transforming startup-runtime-1.1.1.aar (androidx.startup:startup-runtime:1.1.1) with AarResourcesCompilerTransform
Transforming tracing-1.0.0.aar (androidx.tracing:tracing:1.0.0) with ExtractAarTransform
Transforming tracing-1.0.0.aar (androidx.tracing:tracing:1.0.0) with AarResourcesCompilerTransform
Transforming interpolator-1.0.0.aar (androidx.interpolator:interpolator:1.0.0) with ExtractAarTransform
Transforming interpolator-1.0.0.aar (androidx.interpolator:interpolator:1.0.0) with AarResourcesCompilerTransform
Transforming interpolator-1.0.0.aar (androidx.interpolator:interpolator:1.0.0) with ExtractAarTransform
Transforming interpolator-1.0.0.aar (androidx.interpolator:interpolator:1.0.0) with AarResourcesCompilerTransform
Transforming versionedparcelable-1.1.1.aar (androidx.versionedparcelable:versionedparcelable:1.1.1) with ExtractAarTransform
Transforming versionedparcelable-1.1.1.aar (androidx.versionedparcelable:versionedparcelable:1.1.1) with AarResourcesCompilerTransform
Transforming core-runtime-2.2.0.aar (androidx.arch.core:core-runtime:2.2.0) with ExtractAarTransform
Transforming core-runtime-2.2.0.aar (androidx.arch.core:core-runtime:2.2.0) with AarResourcesCompilerTransform
Transforming monitor-1.4.0.aar (androidx.test:monitor:1.4.0) with ExtractAarTransform
Transforming monitor-1.4.0.aar (androidx.test:monitor:1.4.0) with AarResourcesCompilerTransform
Transforming dagger-lint-aar-2.51.1.aar (com.google.dagger:dagger-lint-aar:2.51.1) with ExtractAarTransform
Transforming dagger-lint-aar-2.51.1.aar (com.google.dagger:dagger-lint-aar:2.51.1) with AarResourcesCompilerTransform
Transforming compose-1.0.0-alpha.1.aar (com.github.bumptech.glide:compose:1.0.0-alpha.1) with ExtractAarTransform
Transforming compose-1.0.0-alpha.1.aar (com.github.bumptech.glide:compose:1.0.0-alpha.1) with LibrarySymbolTableTransform
Transforming ktx-1.0.0-alpha.1.aar (com.github.bumptech.glide:ktx:1.0.0-alpha.1) with ExtractAarTransform
Transforming ktx-1.0.0-alpha.1.aar (com.github.bumptech.glide:ktx:1.0.0-alpha.1) with LibrarySymbolTableTransform
Transforming hilt-navigation-compose-1.2.0.aar (androidx.hilt:hilt-navigation-compose:1.2.0) with ExtractAarTransform
Transforming hilt-navigation-compose-1.2.0.aar (androidx.hilt:hilt-navigation-compose:1.2.0) with LibrarySymbolTableTransform
Transforming hilt-navigation-1.2.0.aar (androidx.hilt:hilt-navigation:1.2.0) with ExtractAarTransform
Transforming hilt-navigation-1.2.0.aar (androidx.hilt:hilt-navigation:1.2.0) with LibrarySymbolTableTransform
Transforming navigation-common-2.8.1.aar (androidx.navigation:navigation-common:2.8.1) with ExtractAarTransform
Transforming navigation-common-2.8.1.aar (androidx.navigation:navigation-common:2.8.1) with LibrarySymbolTableTransform
Transforming navigation-runtime-2.8.1.aar (androidx.navigation:navigation-runtime:2.8.1) with ExtractAarTransform
Transforming navigation-runtime-2.8.1.aar (androidx.navigation:navigation-runtime:2.8.1) with LibrarySymbolTableTransform
Transforming navigation-common-ktx-2.8.1.aar (androidx.navigation:navigation-common-ktx:2.8.1) with ExtractAarTransform
Transforming navigation-common-ktx-2.8.1.aar (androidx.navigation:navigation-common-ktx:2.8.1) with LibrarySymbolTableTransform
Transforming navigation-runtime-ktx-2.8.1.aar (androidx.navigation:navigation-runtime-ktx:2.8.1) with ExtractAarTransform
Transforming navigation-runtime-ktx-2.8.1.aar (androidx.navigation:navigation-runtime-ktx:2.8.1) with LibrarySymbolTableTransform
Transforming navigation-compose-2.8.1.aar (androidx.navigation:navigation-compose:2.8.1) with ExtractAarTransform
Transforming navigation-compose-2.8.1.aar (androidx.navigation:navigation-compose:2.8.1) with LibrarySymbolTableTransform
Transforming coil-compose-2.2.2.aar (io.coil-kt:coil-compose:2.2.2) with ExtractAarTransform
Transforming coil-compose-2.2.2.aar (io.coil-kt:coil-compose:2.2.2) with LibrarySymbolTableTransform
Transforming coil-compose-base-2.2.2.aar (io.coil-kt:coil-compose-base:2.2.2) with ExtractAarTransform
Transforming coil-compose-base-2.2.2.aar (io.coil-kt:coil-compose-base:2.2.2) with LibrarySymbolTableTransform
Transforming hilt-android-2.51.1.aar (com.google.dagger:hilt-android:2.51.1) with ExtractAarTransform
Transforming hilt-android-2.51.1.aar (com.google.dagger:hilt-android:2.51.1) with LibrarySymbolTableTransform
Transforming recyclerview-integration-4.14.2.aar (com.github.bumptech.glide:recyclerview-integration:4.14.2) with ExtractAarTransform
Transforming recyclerview-integration-4.14.2.aar (com.github.bumptech.glide:recyclerview-integration:4.14.2) with LibrarySymbolTableTransform
Transforming glide-4.16.0.aar (com.github.bumptech.glide:glide:4.16.0) with ExtractAarTransform
Transforming glide-4.16.0.aar (com.github.bumptech.glide:glide:4.16.0) with LibrarySymbolTableTransform
Transforming fragment-1.5.1.aar (androidx.fragment:fragment:1.5.1) with ExtractAarTransform
Transforming fragment-1.5.1.aar (androidx.fragment:fragment:1.5.1) with LibrarySymbolTableTransform
Transforming material3-release.aar (androidx.compose.material3:material3-android:1.2.1) with ExtractAarTransform
Transforming material3-release.aar (androidx.compose.material3:material3-android:1.2.1) with LibrarySymbolTableTransform
Transforming foundation-layout-release.aar (androidx.compose.foundation:foundation-layout-android:1.7.2) with ExtractAarTransform
Transforming foundation-layout-release.aar (androidx.compose.foundation:foundation-layout-android:1.7.2) with LibrarySymbolTableTransform
Transforming material-icons-core-release.aar (androidx.compose.material:material-icons-core-android:1.6.6) with ExtractAarTransform
Transforming material-icons-core-release.aar (androidx.compose.material:material-icons-core-android:1.6.6) with LibrarySymbolTableTransform
Transforming material-ripple-release.aar (androidx.compose.material:material-ripple-android:1.7.2) with ExtractAarTransform
Transforming material-ripple-release.aar (androidx.compose.material:material-ripple-android:1.7.2) with LibrarySymbolTableTransform
Transforming foundation-release.aar (androidx.compose.foundation:foundation-android:1.7.2) with ExtractAarTransform
Transforming foundation-release.aar (androidx.compose.foundation:foundation-android:1.7.2) with LibrarySymbolTableTransform
Transforming animation-core-release.aar (androidx.compose.animation:animation-core-android:1.7.2) with ExtractAarTransform
Transforming animation-core-release.aar (androidx.compose.animation:animation-core-android:1.7.2) with LibrarySymbolTableTransform
Transforming animation-release.aar (androidx.compose.animation:animation-android:1.7.2) with ExtractAarTransform
Transforming animation-release.aar (androidx.compose.animation:animation-android:1.7.2) with LibrarySymbolTableTransform
Transforming ui-tooling-data-release.aar (androidx.compose.ui:ui-tooling-data-android:1.7.2) with ExtractAarTransform
Transforming ui-tooling-data-release.aar (androidx.compose.ui:ui-tooling-data-android:1.7.2) with LibrarySymbolTableTransform
Transforming ui-unit-release.aar (androidx.compose.ui:ui-unit-android:1.7.2) with ExtractAarTransform
Transforming ui-unit-release.aar (androidx.compose.ui:ui-unit-android:1.7.2) with LibrarySymbolTableTransform
Transforming ui-geometry-release.aar (androidx.compose.ui:ui-geometry-android:1.7.2) with ExtractAarTransform
Transforming ui-geometry-release.aar (androidx.compose.ui:ui-geometry-android:1.7.2) with LibrarySymbolTableTransform
Transforming ui-graphics-release.aar (androidx.compose.ui:ui-graphics-android:1.7.2) with ExtractAarTransform
Transforming ui-graphics-release.aar (androidx.compose.ui:ui-graphics-android:1.7.2) with LibrarySymbolTableTransform
Transforming ui-util-release.aar (androidx.compose.ui:ui-util-android:1.7.2) with ExtractAarTransform
Transforming ui-util-release.aar (androidx.compose.ui:ui-util-android:1.7.2) with LibrarySymbolTableTransform
Transforming ui-tooling-release.aar (androidx.compose.ui:ui-tooling-android:1.7.2) with ExtractAarTransform
Transforming ui-tooling-release.aar (androidx.compose.ui:ui-tooling-android:1.7.2) with LibrarySymbolTableTransform
Transforming material-release.aar (androidx.compose.material:material-android:1.7.2) with ExtractAarTransform
Transforming material-release.aar (androidx.compose.material:material-android:1.7.2) with LibrarySymbolTableTransform
Transforming ui-text-release.aar (androidx.compose.ui:ui-text-android:1.7.2) with ExtractAarTransform
Transforming ui-text-release.aar (androidx.compose.ui:ui-text-android:1.7.2) with LibrarySymbolTableTransform
Transforming ui-tooling-preview-release.aar (androidx.compose.ui:ui-tooling-preview-android:1.7.2) with ExtractAarTransform
Transforming ui-tooling-preview-release.aar (androidx.compose.ui:ui-tooling-preview-android:1.7.2) with LibrarySymbolTableTransform
Transforming ui-test-manifest-1.7.2.aar (androidx.compose.ui:ui-test-manifest:1.7.2) with ExtractAarTransform
Transforming ui-test-manifest-1.7.2.aar (androidx.compose.ui:ui-test-manifest:1.7.2) with LibrarySymbolTableTransform
Transforming activity-1.9.2.aar (androidx.activity:activity:1.9.2) with ExtractAarTransform
Transforming activity-1.9.2.aar (androidx.activity:activity:1.9.2) with LibrarySymbolTableTransform
Transforming activity-ktx-1.9.2.aar (androidx.activity:activity-ktx:1.9.2) with ExtractAarTransform
Transforming activity-ktx-1.9.2.aar (androidx.activity:activity-ktx:1.9.2) with LibrarySymbolTableTransform
Transforming activity-compose-1.9.2.aar (androidx.activity:activity-compose:1.9.2) with ExtractAarTransform
Transforming activity-compose-1.9.2.aar (androidx.activity:activity-compose:1.9.2) with LibrarySymbolTableTransform
Transforming accompanist-drawablepainter-0.25.1.aar (com.google.accompanist:accompanist-drawablepainter:0.25.1) with ExtractAarTransform
Transforming accompanist-drawablepainter-0.25.1.aar (com.google.accompanist:accompanist-drawablepainter:0.25.1) with LibrarySymbolTableTransform
Transforming coil-2.2.2.aar (io.coil-kt:coil:2.2.2) with ExtractAarTransform
Transforming coil-2.2.2.aar (io.coil-kt:coil:2.2.2) with LibrarySymbolTableTransform
Transforming coil-base-2.2.2.aar (io.coil-kt:coil-base:2.2.2) with ExtractAarTransform
Transforming coil-base-2.2.2.aar (io.coil-kt:coil-base:2.2.2) with LibrarySymbolTableTransform
Transforming savedstate-ktx-1.2.1.aar (androidx.savedstate:savedstate-ktx:1.2.1) with ExtractAarTransform
Transforming savedstate-ktx-1.2.1.aar (androidx.savedstate:savedstate-ktx:1.2.1) with LibrarySymbolTableTransform
Transforming savedstate-1.2.1.aar (androidx.savedstate:savedstate:1.2.1) with ExtractAarTransform
Transforming savedstate-1.2.1.aar (androidx.savedstate:savedstate:1.2.1) with LibrarySymbolTableTransform
Transforming core-ktx-1.4.0.aar (androidx.test:core-ktx:1.4.0) with ExtractAarTransform
Transforming core-ktx-1.4.0.aar (androidx.test:core-ktx:1.4.0) with LibrarySymbolTableTransform
Transforming loader-1.0.0.aar (androidx.loader:loader:1.0.0) with ExtractAarTransform
Transforming loader-1.0.0.aar (androidx.loader:loader:1.0.0) with LibrarySymbolTableTransform
Transforming emoji2-1.3.0.aar (androidx.emoji2:emoji2:1.3.0) with ExtractAarTransform
Transforming emoji2-1.3.0.aar (androidx.emoji2:emoji2:1.3.0) with LibrarySymbolTableTransform
Transforming lifecycle-process-2.8.6.aar (androidx.lifecycle:lifecycle-process:2.8.6) with ExtractAarTransform
Transforming lifecycle-process-2.8.6.aar (androidx.lifecycle:lifecycle-process:2.8.6) with LibrarySymbolTableTransform
Transforming lifecycle-livedata-core-ktx-2.8.6.aar (androidx.lifecycle:lifecycle-livedata-core-ktx:2.8.6) with ExtractAarTransform
Transforming lifecycle-livedata-core-ktx-2.8.6.aar (androidx.lifecycle:lifecycle-livedata-core-ktx:2.8.6) with LibrarySymbolTableTransform
Transforming lifecycle-livedata-2.8.6.aar (androidx.lifecycle:lifecycle-livedata:2.8.6) with ExtractAarTransform
Transforming lifecycle-livedata-2.8.6.aar (androidx.lifecycle:lifecycle-livedata:2.8.6) with LibrarySymbolTableTransform
Transforming lifecycle-viewmodel-2.8.6.aar (androidx.lifecycle:lifecycle-viewmodel:2.8.6) with ExtractAarTransform
Transforming lifecycle-viewmodel-2.8.6.aar (androidx.lifecycle:lifecycle-viewmodel:2.8.6) with LibrarySymbolTableTransform
Transforming lifecycle-viewmodel-release.aar (androidx.lifecycle:lifecycle-viewmodel-android:2.8.6) with ExtractAarTransform
Transforming lifecycle-viewmodel-release.aar (androidx.lifecycle:lifecycle-viewmodel-android:2.8.6) with LibrarySymbolTableTransform
Transforming lifecycle-runtime-compose-release.aar (androidx.lifecycle:lifecycle-runtime-compose-android:2.8.6) with ExtractAarTransform
Transforming lifecycle-runtime-compose-release.aar (androidx.lifecycle:lifecycle-runtime-compose-android:2.8.6) with LibrarySymbolTableTransform
Transforming core-1.4.0.aar (androidx.test:core:1.4.0) with ExtractAarTransform
Transforming core-1.4.0.aar (androidx.test:core:1.4.0) with LibrarySymbolTableTransform
Transforming lifecycle-runtime-release.aar (androidx.lifecycle:lifecycle-runtime-android:2.8.6) with ExtractAarTransform
Transforming lifecycle-runtime-release.aar (androidx.lifecycle:lifecycle-runtime-android:2.8.6) with LibrarySymbolTableTransform
Transforming lifecycle-livedata-core-2.8.6.aar (androidx.lifecycle:lifecycle-livedata-core:2.8.6) with ExtractAarTransform
Transforming lifecycle-livedata-core-2.8.6.aar (androidx.lifecycle:lifecycle-livedata-core:2.8.6) with LibrarySymbolTableTransform
Transforming lifecycle-viewmodel-ktx-2.8.6.aar (androidx.lifecycle:lifecycle-viewmodel-ktx:2.8.6) with ExtractAarTransform
Transforming lifecycle-viewmodel-ktx-2.8.6.aar (androidx.lifecycle:lifecycle-viewmodel-ktx:2.8.6) with LibrarySymbolTableTransform
Transforming lifecycle-viewmodel-savedstate-2.8.6.aar (androidx.lifecycle:lifecycle-viewmodel-savedstate:2.8.6) with ExtractAarTransform
Transforming lifecycle-viewmodel-savedstate-2.8.6.aar (androidx.lifecycle:lifecycle-viewmodel-savedstate:2.8.6) with LibrarySymbolTableTransform
Transforming lifecycle-runtime-ktx-release.aar (androidx.lifecycle:lifecycle-runtime-ktx-android:2.8.6) with ExtractAarTransform
Transforming lifecycle-runtime-ktx-release.aar (androidx.lifecycle:lifecycle-runtime-ktx-android:2.8.6) with LibrarySymbolTableTransform
Transforming lifecycle-viewmodel-compose-release.aar (androidx.lifecycle:lifecycle-viewmodel-compose-android:2.8.6) with ExtractAarTransform
Transforming lifecycle-viewmodel-compose-release.aar (androidx.lifecycle:lifecycle-viewmodel-compose-android:2.8.6) with LibrarySymbolTableTransform
Transforming ui-release.aar (androidx.compose.ui:ui-android:1.7.2) with ExtractAarTransform
Transforming ui-release.aar (androidx.compose.ui:ui-android:1.7.2) with LibrarySymbolTableTransform
Transforming autofill-1.0.0.aar (androidx.autofill:autofill:1.0.0) with ExtractAarTransform
Transforming autofill-1.0.0.aar (androidx.autofill:autofill:1.0.0) with LibrarySymbolTableTransform
Transforming appcompat-resources-1.4.2.aar (androidx.appcompat:appcompat-resources:1.4.2) with ExtractAarTransform
Transforming appcompat-resources-1.4.2.aar (androidx.appcompat:appcompat-resources:1.4.2) with LibrarySymbolTableTransform
Transforming vectordrawable-animated-1.1.0.aar (androidx.vectordrawable:vectordrawable-animated:1.1.0) with ExtractAarTransform
Transforming vectordrawable-animated-1.1.0.aar (androidx.vectordrawable:vectordrawable-animated:1.1.0) with LibrarySymbolTableTransform
Transforming vectordrawable-1.1.0.aar (androidx.vectordrawable:vectordrawable:1.1.0) with ExtractAarTransform
Transforming vectordrawable-1.1.0.aar (androidx.vectordrawable:vectordrawable:1.1.0) with LibrarySymbolTableTransform
Transforming vectordrawable-1.1.0.aar (androidx.vectordrawable:vectordrawable:1.1.0) with ExtractAarTransform
Transforming vectordrawable-1.1.0.aar (androidx.vectordrawable:vectordrawable:1.1.0) with LibrarySymbolTableTransform
Transforming viewpager-1.0.0.aar (androidx.viewpager:viewpager:1.0.0) with ExtractAarTransform
Transforming viewpager-1.0.0.aar (androidx.viewpager:viewpager:1.0.0) with LibrarySymbolTableTransform
Transforming customview-1.0.0.aar (androidx.customview:customview:1.0.0) with ExtractAarTransform
Transforming customview-1.0.0.aar (androidx.customview:customview:1.0.0) with LibrarySymbolTableTransform
Transforming graphics-path-1.0.1.aar (androidx.graphics:graphics-path:1.0.1) with ExtractAarTransform
Transforming graphics-path-1.0.1.aar (androidx.graphics:graphics-path:1.0.1) with LibrarySymbolTableTransform
Transforming core-1.13.1.aar (androidx.core:core:1.13.1) with ExtractAarTransform
Transforming core-1.13.1.aar (androidx.core:core:1.13.1) with LibrarySymbolTableTransform
Transforming core-1.13.1.aar (androidx.core:core:1.13.1) with ExtractAarTransform
Transforming core-1.13.1.aar (androidx.core:core:1.13.1) with LibrarySymbolTableTransform
Transforming customview-poolingcontainer-1.0.0.aar (androidx.customview:customview-poolingcontainer:1.0.0) with ExtractAarTransform
Transforming customview-poolingcontainer-1.0.0.aar (androidx.customview:customview-poolingcontainer:1.0.0) with LibrarySymbolTableTransform
Transforming core-ktx-1.13.1.aar (androidx.core:core-ktx:1.13.1) with ExtractAarTransform
Transforming core-ktx-1.13.1.aar (androidx.core:core-ktx:1.13.1) with LibrarySymbolTableTransform
Transforming datastore-core-release.aar (androidx.datastore:datastore-core-android:1.1.1) with ExtractAarTransform
Transforming datastore-core-release.aar (androidx.datastore:datastore-core-android:1.1.1) with LibrarySymbolTableTransform
Transforming datastore-release.aar (androidx.datastore:datastore-android:1.1.1) with ExtractAarTransform
Transforming datastore-release.aar (androidx.datastore:datastore-android:1.1.1) with LibrarySymbolTableTransform
Transforming datastore-preferences-release.aar (androidx.datastore:datastore-preferences-android:1.1.1) with ExtractAarTransform
Transforming datastore-preferences-release.aar (androidx.datastore:datastore-preferences-android:1.1.1) with LibrarySymbolTableTransform
Transforming runtime-release.aar (androidx.compose.runtime:runtime-android:1.7.2) with ExtractAarTransform
Transforming runtime-release.aar (androidx.compose.runtime:runtime-android:1.7.2) with LibrarySymbolTableTransform
Transforming runtime-saveable-release.aar (androidx.compose.runtime:runtime-saveable-android:1.7.2) with ExtractAarTransform
Transforming runtime-saveable-release.aar (androidx.compose.runtime:runtime-saveable-android:1.7.2) with LibrarySymbolTableTransform
Transforming annotation-experimental-1.4.1.aar (androidx.annotation:annotation-experimental:1.4.1) with ExtractAarTransform
Transforming annotation-experimental-1.4.1.aar (androidx.annotation:annotation-experimental:1.4.1) with LibrarySymbolTableTransform
Transforming gifdecoder-4.16.0.aar (com.github.bumptech.glide:gifdecoder:4.16.0) with ExtractAarTransform
Transforming gifdecoder-4.16.0.aar (com.github.bumptech.glide:gifdecoder:4.16.0) with LibrarySymbolTableTransform
Transforming exifinterface-1.3.6.aar (androidx.exifinterface:exifinterface:1.3.6) with ExtractAarTransform
Transforming exifinterface-1.3.6.aar (androidx.exifinterface:exifinterface:1.3.6) with LibrarySymbolTableTransform
Transforming profileinstaller-1.3.1.aar (androidx.profileinstaller:profileinstaller:1.3.1) with ExtractAarTransform
Transforming profileinstaller-1.3.1.aar (androidx.profileinstaller:profileinstaller:1.3.1) with LibrarySymbolTableTransform
Transforming startup-runtime-1.1.1.aar (androidx.startup:startup-runtime:1.1.1) with ExtractAarTransform
Transforming startup-runtime-1.1.1.aar (androidx.startup:startup-runtime:1.1.1) with LibrarySymbolTableTransform
Transforming tracing-1.0.0.aar (androidx.tracing:tracing:1.0.0) with ExtractAarTransform
Transforming tracing-1.0.0.aar (androidx.tracing:tracing:1.0.0) with LibrarySymbolTableTransform
Transforming interpolator-1.0.0.aar (androidx.interpolator:interpolator:1.0.0) with ExtractAarTransform
Transforming interpolator-1.0.0.aar (androidx.interpolator:interpolator:1.0.0) with LibrarySymbolTableTransform
Transforming interpolator-1.0.0.aar (androidx.interpolator:interpolator:1.0.0) with ExtractAarTransform
Transforming interpolator-1.0.0.aar (androidx.interpolator:interpolator:1.0.0) with LibrarySymbolTableTransform
Transforming versionedparcelable-1.1.1.aar (androidx.versionedparcelable:versionedparcelable:1.1.1) with ExtractAarTransform
Transforming versionedparcelable-1.1.1.aar (androidx.versionedparcelable:versionedparcelable:1.1.1) with LibrarySymbolTableTransform
Transforming core-runtime-2.2.0.aar (androidx.arch.core:core-runtime:2.2.0) with ExtractAarTransform
Transforming core-runtime-2.2.0.aar (androidx.arch.core:core-runtime:2.2.0) with LibrarySymbolTableTransform
Transforming monitor-1.4.0.aar (androidx.test:monitor:1.4.0) with ExtractAarTransform
Transforming monitor-1.4.0.aar (androidx.test:monitor:1.4.0) with LibrarySymbolTableTransform
Transforming dagger-lint-aar-2.51.1.aar (com.google.dagger:dagger-lint-aar:2.51.1) with ExtractAarTransform
Transforming dagger-lint-aar-2.51.1.aar (com.google.dagger:dagger-lint-aar:2.51.1) with LibrarySymbolTableTransform
Caching disabled for task ':app:processDebugResources' because:
  Build cache is disabled
Skipping task ':app:processDebugResources' as it is up-to-date.
Resolve mutations for :app:kaptGenerateStubsDebugKotlin (Thread[#295,Execution worker,5,main]) started.
:app:kaptGenerateStubsDebugKotlin (Thread[#295,Execution worker,5,main]) started.

> Task :app:kaptGenerateStubsDebugKotlin
Transforming compose-1.0.0-alpha.1.aar (com.github.bumptech.glide:compose:1.0.0-alpha.1) with AarToClassTransform
Transforming hilt-navigation-compose-1.2.0.aar (androidx.hilt:hilt-navigation-compose:1.2.0) with AarToClassTransform
Transforming hilt-navigation-1.2.0.aar (androidx.hilt:hilt-navigation:1.2.0) with AarToClassTransform
Transforming navigation-common-2.8.1.aar (androidx.navigation:navigation-common:2.8.1) with AarToClassTransform
Transforming navigation-runtime-2.8.1.aar (androidx.navigation:navigation-runtime:2.8.1) with AarToClassTransform
Transforming navigation-common-ktx-2.8.1.aar (androidx.navigation:navigation-common-ktx:2.8.1) with AarToClassTransform
Transforming navigation-runtime-ktx-2.8.1.aar (androidx.navigation:navigation-runtime-ktx:2.8.1) with AarToClassTransform
Transforming navigation-compose-2.8.1.aar (androidx.navigation:navigation-compose:2.8.1) with AarToClassTransform
Transforming material3-release.aar (androidx.compose.material3:material3-android:1.2.1) with AarToClassTransform
Transforming material-icons-core-release.aar (androidx.compose.material:material-icons-core-android:1.6.6) with AarToClassTransform
Transforming material-release.aar (androidx.compose.material:material-android:1.7.2) with AarToClassTransform
Transforming coil-compose-2.2.2.aar (io.coil-kt:coil-compose:2.2.2) with AarToClassTransform
Transforming coil-compose-base-2.2.2.aar (io.coil-kt:coil-compose-base:2.2.2) with AarToClassTransform
Transforming material-ripple-release.aar (androidx.compose.material:material-ripple-android:1.7.2) with AarToClassTransform
Transforming foundation-layout-release.aar (androidx.compose.foundation:foundation-layout-android:1.7.2) with AarToClassTransform
Transforming foundation-release.aar (androidx.compose.foundation:foundation-android:1.7.2) with AarToClassTransform
Transforming animation-core-release.aar (androidx.compose.animation:animation-core-android:1.7.2) with AarToClassTransform
Transforming animation-release.aar (androidx.compose.animation:animation-android:1.7.2) with AarToClassTransform
Transforming ui-util-release.aar (androidx.compose.ui:ui-util-android:1.7.2) with AarToClassTransform
Transforming ui-unit-release.aar (androidx.compose.ui:ui-unit-android:1.7.2) with AarToClassTransform
Transforming ui-geometry-release.aar (androidx.compose.ui:ui-geometry-android:1.7.2) with AarToClassTransform
Transforming ui-text-release.aar (androidx.compose.ui:ui-text-android:1.7.2) with AarToClassTransform
Transforming ui-tooling-data-release.aar (androidx.compose.ui:ui-tooling-data-android:1.7.2) with AarToClassTransform
Transforming ui-graphics-release.aar (androidx.compose.ui:ui-graphics-android:1.7.2) with AarToClassTransform
Transforming ui-tooling-preview-release.aar (androidx.compose.ui:ui-tooling-preview-android:1.7.2) with AarToClassTransform
Transforming hilt-android-2.51.1.aar (com.google.dagger:hilt-android:2.51.1) with AarToClassTransform
Transforming ktx-1.0.0-alpha.1.aar (com.github.bumptech.glide:ktx:1.0.0-alpha.1) with AarToClassTransform
Transforming recyclerview-integration-4.14.2.aar (com.github.bumptech.glide:recyclerview-integration:4.14.2) with AarToClassTransform
Transforming glide-4.16.0.aar (com.github.bumptech.glide:glide:4.16.0) with AarToClassTransform
Transforming fragment-1.5.1.aar (androidx.fragment:fragment:1.5.1) with AarToClassTransform
Transforming core-ktx-1.4.0.aar (androidx.test:core-ktx:1.4.0) with AarToClassTransform
Transforming loader-1.0.0.aar (androidx.loader:loader:1.0.0) with AarToClassTransform
Transforming viewpager-1.0.0.aar (androidx.viewpager:viewpager:1.0.0) with AarToClassTransform
Transforming vectordrawable-animated-1.1.0.aar (androidx.vectordrawable:vectordrawable-animated:1.1.0) with AarToClassTransform
Transforming vectordrawable-1.1.0.aar (androidx.vectordrawable:vectordrawable:1.1.0) with AarToClassTransform
Transforming customview-1.0.0.aar (androidx.customview:customview:1.0.0) with AarToClassTransform
Transforming core-1.13.1.aar (androidx.core:core:1.13.1) with AarToClassTransform
Transforming core-1.13.1.aar (androidx.core:core:1.13.1) with AarToClassTransform
Transforming coil-2.2.2.aar (io.coil-kt:coil:2.2.2) with AarToClassTransform
Transforming coil-base-2.2.2.aar (io.coil-kt:coil-base:2.2.2) with AarToClassTransform
Transforming lifecycle-livedata-core-ktx-2.8.6.aar (androidx.lifecycle:lifecycle-livedata-core-ktx:2.8.6) with AarToClassTransform
Transforming lifecycle-livedata-2.8.6.aar (androidx.lifecycle:lifecycle-livedata:2.8.6) with AarToClassTransform
Transforming lifecycle-runtime-compose-release.aar (androidx.lifecycle:lifecycle-runtime-compose-android:2.8.6) with AarToClassTransform
Transforming lifecycle-runtime-release.aar (androidx.lifecycle:lifecycle-runtime-android:2.8.6) with AarToClassTransform
Transforming core-1.4.0.aar (androidx.test:core:1.4.0) with AarToClassTransform
Transforming lifecycle-livedata-core-2.8.6.aar (androidx.lifecycle:lifecycle-livedata-core:2.8.6) with AarToClassTransform
Transforming lifecycle-viewmodel-2.8.6.aar (androidx.lifecycle:lifecycle-viewmodel:2.8.6) with AarToClassTransform
Transforming lifecycle-viewmodel-release.aar (androidx.lifecycle:lifecycle-viewmodel-android:2.8.6) with AarToClassTransform
Transforming lifecycle-viewmodel-ktx-2.8.6.aar (androidx.lifecycle:lifecycle-viewmodel-ktx:2.8.6) with AarToClassTransform
Transforming lifecycle-viewmodel-savedstate-2.8.6.aar (androidx.lifecycle:lifecycle-viewmodel-savedstate:2.8.6) with AarToClassTransform
Transforming lifecycle-runtime-ktx-release.aar (androidx.lifecycle:lifecycle-runtime-ktx-android:2.8.6) with AarToClassTransform
Transforming lifecycle-viewmodel-compose-release.aar (androidx.lifecycle:lifecycle-viewmodel-compose-android:2.8.6) with AarToClassTransform
Transforming ui-release.aar (androidx.compose.ui:ui-android:1.7.2) with AarToClassTransform
Transforming ui-tooling-release.aar (androidx.compose.ui:ui-tooling-android:1.7.2) with AarToClassTransform
Transforming ui-test-manifest-1.7.2.aar (androidx.compose.ui:ui-test-manifest:1.7.2) with AarToClassTransform
Transforming activity-1.9.2.aar (androidx.activity:activity:1.9.2) with AarToClassTransform
Transforming activity-compose-1.9.2.aar (androidx.activity:activity-compose:1.9.2) with AarToClassTransform
Transforming activity-ktx-1.9.2.aar (androidx.activity:activity-ktx:1.9.2) with AarToClassTransform
Transforming core-ktx-1.13.1.aar (androidx.core:core-ktx:1.13.1) with AarToClassTransform
Transforming datastore-core-release.aar (androidx.datastore:datastore-core-android:1.1.1) with AarToClassTransform
Transforming datastore-release.aar (androidx.datastore:datastore-android:1.1.1) with AarToClassTransform
Transforming datastore-preferences-release.aar (androidx.datastore:datastore-preferences-android:1.1.1) with AarToClassTransform
Transforming runtime-saveable-release.aar (androidx.compose.runtime:runtime-saveable-android:1.7.2) with AarToClassTransform
Transforming runtime-release.aar (androidx.compose.runtime:runtime-android:1.7.2) with AarToClassTransform
Transforming annotation-experimental-1.4.1.aar (androidx.annotation:annotation-experimental:1.4.1) with AarToClassTransform
Transforming savedstate-ktx-1.2.1.aar (androidx.savedstate:savedstate-ktx:1.2.1) with AarToClassTransform
Transforming savedstate-1.2.1.aar (androidx.savedstate:savedstate:1.2.1) with AarToClassTransform
Transforming gifdecoder-4.16.0.aar (com.github.bumptech.glide:gifdecoder:4.16.0) with AarToClassTransform
Transforming versionedparcelable-1.1.1.aar (androidx.versionedparcelable:versionedparcelable:1.1.1) with AarToClassTransform
Transforming interpolator-1.0.0.aar (androidx.interpolator:interpolator:1.0.0) with AarToClassTransform
Transforming core-runtime-2.2.0.aar (androidx.arch.core:core-runtime:2.2.0) with AarToClassTransform
Transforming monitor-1.4.0.aar (androidx.test:monitor:1.4.0) with AarToClassTransform
Transforming kotlin-stdlib-1.9.22.jar (org.jetbrains.kotlin:kotlin-stdlib:1.9.22) with IdentityTransform
Transforming tracing-1.0.0.aar (androidx.tracing:tracing:1.0.0) with AarToClassTransform
Transforming exifinterface-1.3.6.aar (androidx.exifinterface:exifinterface:1.3.6) with AarToClassTransform
Transforming accompanist-drawablepainter-0.25.1.aar (com.google.accompanist:accompanist-drawablepainter:0.25.1) with AarToClassTransform
Transforming javax.inject-1.jar (javax.inject:javax.inject:1) with IdentityTransform
Transforming dagger-lint-aar-2.51.1.aar (com.google.dagger:dagger-lint-aar:2.51.1) with AarToClassTransform
Transforming jsr305-3.0.2.jar (com.google.code.findbugs:jsr305:3.0.2) with IdentityTransform
Transforming lifecycle-common-jvm-2.8.6.jar (androidx.lifecycle:lifecycle-common-jvm:2.8.6) with IdentityTransform
Transforming kotlin-stdlib-jdk7-1.9.0.jar (org.jetbrains.kotlin:kotlin-stdlib-jdk7:1.9.0) with IdentityTransform
Transforming datastore-core-okio-jvm-1.1.1.jar (androidx.datastore:datastore-core-okio-jvm:1.1.1) with IdentityTransform
Transforming datastore-preferences-core-jvm-1.1.1.jar (androidx.datastore:datastore-preferences-core-jvm:1.1.1) with IdentityTransform
Transforming kotlinx-serialization-core-jvm-1.6.3.jar (org.jetbrains.kotlinx:kotlinx-serialization-core-jvm:1.6.3) with IdentityTransform
Transforming kotlinx-serialization-json-jvm-1.6.3.jar (org.jetbrains.kotlinx:kotlinx-serialization-json-jvm:1.6.3) with IdentityTransform
Transforming kotlinx-coroutines-android-1.7.3.jar (org.jetbrains.kotlinx:kotlinx-coroutines-android:1.7.3) with IdentityTransform
Transforming kotlinx-coroutines-core-jvm-1.7.3.jar (org.jetbrains.kotlinx:kotlinx-coroutines-core-jvm:1.7.3) with IdentityTransform
Transforming okhttp-4.10.0.jar (com.squareup.okhttp3:okhttp:4.10.0) with IdentityTransform
Transforming okio-jvm-3.4.0.jar (com.squareup.okio:okio-jvm:3.4.0) with IdentityTransform
Transforming collection-jvm-1.4.4.jar (androidx.collection:collection-jvm:1.4.4) with IdentityTransform
Transforming annotation-jvm-1.8.1.jar (androidx.annotation:annotation-jvm:1.8.1) with IdentityTransform
Transforming kotlin-stdlib-jdk8-1.9.0.jar (org.jetbrains.kotlin:kotlin-stdlib-jdk8:1.9.0) with IdentityTransform
Transforming annotations-23.0.0.jar (org.jetbrains:annotations:23.0.0) with IdentityTransform
Transforming disklrucache-4.16.0.jar (com.github.bumptech.glide:disklrucache:4.16.0) with IdentityTransform
Transforming annotations-4.16.0.jar (com.github.bumptech.glide:annotations:4.16.0) with IdentityTransform
Transforming hilt-core-2.51.1.jar (com.google.dagger:hilt-core:2.51.1) with IdentityTransform
Transforming dagger-2.51.1.jar (com.google.dagger:dagger:2.51.1) with IdentityTransform
Transforming core-common-2.2.0.jar (androidx.arch.core:core-common:2.2.0) with IdentityTransform
Transforming R.jar with ClasspathEntrySnapshotTransform
Transforming compose-1.0.0-alpha.1-api.jar with ClasspathEntrySnapshotTransform
Transforming hilt-navigation-compose-1.2.0-api.jar with ClasspathEntrySnapshotTransform
Transforming hilt-navigation-1.2.0-api.jar with ClasspathEntrySnapshotTransform
Transforming navigation-common-2.8.1-api.jar with ClasspathEntrySnapshotTransform
Transforming navigation-runtime-2.8.1-api.jar with ClasspathEntrySnapshotTransform
Transforming navigation-common-ktx-2.8.1-api.jar with ClasspathEntrySnapshotTransform
Transforming navigation-runtime-ktx-2.8.1-api.jar with ClasspathEntrySnapshotTransform
Transforming navigation-compose-2.8.1-api.jar with ClasspathEntrySnapshotTransform
Transforming material3-release-api.jar with ClasspathEntrySnapshotTransform
Transforming material-icons-core-release-api.jar with ClasspathEntrySnapshotTransform
Transforming material-release-api.jar with ClasspathEntrySnapshotTransform
Transforming coil-compose-2.2.2-api.jar with ClasspathEntrySnapshotTransform
Transforming coil-compose-base-2.2.2-api.jar with ClasspathEntrySnapshotTransform
Transforming material-ripple-release-api.jar with ClasspathEntrySnapshotTransform
Transforming foundation-layout-release-api.jar with ClasspathEntrySnapshotTransform
Transforming foundation-release-api.jar with ClasspathEntrySnapshotTransform
Transforming animation-core-release-api.jar with ClasspathEntrySnapshotTransform
Transforming animation-release-api.jar with ClasspathEntrySnapshotTransform
Transforming ui-util-release-api.jar with ClasspathEntrySnapshotTransform
Transforming ui-unit-release-api.jar with ClasspathEntrySnapshotTransform
Transforming ui-geometry-release-api.jar with ClasspathEntrySnapshotTransform
Transforming ui-text-release-api.jar with ClasspathEntrySnapshotTransform
Transforming ui-tooling-data-release-api.jar with ClasspathEntrySnapshotTransform
Transforming ui-graphics-release-api.jar with ClasspathEntrySnapshotTransform
Transforming ui-tooling-preview-release-api.jar with ClasspathEntrySnapshotTransform
Transforming hilt-android-2.51.1-api.jar with ClasspathEntrySnapshotTransform
Transforming ktx-1.0.0-alpha.1-api.jar with ClasspathEntrySnapshotTransform
Transforming recyclerview-integration-4.14.2-api.jar with ClasspathEntrySnapshotTransform
Transforming glide-4.16.0-api.jar with ClasspathEntrySnapshotTransform
Transforming fragment-1.5.1-api.jar with ClasspathEntrySnapshotTransform
Transforming core-ktx-1.4.0-api.jar with ClasspathEntrySnapshotTransform
Transforming loader-1.0.0-api.jar with ClasspathEntrySnapshotTransform
Transforming viewpager-1.0.0-api.jar with ClasspathEntrySnapshotTransform
Transforming vectordrawable-animated-1.1.0-api.jar with ClasspathEntrySnapshotTransform
Transforming vectordrawable-1.1.0-api.jar with ClasspathEntrySnapshotTransform
Transforming customview-1.0.0-api.jar with ClasspathEntrySnapshotTransform
Transforming core-1.13.1-api.jar with ClasspathEntrySnapshotTransform
Transforming coil-2.2.2-api.jar with ClasspathEntrySnapshotTransform
Transforming coil-base-2.2.2-api.jar with ClasspathEntrySnapshotTransform
Transforming lifecycle-livedata-core-ktx-2.8.6-api.jar with ClasspathEntrySnapshotTransform
Transforming lifecycle-livedata-2.8.6-api.jar with ClasspathEntrySnapshotTransform
Transforming lifecycle-runtime-compose-release-api.jar with ClasspathEntrySnapshotTransform
Transforming lifecycle-runtime-release-api.jar with ClasspathEntrySnapshotTransform
Transforming core-1.4.0-api.jar with ClasspathEntrySnapshotTransform
Transforming lifecycle-common-jvm-2.8.6.jar with ClasspathEntrySnapshotTransform
Transforming lifecycle-livedata-core-2.8.6-api.jar with ClasspathEntrySnapshotTransform
Transforming lifecycle-viewmodel-2.8.6-api.jar with ClasspathEntrySnapshotTransform
Transforming lifecycle-viewmodel-release-api.jar with ClasspathEntrySnapshotTransform
Transforming lifecycle-viewmodel-ktx-2.8.6-api.jar with ClasspathEntrySnapshotTransform
Transforming lifecycle-viewmodel-savedstate-2.8.6-api.jar with ClasspathEntrySnapshotTransform
Transforming lifecycle-runtime-ktx-release-api.jar with ClasspathEntrySnapshotTransform
Transforming lifecycle-viewmodel-compose-release-api.jar with ClasspathEntrySnapshotTransform
Transforming ui-release-api.jar with ClasspathEntrySnapshotTransform
Transforming ui-tooling-release-api.jar with ClasspathEntrySnapshotTransform
Transforming ui-test-manifest-1.7.2-api.jar with ClasspathEntrySnapshotTransform
Transforming activity-1.9.2-api.jar with ClasspathEntrySnapshotTransform
Transforming activity-compose-1.9.2-api.jar with ClasspathEntrySnapshotTransform
Transforming activity-ktx-1.9.2-api.jar with ClasspathEntrySnapshotTransform
Transforming core-ktx-1.13.1-api.jar with ClasspathEntrySnapshotTransform
Transforming kotlin-stdlib-jdk7-1.9.0.jar with ClasspathEntrySnapshotTransform
Transforming datastore-core-okio-jvm-1.1.1.jar with ClasspathEntrySnapshotTransform
Transforming datastore-core-release-api.jar with ClasspathEntrySnapshotTransform
Transforming datastore-preferences-core-jvm-1.1.1.jar with ClasspathEntrySnapshotTransform
Transforming datastore-release-api.jar with ClasspathEntrySnapshotTransform
Transforming datastore-preferences-release-api.jar with ClasspathEntrySnapshotTransform
Transforming kotlinx-serialization-core-jvm-1.6.3.jar with ClasspathEntrySnapshotTransform
Transforming kotlinx-serialization-json-jvm-1.6.3.jar with ClasspathEntrySnapshotTransform
Transforming runtime-saveable-release-api.jar with ClasspathEntrySnapshotTransform
Transforming runtime-release-api.jar with ClasspathEntrySnapshotTransform
Transforming annotation-experimental-1.4.1-api.jar with ClasspathEntrySnapshotTransform
Transforming savedstate-ktx-1.2.1-api.jar with ClasspathEntrySnapshotTransform
Transforming savedstate-1.2.1-api.jar with ClasspathEntrySnapshotTransform
Transforming kotlinx-coroutines-android-1.7.3.jar with ClasspathEntrySnapshotTransform
Transforming kotlinx-coroutines-core-jvm-1.7.3.jar with ClasspathEntrySnapshotTransform
Transforming okhttp-4.10.0.jar with ClasspathEntrySnapshotTransform
Transforming okio-jvm-3.4.0.jar with ClasspathEntrySnapshotTransform
Transforming gifdecoder-4.16.0-api.jar with ClasspathEntrySnapshotTransform
Transforming versionedparcelable-1.1.1-api.jar with ClasspathEntrySnapshotTransform
Transforming interpolator-1.0.0-api.jar with ClasspathEntrySnapshotTransform
Transforming collection-jvm-1.4.4.jar with ClasspathEntrySnapshotTransform
Transforming core-runtime-2.2.0-api.jar with ClasspathEntrySnapshotTransform
Transforming core-common-2.2.0.jar with ClasspathEntrySnapshotTransform
Transforming monitor-1.4.0-api.jar with ClasspathEntrySnapshotTransform
Transforming annotation-jvm-1.8.1.jar with ClasspathEntrySnapshotTransform
Transforming kotlin-stdlib-1.9.22.jar with ClasspathEntrySnapshotTransform
Transforming kotlin-stdlib-jdk8-1.9.0.jar with ClasspathEntrySnapshotTransform
Transforming annotations-23.0.0.jar with ClasspathEntrySnapshotTransform
Transforming tracing-1.0.0-api.jar with ClasspathEntrySnapshotTransform
Transforming exifinterface-1.3.6-api.jar with ClasspathEntrySnapshotTransform
Transforming accompanist-drawablepainter-0.25.1-api.jar with ClasspathEntrySnapshotTransform
Transforming disklrucache-4.16.0.jar with ClasspathEntrySnapshotTransform
Transforming annotations-4.16.0.jar with ClasspathEntrySnapshotTransform
Transforming hilt-core-2.51.1.jar with ClasspathEntrySnapshotTransform
Transforming dagger-2.51.1.jar with ClasspathEntrySnapshotTransform
Transforming javax.inject-1.jar with ClasspathEntrySnapshotTransform
Transforming dagger-lint-aar-2.51.1-api.jar with ClasspathEntrySnapshotTransform
Transforming jsr305-3.0.2.jar with ClasspathEntrySnapshotTransform
Transforming android.jar with ClasspathEntrySnapshotTransform
Transforming core-lambda-stubs.jar with ClasspathEntrySnapshotTransform
Caching disabled for task ':app:kaptGenerateStubsDebugKotlin' because:
  Build cache is disabled
Task ':app:kaptGenerateStubsDebugKotlin' is not up-to-date because:
  Task has failed previously.
The input changes require a full rebuild for incremental task ':app:kaptGenerateStubsDebugKotlin'.
file or directory 'C:\Users\vivet\AndroidStudioProjects\ShoesTapApp\app\src\main\kotlin', not found
file or directory 'C:\Users\vivet\AndroidStudioProjects\ShoesTapApp\app\src\main\kotlin', not found
file or directory 'C:\Users\vivet\AndroidStudioProjects\ShoesTapApp\app\src\main\kotlin', not found
file or directory 'C:\Users\vivet\AndroidStudioProjects\ShoesTapApp\app\src\debug\kotlin', not found
file or directory 'C:\Users\vivet\AndroidStudioProjects\ShoesTapApp\app\src\debug\kotlin', not found
file or directory 'C:\Users\vivet\AndroidStudioProjects\ShoesTapApp\app\src\debug\java', not found
file or directory 'C:\Users\vivet\AndroidStudioProjects\ShoesTapApp\app\src\debug\kotlin', not found
file or directory 'C:\Users\vivet\AndroidStudioProjects\ShoesTapApp\app\src\debug\java', not found
file or directory 'C:\Users\vivet\AndroidStudioProjects\ShoesTapApp\app\src\debug\java', not found
file or directory 'C:\Users\vivet\AndroidStudioProjects\ShoesTapApp\app\src\main\kotlin', not found
file or directory 'C:\Users\vivet\AndroidStudioProjects\ShoesTapApp\app\src\main\kotlin', not found
file or directory 'C:\Users\vivet\AndroidStudioProjects\ShoesTapApp\app\src\main\kotlin', not found
file or directory 'C:\Users\vivet\AndroidStudioProjects\ShoesTapApp\app\src\main\kotlin', not found
file or directory 'C:\Users\vivet\AndroidStudioProjects\ShoesTapApp\app\src\main\kotlin', not found
file or directory 'C:\Users\vivet\AndroidStudioProjects\ShoesTapApp\app\src\debug\kotlin', not found
file or directory 'C:\Users\vivet\AndroidStudioProjects\ShoesTapApp\app\src\debug\kotlin', not found
file or directory 'C:\Users\vivet\AndroidStudioProjects\ShoesTapApp\app\src\debug\java', not found
file or directory 'C:\Users\vivet\AndroidStudioProjects\ShoesTapApp\app\src\debug\kotlin', not found
file or directory 'C:\Users\vivet\AndroidStudioProjects\ShoesTapApp\app\src\debug\java', not found
file or directory 'C:\Users\vivet\AndroidStudioProjects\ShoesTapApp\app\src\debug\java', not found
file or directory 'C:\Users\vivet\AndroidStudioProjects\ShoesTapApp\app\src\main\kotlin', not found
file or directory 'C:\Users\vivet\AndroidStudioProjects\ShoesTapApp\app\src\main\kotlin', not found
file or directory 'C:\Users\vivet\AndroidStudioProjects\ShoesTapApp\app\src\main\kotlin', not found
file or directory 'C:\Users\vivet\AndroidStudioProjects\ShoesTapApp\app\src\debug\kotlin', not found
file or directory 'C:\Users\vivet\AndroidStudioProjects\ShoesTapApp\app\src\debug\kotlin', not found
file or directory 'C:\Users\vivet\AndroidStudioProjects\ShoesTapApp\app\src\debug\java', not found
file or directory 'C:\Users\vivet\AndroidStudioProjects\ShoesTapApp\app\src\debug\kotlin', not found
file or directory 'C:\Users\vivet\AndroidStudioProjects\ShoesTapApp\app\src\debug\java', not found
file or directory 'C:\Users\vivet\AndroidStudioProjects\ShoesTapApp\app\src\debug\java', not found
Using Kotlin/JVM incremental compilation
[KOTLIN] Kotlin compilation 'jdkHome' argument: null

Resolve mutations for :app:javaPreCompileDebug (Thread[#294,included builds,5,main]) started.
:app:javaPreCompileDebug (Thread[#294,included builds,5,main]) started.

> Task :app:javaPreCompileDebug UP-TO-DATE
Caching disabled for task ':app:javaPreCompileDebug' because:
  Build cache is disabled
Skipping task ':app:javaPreCompileDebug' as it is up-to-date.
Resolve mutations for :app:mergeDebugShaders (Thread[#294,included builds,5,main]) started.
:app:mergeDebugShaders (Thread[#294,included builds,5,main]) started.

> Task :app:mergeDebugShaders UP-TO-DATE
Caching disabled for task ':app:mergeDebugShaders' because:
  Build cache is disabled
  Simple merging task
Skipping task ':app:mergeDebugShaders' as it is up-to-date.
Resolve mutations for :app:compileDebugShaders (Thread[#294,included builds,5,main]) started.
:app:compileDebugShaders (Thread[#294,included builds,5,main]) started.

> Task :app:compileDebugShaders NO-SOURCE
Skipping task ':app:compileDebugShaders' as it has no source files and no previous output files.
Resolve mutations for :app:generateDebugAssets (Thread[#294,included builds,5,main]) started.
:app:generateDebugAssets (Thread[#294,included builds,5,main]) started.

> Task :app:generateDebugAssets UP-TO-DATE
Skipping task ':app:generateDebugAssets' as it has no actions.
Resolve mutations for :app:mergeDebugAssets (Thread[#294,included builds,5,main]) started.
:app:mergeDebugAssets (Thread[#294,included builds,5,main]) started.

> Task :app:mergeDebugAssets UP-TO-DATE
Transforming compose-1.0.0-alpha.1.aar (com.github.bumptech.glide:compose:1.0.0-alpha.1) with ExtractAarTransform
Transforming compose-1.0.0-alpha.1.aar (com.github.bumptech.glide:compose:1.0.0-alpha.1) with AarTransform
Transforming ktx-1.0.0-alpha.1.aar (com.github.bumptech.glide:ktx:1.0.0-alpha.1) with ExtractAarTransform
Transforming ktx-1.0.0-alpha.1.aar (com.github.bumptech.glide:ktx:1.0.0-alpha.1) with AarTransform
Transforming hilt-navigation-compose-1.2.0.aar (androidx.hilt:hilt-navigation-compose:1.2.0) with ExtractAarTransform
Transforming hilt-navigation-compose-1.2.0.aar (androidx.hilt:hilt-navigation-compose:1.2.0) with AarTransform
Transforming hilt-navigation-1.2.0.aar (androidx.hilt:hilt-navigation:1.2.0) with ExtractAarTransform
Transforming hilt-navigation-1.2.0.aar (androidx.hilt:hilt-navigation:1.2.0) with AarTransform
Transforming navigation-common-2.8.1.aar (androidx.navigation:navigation-common:2.8.1) with ExtractAarTransform
Transforming navigation-common-2.8.1.aar (androidx.navigation:navigation-common:2.8.1) with AarTransform
Transforming navigation-runtime-2.8.1.aar (androidx.navigation:navigation-runtime:2.8.1) with ExtractAarTransform
Transforming navigation-runtime-2.8.1.aar (androidx.navigation:navigation-runtime:2.8.1) with AarTransform
Transforming navigation-common-ktx-2.8.1.aar (androidx.navigation:navigation-common-ktx:2.8.1) with ExtractAarTransform
Transforming navigation-common-ktx-2.8.1.aar (androidx.navigation:navigation-common-ktx:2.8.1) with AarTransform
Transforming navigation-runtime-ktx-2.8.1.aar (androidx.navigation:navigation-runtime-ktx:2.8.1) with ExtractAarTransform
Transforming navigation-runtime-ktx-2.8.1.aar (androidx.navigation:navigation-runtime-ktx:2.8.1) with AarTransform
Transforming navigation-compose-2.8.1.aar (androidx.navigation:navigation-compose:2.8.1) with ExtractAarTransform
Transforming navigation-compose-2.8.1.aar (androidx.navigation:navigation-compose:2.8.1) with AarTransform
Transforming coil-compose-2.2.2.aar (io.coil-kt:coil-compose:2.2.2) with ExtractAarTransform
Transforming coil-compose-2.2.2.aar (io.coil-kt:coil-compose:2.2.2) with AarTransform
Transforming coil-compose-base-2.2.2.aar (io.coil-kt:coil-compose-base:2.2.2) with ExtractAarTransform
Transforming coil-compose-base-2.2.2.aar (io.coil-kt:coil-compose-base:2.2.2) with AarTransform
Transforming hilt-android-2.51.1.aar (com.google.dagger:hilt-android:2.51.1) with ExtractAarTransform
Transforming hilt-android-2.51.1.aar (com.google.dagger:hilt-android:2.51.1) with AarTransform
Transforming recyclerview-integration-4.14.2.aar (com.github.bumptech.glide:recyclerview-integration:4.14.2) with ExtractAarTransform
Transforming recyclerview-integration-4.14.2.aar (com.github.bumptech.glide:recyclerview-integration:4.14.2) with AarTransform
Transforming glide-4.16.0.aar (com.github.bumptech.glide:glide:4.16.0) with ExtractAarTransform
Transforming glide-4.16.0.aar (com.github.bumptech.glide:glide:4.16.0) with AarTransform
Transforming fragment-1.5.1.aar (androidx.fragment:fragment:1.5.1) with ExtractAarTransform
Transforming fragment-1.5.1.aar (androidx.fragment:fragment:1.5.1) with AarTransform
Transforming material3-release.aar (androidx.compose.material3:material3-android:1.2.1) with ExtractAarTransform
Transforming material3-release.aar (androidx.compose.material3:material3-android:1.2.1) with AarTransform
Transforming foundation-layout-release.aar (androidx.compose.foundation:foundation-layout-android:1.7.2) with ExtractAarTransform
Transforming foundation-layout-release.aar (androidx.compose.foundation:foundation-layout-android:1.7.2) with AarTransform
Transforming material-icons-core-release.aar (androidx.compose.material:material-icons-core-android:1.6.6) with ExtractAarTransform
Transforming material-icons-core-release.aar (androidx.compose.material:material-icons-core-android:1.6.6) with AarTransform
Transforming material-ripple-release.aar (androidx.compose.material:material-ripple-android:1.7.2) with ExtractAarTransform
Transforming material-ripple-release.aar (androidx.compose.material:material-ripple-android:1.7.2) with AarTransform
Transforming foundation-release.aar (androidx.compose.foundation:foundation-android:1.7.2) with ExtractAarTransform
Transforming foundation-release.aar (androidx.compose.foundation:foundation-android:1.7.2) with AarTransform
Transforming animation-core-release.aar (androidx.compose.animation:animation-core-android:1.7.2) with ExtractAarTransform
Transforming animation-core-release.aar (androidx.compose.animation:animation-core-android:1.7.2) with AarTransform
Transforming animation-release.aar (androidx.compose.animation:animation-android:1.7.2) with ExtractAarTransform
Transforming animation-release.aar (androidx.compose.animation:animation-android:1.7.2) with AarTransform
Transforming ui-tooling-data-release.aar (androidx.compose.ui:ui-tooling-data-android:1.7.2) with ExtractAarTransform
Transforming ui-tooling-data-release.aar (androidx.compose.ui:ui-tooling-data-android:1.7.2) with AarTransform
Transforming ui-unit-release.aar (androidx.compose.ui:ui-unit-android:1.7.2) with ExtractAarTransform
Transforming ui-unit-release.aar (androidx.compose.ui:ui-unit-android:1.7.2) with AarTransform
Transforming ui-geometry-release.aar (androidx.compose.ui:ui-geometry-android:1.7.2) with ExtractAarTransform
Transforming ui-geometry-release.aar (androidx.compose.ui:ui-geometry-android:1.7.2) with AarTransform
Transforming ui-graphics-release.aar (androidx.compose.ui:ui-graphics-android:1.7.2) with ExtractAarTransform
Transforming ui-graphics-release.aar (androidx.compose.ui:ui-graphics-android:1.7.2) with AarTransform
Transforming ui-util-release.aar (androidx.compose.ui:ui-util-android:1.7.2) with ExtractAarTransform
Transforming ui-util-release.aar (androidx.compose.ui:ui-util-android:1.7.2) with AarTransform
Transforming ui-tooling-release.aar (androidx.compose.ui:ui-tooling-android:1.7.2) with ExtractAarTransform
Transforming ui-tooling-release.aar (androidx.compose.ui:ui-tooling-android:1.7.2) with AarTransform
Transforming material-release.aar (androidx.compose.material:material-android:1.7.2) with ExtractAarTransform
Transforming material-release.aar (androidx.compose.material:material-android:1.7.2) with AarTransform
Transforming ui-text-release.aar (androidx.compose.ui:ui-text-android:1.7.2) with ExtractAarTransform
Transforming ui-text-release.aar (androidx.compose.ui:ui-text-android:1.7.2) with AarTransform
Transforming ui-tooling-preview-release.aar (androidx.compose.ui:ui-tooling-preview-android:1.7.2) with ExtractAarTransform
Transforming ui-tooling-preview-release.aar (androidx.compose.ui:ui-tooling-preview-android:1.7.2) with AarTransform
Transforming ui-test-manifest-1.7.2.aar (androidx.compose.ui:ui-test-manifest:1.7.2) with ExtractAarTransform
Transforming ui-test-manifest-1.7.2.aar (androidx.compose.ui:ui-test-manifest:1.7.2) with AarTransform
Transforming activity-1.9.2.aar (androidx.activity:activity:1.9.2) with ExtractAarTransform
Transforming activity-1.9.2.aar (androidx.activity:activity:1.9.2) with AarTransform
Transforming activity-ktx-1.9.2.aar (androidx.activity:activity-ktx:1.9.2) with ExtractAarTransform
Transforming activity-ktx-1.9.2.aar (androidx.activity:activity-ktx:1.9.2) with AarTransform
Transforming activity-compose-1.9.2.aar (androidx.activity:activity-compose:1.9.2) with ExtractAarTransform
Transforming activity-compose-1.9.2.aar (androidx.activity:activity-compose:1.9.2) with AarTransform
Transforming accompanist-drawablepainter-0.25.1.aar (com.google.accompanist:accompanist-drawablepainter:0.25.1) with ExtractAarTransform
Transforming accompanist-drawablepainter-0.25.1.aar (com.google.accompanist:accompanist-drawablepainter:0.25.1) with AarTransform
Transforming coil-2.2.2.aar (io.coil-kt:coil:2.2.2) with ExtractAarTransform
Transforming coil-2.2.2.aar (io.coil-kt:coil:2.2.2) with AarTransform
Transforming coil-base-2.2.2.aar (io.coil-kt:coil-base:2.2.2) with ExtractAarTransform
Transforming coil-base-2.2.2.aar (io.coil-kt:coil-base:2.2.2) with AarTransform
Transforming savedstate-ktx-1.2.1.aar (androidx.savedstate:savedstate-ktx:1.2.1) with ExtractAarTransform
Transforming savedstate-ktx-1.2.1.aar (androidx.savedstate:savedstate-ktx:1.2.1) with AarTransform
Transforming savedstate-1.2.1.aar (androidx.savedstate:savedstate:1.2.1) with ExtractAarTransform
Transforming savedstate-1.2.1.aar (androidx.savedstate:savedstate:1.2.1) with AarTransform
Transforming core-ktx-1.4.0.aar (androidx.test:core-ktx:1.4.0) with ExtractAarTransform
Transforming core-ktx-1.4.0.aar (androidx.test:core-ktx:1.4.0) with AarTransform
Transforming loader-1.0.0.aar (androidx.loader:loader:1.0.0) with ExtractAarTransform
Transforming loader-1.0.0.aar (androidx.loader:loader:1.0.0) with AarTransform
Transforming emoji2-1.3.0.aar (androidx.emoji2:emoji2:1.3.0) with ExtractAarTransform
Transforming emoji2-1.3.0.aar (androidx.emoji2:emoji2:1.3.0) with AarTransform
Transforming lifecycle-process-2.8.6.aar (androidx.lifecycle:lifecycle-process:2.8.6) with ExtractAarTransform
Transforming lifecycle-process-2.8.6.aar (androidx.lifecycle:lifecycle-process:2.8.6) with AarTransform
Transforming lifecycle-livedata-core-ktx-2.8.6.aar (androidx.lifecycle:lifecycle-livedata-core-ktx:2.8.6) with ExtractAarTransform
Transforming lifecycle-livedata-core-ktx-2.8.6.aar (androidx.lifecycle:lifecycle-livedata-core-ktx:2.8.6) with AarTransform
Transforming lifecycle-livedata-2.8.6.aar (androidx.lifecycle:lifecycle-livedata:2.8.6) with ExtractAarTransform
Transforming lifecycle-livedata-2.8.6.aar (androidx.lifecycle:lifecycle-livedata:2.8.6) with AarTransform
Transforming lifecycle-viewmodel-2.8.6.aar (androidx.lifecycle:lifecycle-viewmodel:2.8.6) with ExtractAarTransform
Transforming lifecycle-viewmodel-2.8.6.aar (androidx.lifecycle:lifecycle-viewmodel:2.8.6) with AarTransform
Transforming lifecycle-viewmodel-release.aar (androidx.lifecycle:lifecycle-viewmodel-android:2.8.6) with ExtractAarTransform
Transforming lifecycle-viewmodel-release.aar (androidx.lifecycle:lifecycle-viewmodel-android:2.8.6) with AarTransform
Transforming lifecycle-runtime-compose-release.aar (androidx.lifecycle:lifecycle-runtime-compose-android:2.8.6) with ExtractAarTransform
Transforming lifecycle-runtime-compose-release.aar (androidx.lifecycle:lifecycle-runtime-compose-android:2.8.6) with AarTransform
Transforming core-1.4.0.aar (androidx.test:core:1.4.0) with ExtractAarTransform
Transforming core-1.4.0.aar (androidx.test:core:1.4.0) with AarTransform
Transforming lifecycle-runtime-release.aar (androidx.lifecycle:lifecycle-runtime-android:2.8.6) with ExtractAarTransform
Transforming lifecycle-runtime-release.aar (androidx.lifecycle:lifecycle-runtime-android:2.8.6) with AarTransform
Transforming lifecycle-livedata-core-2.8.6.aar (androidx.lifecycle:lifecycle-livedata-core:2.8.6) with ExtractAarTransform
Transforming lifecycle-livedata-core-2.8.6.aar (androidx.lifecycle:lifecycle-livedata-core:2.8.6) with AarTransform
Transforming lifecycle-viewmodel-ktx-2.8.6.aar (androidx.lifecycle:lifecycle-viewmodel-ktx:2.8.6) with ExtractAarTransform
Transforming lifecycle-viewmodel-ktx-2.8.6.aar (androidx.lifecycle:lifecycle-viewmodel-ktx:2.8.6) with AarTransform
Transforming lifecycle-viewmodel-savedstate-2.8.6.aar (androidx.lifecycle:lifecycle-viewmodel-savedstate:2.8.6) with ExtractAarTransform
Transforming lifecycle-viewmodel-savedstate-2.8.6.aar (androidx.lifecycle:lifecycle-viewmodel-savedstate:2.8.6) with AarTransform
Transforming lifecycle-runtime-ktx-release.aar (androidx.lifecycle:lifecycle-runtime-ktx-android:2.8.6) with ExtractAarTransform
Transforming lifecycle-runtime-ktx-release.aar (androidx.lifecycle:lifecycle-runtime-ktx-android:2.8.6) with AarTransform
Transforming lifecycle-viewmodel-compose-release.aar (androidx.lifecycle:lifecycle-viewmodel-compose-android:2.8.6) with ExtractAarTransform
Transforming lifecycle-viewmodel-compose-release.aar (androidx.lifecycle:lifecycle-viewmodel-compose-android:2.8.6) with AarTransform
Transforming ui-release.aar (androidx.compose.ui:ui-android:1.7.2) with ExtractAarTransform
Transforming ui-release.aar (androidx.compose.ui:ui-android:1.7.2) with AarTransform
Transforming autofill-1.0.0.aar (androidx.autofill:autofill:1.0.0) with ExtractAarTransform
Transforming autofill-1.0.0.aar (androidx.autofill:autofill:1.0.0) with AarTransform
Transforming appcompat-resources-1.4.2.aar (androidx.appcompat:appcompat-resources:1.4.2) with ExtractAarTransform
Transforming appcompat-resources-1.4.2.aar (androidx.appcompat:appcompat-resources:1.4.2) with AarTransform
Transforming vectordrawable-animated-1.1.0.aar (androidx.vectordrawable:vectordrawable-animated:1.1.0) with ExtractAarTransform
Transforming vectordrawable-animated-1.1.0.aar (androidx.vectordrawable:vectordrawable-animated:1.1.0) with AarTransform
Transforming vectordrawable-1.1.0.aar (androidx.vectordrawable:vectordrawable:1.1.0) with ExtractAarTransform
Transforming vectordrawable-1.1.0.aar (androidx.vectordrawable:vectordrawable:1.1.0) with AarTransform
Transforming vectordrawable-1.1.0.aar (androidx.vectordrawable:vectordrawable:1.1.0) with ExtractAarTransform
Transforming vectordrawable-1.1.0.aar (androidx.vectordrawable:vectordrawable:1.1.0) with AarTransform
Transforming viewpager-1.0.0.aar (androidx.viewpager:viewpager:1.0.0) with ExtractAarTransform
Transforming viewpager-1.0.0.aar (androidx.viewpager:viewpager:1.0.0) with AarTransform
Transforming customview-1.0.0.aar (androidx.customview:customview:1.0.0) with ExtractAarTransform
Transforming customview-1.0.0.aar (androidx.customview:customview:1.0.0) with AarTransform
Transforming graphics-path-1.0.1.aar (androidx.graphics:graphics-path:1.0.1) with ExtractAarTransform
Transforming graphics-path-1.0.1.aar (androidx.graphics:graphics-path:1.0.1) with AarTransform
Transforming core-1.13.1.aar (androidx.core:core:1.13.1) with ExtractAarTransform
Transforming core-1.13.1.aar (androidx.core:core:1.13.1) with AarTransform
Transforming core-1.13.1.aar (androidx.core:core:1.13.1) with ExtractAarTransform
Transforming core-1.13.1.aar (androidx.core:core:1.13.1) with AarTransform
Transforming customview-poolingcontainer-1.0.0.aar (androidx.customview:customview-poolingcontainer:1.0.0) with ExtractAarTransform
Transforming customview-poolingcontainer-1.0.0.aar (androidx.customview:customview-poolingcontainer:1.0.0) with AarTransform
Transforming core-ktx-1.13.1.aar (androidx.core:core-ktx:1.13.1) with ExtractAarTransform
Transforming core-ktx-1.13.1.aar (androidx.core:core-ktx:1.13.1) with AarTransform
Transforming datastore-core-release.aar (androidx.datastore:datastore-core-android:1.1.1) with ExtractAarTransform
Transforming datastore-core-release.aar (androidx.datastore:datastore-core-android:1.1.1) with AarTransform
Transforming datastore-release.aar (androidx.datastore:datastore-android:1.1.1) with ExtractAarTransform
Transforming datastore-release.aar (androidx.datastore:datastore-android:1.1.1) with AarTransform
Transforming datastore-preferences-release.aar (androidx.datastore:datastore-preferences-android:1.1.1) with ExtractAarTransform
Transforming datastore-preferences-release.aar (androidx.datastore:datastore-preferences-android:1.1.1) with AarTransform
Transforming runtime-release.aar (androidx.compose.runtime:runtime-android:1.7.2) with ExtractAarTransform
Transforming runtime-release.aar (androidx.compose.runtime:runtime-android:1.7.2) with AarTransform
Transforming runtime-saveable-release.aar (androidx.compose.runtime:runtime-saveable-android:1.7.2) with ExtractAarTransform
Transforming runtime-saveable-release.aar (androidx.compose.runtime:runtime-saveable-android:1.7.2) with AarTransform
Transforming annotation-experimental-1.4.1.aar (androidx.annotation:annotation-experimental:1.4.1) with ExtractAarTransform
Transforming annotation-experimental-1.4.1.aar (androidx.annotation:annotation-experimental:1.4.1) with AarTransform
Transforming gifdecoder-4.16.0.aar (com.github.bumptech.glide:gifdecoder:4.16.0) with ExtractAarTransform
Transforming gifdecoder-4.16.0.aar (com.github.bumptech.glide:gifdecoder:4.16.0) with AarTransform
Transforming exifinterface-1.3.6.aar (androidx.exifinterface:exifinterface:1.3.6) with ExtractAarTransform
Transforming exifinterface-1.3.6.aar (androidx.exifinterface:exifinterface:1.3.6) with AarTransform
Transforming profileinstaller-1.3.1.aar (androidx.profileinstaller:profileinstaller:1.3.1) with ExtractAarTransform
Transforming profileinstaller-1.3.1.aar (androidx.profileinstaller:profileinstaller:1.3.1) with AarTransform
Transforming startup-runtime-1.1.1.aar (androidx.startup:startup-runtime:1.1.1) with ExtractAarTransform
Transforming startup-runtime-1.1.1.aar (androidx.startup:startup-runtime:1.1.1) with AarTransform
Transforming tracing-1.0.0.aar (androidx.tracing:tracing:1.0.0) with ExtractAarTransform
Transforming tracing-1.0.0.aar (androidx.tracing:tracing:1.0.0) with AarTransform
Transforming interpolator-1.0.0.aar (androidx.interpolator:interpolator:1.0.0) with ExtractAarTransform
Transforming interpolator-1.0.0.aar (androidx.interpolator:interpolator:1.0.0) with AarTransform
Transforming interpolator-1.0.0.aar (androidx.interpolator:interpolator:1.0.0) with ExtractAarTransform
Transforming interpolator-1.0.0.aar (androidx.interpolator:interpolator:1.0.0) with AarTransform
Transforming versionedparcelable-1.1.1.aar (androidx.versionedparcelable:versionedparcelable:1.1.1) with ExtractAarTransform
Transforming versionedparcelable-1.1.1.aar (androidx.versionedparcelable:versionedparcelable:1.1.1) with AarTransform
Transforming core-runtime-2.2.0.aar (androidx.arch.core:core-runtime:2.2.0) with ExtractAarTransform
Transforming core-runtime-2.2.0.aar (androidx.arch.core:core-runtime:2.2.0) with AarTransform
Transforming monitor-1.4.0.aar (androidx.test:monitor:1.4.0) with ExtractAarTransform
Transforming monitor-1.4.0.aar (androidx.test:monitor:1.4.0) with AarTransform
Transforming dagger-lint-aar-2.51.1.aar (com.google.dagger:dagger-lint-aar:2.51.1) with ExtractAarTransform
Transforming dagger-lint-aar-2.51.1.aar (com.google.dagger:dagger-lint-aar:2.51.1) with AarTransform
Caching disabled for task ':app:mergeDebugAssets' because:
  Build cache is disabled
  Simple merging task
Skipping task ':app:mergeDebugAssets' as it is up-to-date.
Resolve mutations for :app:compressDebugAssets (Thread[#294,included builds,5,main]) started.
:app:compressDebugAssets (Thread[#294,included builds,5,main]) started.

> Task :app:compressDebugAssets UP-TO-DATE
Caching disabled for task ':app:compressDebugAssets' because:
  Build cache is disabled
Skipping task ':app:compressDebugAssets' as it is up-to-date.
Resolve mutations for :app:checkDebugDuplicateClasses (Thread[#294,included builds,5,main]) started.
:app:checkDebugDuplicateClasses (Thread[#294,included builds,5,main]) started.

> Task :app:checkDebugDuplicateClasses UP-TO-DATE
Transforming compose-1.0.0-alpha.1.aar (com.github.bumptech.glide:compose:1.0.0-alpha.1) with AarToClassTransform
Transforming compose-1.0.0-alpha.1.aar (com.github.bumptech.glide:compose:1.0.0-alpha.1) with EnumerateClassesTransform
Transforming ktx-1.0.0-alpha.1.aar (com.github.bumptech.glide:ktx:1.0.0-alpha.1) with AarToClassTransform
Transforming ktx-1.0.0-alpha.1.aar (com.github.bumptech.glide:ktx:1.0.0-alpha.1) with EnumerateClassesTransform
Transforming hilt-navigation-compose-1.2.0.aar (androidx.hilt:hilt-navigation-compose:1.2.0) with AarToClassTransform
Transforming hilt-navigation-compose-1.2.0.aar (androidx.hilt:hilt-navigation-compose:1.2.0) with EnumerateClassesTransform
Transforming hilt-navigation-1.2.0.aar (androidx.hilt:hilt-navigation:1.2.0) with AarToClassTransform
Transforming hilt-navigation-1.2.0.aar (androidx.hilt:hilt-navigation:1.2.0) with EnumerateClassesTransform
Transforming navigation-common-2.8.1.aar (androidx.navigation:navigation-common:2.8.1) with AarToClassTransform
Transforming navigation-common-2.8.1.aar (androidx.navigation:navigation-common:2.8.1) with EnumerateClassesTransform
Transforming navigation-runtime-2.8.1.aar (androidx.navigation:navigation-runtime:2.8.1) with AarToClassTransform
Transforming navigation-runtime-2.8.1.aar (androidx.navigation:navigation-runtime:2.8.1) with EnumerateClassesTransform
Transforming navigation-common-ktx-2.8.1.aar (androidx.navigation:navigation-common-ktx:2.8.1) with AarToClassTransform
Transforming navigation-common-ktx-2.8.1.aar (androidx.navigation:navigation-common-ktx:2.8.1) with EnumerateClassesTransform
Transforming navigation-runtime-ktx-2.8.1.aar (androidx.navigation:navigation-runtime-ktx:2.8.1) with AarToClassTransform
Transforming navigation-runtime-ktx-2.8.1.aar (androidx.navigation:navigation-runtime-ktx:2.8.1) with EnumerateClassesTransform
Transforming navigation-compose-2.8.1.aar (androidx.navigation:navigation-compose:2.8.1) with AarToClassTransform
Transforming navigation-compose-2.8.1.aar (androidx.navigation:navigation-compose:2.8.1) with EnumerateClassesTransform
Transforming coil-compose-2.2.2.aar (io.coil-kt:coil-compose:2.2.2) with AarToClassTransform
Transforming coil-compose-2.2.2.aar (io.coil-kt:coil-compose:2.2.2) with EnumerateClassesTransform
Transforming coil-compose-base-2.2.2.aar (io.coil-kt:coil-compose-base:2.2.2) with AarToClassTransform
Transforming coil-compose-base-2.2.2.aar (io.coil-kt:coil-compose-base:2.2.2) with EnumerateClassesTransform
Transforming hilt-android-2.51.1.aar (com.google.dagger:hilt-android:2.51.1) with AarToClassTransform
Transforming hilt-android-2.51.1.aar (com.google.dagger:hilt-android:2.51.1) with EnumerateClassesTransform
Transforming recyclerview-integration-4.14.2.aar (com.github.bumptech.glide:recyclerview-integration:4.14.2) with AarToClassTransform
Transforming recyclerview-integration-4.14.2.aar (com.github.bumptech.glide:recyclerview-integration:4.14.2) with EnumerateClassesTransform
Transforming glide-4.16.0.aar (com.github.bumptech.glide:glide:4.16.0) with AarToClassTransform
Transforming glide-4.16.0.aar (com.github.bumptech.glide:glide:4.16.0) with EnumerateClassesTransform
Transforming fragment-1.5.1.aar (androidx.fragment:fragment:1.5.1) with AarToClassTransform
Transforming fragment-1.5.1.aar (androidx.fragment:fragment:1.5.1) with EnumerateClassesTransform
Transforming material3-release.aar (androidx.compose.material3:material3-android:1.2.1) with AarToClassTransform
Transforming material3-release.aar (androidx.compose.material3:material3-android:1.2.1) with EnumerateClassesTransform
Transforming foundation-layout-release.aar (androidx.compose.foundation:foundation-layout-android:1.7.2) with AarToClassTransform
Transforming foundation-layout-release.aar (androidx.compose.foundation:foundation-layout-android:1.7.2) with EnumerateClassesTransform
Transforming material-icons-core-release.aar (androidx.compose.material:material-icons-core-android:1.6.6) with AarToClassTransform
Transforming material-icons-core-release.aar (androidx.compose.material:material-icons-core-android:1.6.6) with EnumerateClassesTransform
Transforming material-ripple-release.aar (androidx.compose.material:material-ripple-android:1.7.2) with AarToClassTransform
Transforming material-ripple-release.aar (androidx.compose.material:material-ripple-android:1.7.2) with EnumerateClassesTransform
Transforming foundation-release.aar (androidx.compose.foundation:foundation-android:1.7.2) with AarToClassTransform
Transforming foundation-release.aar (androidx.compose.foundation:foundation-android:1.7.2) with EnumerateClassesTransform
Transforming animation-core-release.aar (androidx.compose.animation:animation-core-android:1.7.2) with AarToClassTransform
Transforming animation-core-release.aar (androidx.compose.animation:animation-core-android:1.7.2) with EnumerateClassesTransform
Transforming animation-release.aar (androidx.compose.animation:animation-android:1.7.2) with AarToClassTransform
Transforming animation-release.aar (androidx.compose.animation:animation-android:1.7.2) with EnumerateClassesTransform
Transforming ui-tooling-data-release.aar (androidx.compose.ui:ui-tooling-data-android:1.7.2) with AarToClassTransform
Transforming ui-tooling-data-release.aar (androidx.compose.ui:ui-tooling-data-android:1.7.2) with EnumerateClassesTransform
Transforming ui-unit-release.aar (androidx.compose.ui:ui-unit-android:1.7.2) with AarToClassTransform
Transforming ui-unit-release.aar (androidx.compose.ui:ui-unit-android:1.7.2) with EnumerateClassesTransform
Transforming ui-geometry-release.aar (androidx.compose.ui:ui-geometry-android:1.7.2) with AarToClassTransform
Transforming ui-geometry-release.aar (androidx.compose.ui:ui-geometry-android:1.7.2) with EnumerateClassesTransform
Transforming ui-graphics-release.aar (androidx.compose.ui:ui-graphics-android:1.7.2) with AarToClassTransform
Transforming ui-graphics-release.aar (androidx.compose.ui:ui-graphics-android:1.7.2) with EnumerateClassesTransform
Transforming ui-util-release.aar (androidx.compose.ui:ui-util-android:1.7.2) with AarToClassTransform
Transforming ui-util-release.aar (androidx.compose.ui:ui-util-android:1.7.2) with EnumerateClassesTransform
Transforming ui-tooling-release.aar (androidx.compose.ui:ui-tooling-android:1.7.2) with AarToClassTransform
Transforming ui-tooling-release.aar (androidx.compose.ui:ui-tooling-android:1.7.2) with EnumerateClassesTransform
Transforming material-release.aar (androidx.compose.material:material-android:1.7.2) with AarToClassTransform
Transforming material-release.aar (androidx.compose.material:material-android:1.7.2) with EnumerateClassesTransform
Transforming ui-text-release.aar (androidx.compose.ui:ui-text-android:1.7.2) with AarToClassTransform
Transforming ui-text-release.aar (androidx.compose.ui:ui-text-android:1.7.2) with EnumerateClassesTransform
Transforming ui-tooling-preview-release.aar (androidx.compose.ui:ui-tooling-preview-android:1.7.2) with AarToClassTransform
Transforming ui-tooling-preview-release.aar (androidx.compose.ui:ui-tooling-preview-android:1.7.2) with EnumerateClassesTransform
Transforming ui-test-manifest-1.7.2.aar (androidx.compose.ui:ui-test-manifest:1.7.2) with AarToClassTransform
Transforming ui-test-manifest-1.7.2.aar (androidx.compose.ui:ui-test-manifest:1.7.2) with EnumerateClassesTransform
Transforming activity-1.9.2.aar (androidx.activity:activity:1.9.2) with AarToClassTransform
Transforming activity-1.9.2.aar (androidx.activity:activity:1.9.2) with EnumerateClassesTransform
Transforming activity-ktx-1.9.2.aar (androidx.activity:activity-ktx:1.9.2) with AarToClassTransform
Transforming activity-ktx-1.9.2.aar (androidx.activity:activity-ktx:1.9.2) with EnumerateClassesTransform
Transforming activity-compose-1.9.2.aar (androidx.activity:activity-compose:1.9.2) with AarToClassTransform
Transforming activity-compose-1.9.2.aar (androidx.activity:activity-compose:1.9.2) with EnumerateClassesTransform
Transforming accompanist-drawablepainter-0.25.1.aar (com.google.accompanist:accompanist-drawablepainter:0.25.1) with AarToClassTransform
Transforming accompanist-drawablepainter-0.25.1.aar (com.google.accompanist:accompanist-drawablepainter:0.25.1) with EnumerateClassesTransform
Transforming coil-2.2.2.aar (io.coil-kt:coil:2.2.2) with AarToClassTransform
Transforming coil-2.2.2.aar (io.coil-kt:coil:2.2.2) with EnumerateClassesTransform
Transforming coil-base-2.2.2.aar (io.coil-kt:coil-base:2.2.2) with AarToClassTransform
Transforming coil-base-2.2.2.aar (io.coil-kt:coil-base:2.2.2) with EnumerateClassesTransform
Transforming savedstate-ktx-1.2.1.aar (androidx.savedstate:savedstate-ktx:1.2.1) with AarToClassTransform
Transforming savedstate-ktx-1.2.1.aar (androidx.savedstate:savedstate-ktx:1.2.1) with EnumerateClassesTransform
Transforming savedstate-1.2.1.aar (androidx.savedstate:savedstate:1.2.1) with AarToClassTransform
Transforming savedstate-1.2.1.aar (androidx.savedstate:savedstate:1.2.1) with EnumerateClassesTransform
Transforming core-ktx-1.4.0.aar (androidx.test:core-ktx:1.4.0) with AarToClassTransform
Transforming core-ktx-1.4.0.aar (androidx.test:core-ktx:1.4.0) with EnumerateClassesTransform
Transforming loader-1.0.0.aar (androidx.loader:loader:1.0.0) with AarToClassTransform
Transforming loader-1.0.0.aar (androidx.loader:loader:1.0.0) with EnumerateClassesTransform
Transforming emoji2-1.3.0.aar (androidx.emoji2:emoji2:1.3.0) with AarToClassTransform
Transforming emoji2-1.3.0.aar (androidx.emoji2:emoji2:1.3.0) with EnumerateClassesTransform
Transforming lifecycle-process-2.8.6.aar (androidx.lifecycle:lifecycle-process:2.8.6) with AarToClassTransform
Transforming lifecycle-process-2.8.6.aar (androidx.lifecycle:lifecycle-process:2.8.6) with EnumerateClassesTransform
Transforming lifecycle-livedata-core-ktx-2.8.6.aar (androidx.lifecycle:lifecycle-livedata-core-ktx:2.8.6) with AarToClassTransform
Transforming lifecycle-livedata-core-ktx-2.8.6.aar (androidx.lifecycle:lifecycle-livedata-core-ktx:2.8.6) with EnumerateClassesTransform
Transforming lifecycle-livedata-2.8.6.aar (androidx.lifecycle:lifecycle-livedata:2.8.6) with AarToClassTransform
Transforming lifecycle-livedata-2.8.6.aar (androidx.lifecycle:lifecycle-livedata:2.8.6) with EnumerateClassesTransform
Transforming lifecycle-viewmodel-2.8.6.aar (androidx.lifecycle:lifecycle-viewmodel:2.8.6) with AarToClassTransform
Transforming lifecycle-viewmodel-2.8.6.aar (androidx.lifecycle:lifecycle-viewmodel:2.8.6) with EnumerateClassesTransform
Transforming lifecycle-viewmodel-release.aar (androidx.lifecycle:lifecycle-viewmodel-android:2.8.6) with AarToClassTransform
Transforming lifecycle-viewmodel-release.aar (androidx.lifecycle:lifecycle-viewmodel-android:2.8.6) with EnumerateClassesTransform
Transforming lifecycle-runtime-compose-release.aar (androidx.lifecycle:lifecycle-runtime-compose-android:2.8.6) with AarToClassTransform
Transforming lifecycle-runtime-compose-release.aar (androidx.lifecycle:lifecycle-runtime-compose-android:2.8.6) with EnumerateClassesTransform
Transforming core-1.4.0.aar (androidx.test:core:1.4.0) with AarToClassTransform
Transforming core-1.4.0.aar (androidx.test:core:1.4.0) with EnumerateClassesTransform
Transforming lifecycle-common-jvm-2.8.6.jar (androidx.lifecycle:lifecycle-common-jvm:2.8.6) with IdentityTransform
Transforming lifecycle-common-jvm-2.8.6.jar (androidx.lifecycle:lifecycle-common-jvm:2.8.6) with EnumerateClassesTransform
Transforming lifecycle-runtime-release.aar (androidx.lifecycle:lifecycle-runtime-android:2.8.6) with AarToClassTransform
Transforming lifecycle-runtime-release.aar (androidx.lifecycle:lifecycle-runtime-android:2.8.6) with EnumerateClassesTransform
Transforming lifecycle-livedata-core-2.8.6.aar (androidx.lifecycle:lifecycle-livedata-core:2.8.6) with AarToClassTransform
Transforming lifecycle-livedata-core-2.8.6.aar (androidx.lifecycle:lifecycle-livedata-core:2.8.6) with EnumerateClassesTransform
Transforming lifecycle-viewmodel-ktx-2.8.6.aar (androidx.lifecycle:lifecycle-viewmodel-ktx:2.8.6) with AarToClassTransform
Transforming lifecycle-viewmodel-ktx-2.8.6.aar (androidx.lifecycle:lifecycle-viewmodel-ktx:2.8.6) with EnumerateClassesTransform
Transforming lifecycle-viewmodel-savedstate-2.8.6.aar (androidx.lifecycle:lifecycle-viewmodel-savedstate:2.8.6) with AarToClassTransform
Transforming lifecycle-viewmodel-savedstate-2.8.6.aar (androidx.lifecycle:lifecycle-viewmodel-savedstate:2.8.6) with EnumerateClassesTransform
Transforming lifecycle-runtime-ktx-release.aar (androidx.lifecycle:lifecycle-runtime-ktx-android:2.8.6) with AarToClassTransform
Transforming lifecycle-runtime-ktx-release.aar (androidx.lifecycle:lifecycle-runtime-ktx-android:2.8.6) with EnumerateClassesTransform
Transforming lifecycle-viewmodel-compose-release.aar (androidx.lifecycle:lifecycle-viewmodel-compose-android:2.8.6) with AarToClassTransform
Transforming lifecycle-viewmodel-compose-release.aar (androidx.lifecycle:lifecycle-viewmodel-compose-android:2.8.6) with EnumerateClassesTransform
Transforming ui-release.aar (androidx.compose.ui:ui-android:1.7.2) with AarToClassTransform
Transforming ui-release.aar (androidx.compose.ui:ui-android:1.7.2) with EnumerateClassesTransform
Transforming autofill-1.0.0.aar (androidx.autofill:autofill:1.0.0) with AarToClassTransform
Transforming autofill-1.0.0.aar (androidx.autofill:autofill:1.0.0) with EnumerateClassesTransform
Transforming appcompat-resources-1.4.2.aar (androidx.appcompat:appcompat-resources:1.4.2) with AarToClassTransform
Transforming appcompat-resources-1.4.2.aar (androidx.appcompat:appcompat-resources:1.4.2) with EnumerateClassesTransform
Transforming vectordrawable-animated-1.1.0.aar (androidx.vectordrawable:vectordrawable-animated:1.1.0) with AarToClassTransform
Transforming vectordrawable-animated-1.1.0.aar (androidx.vectordrawable:vectordrawable-animated:1.1.0) with EnumerateClassesTransform
Transforming vectordrawable-1.1.0.aar (androidx.vectordrawable:vectordrawable:1.1.0) with AarToClassTransform
Transforming vectordrawable-1.1.0.aar (androidx.vectordrawable:vectordrawable:1.1.0) with EnumerateClassesTransform
Transforming vectordrawable-1.1.0.aar (androidx.vectordrawable:vectordrawable:1.1.0) with AarToClassTransform
Transforming vectordrawable-1.1.0.aar (androidx.vectordrawable:vectordrawable:1.1.0) with EnumerateClassesTransform
Transforming viewpager-1.0.0.aar (androidx.viewpager:viewpager:1.0.0) with AarToClassTransform
Transforming viewpager-1.0.0.aar (androidx.viewpager:viewpager:1.0.0) with EnumerateClassesTransform
Transforming customview-1.0.0.aar (androidx.customview:customview:1.0.0) with AarToClassTransform
Transforming customview-1.0.0.aar (androidx.customview:customview:1.0.0) with EnumerateClassesTransform
Transforming graphics-path-1.0.1.aar (androidx.graphics:graphics-path:1.0.1) with AarToClassTransform
Transforming graphics-path-1.0.1.aar (androidx.graphics:graphics-path:1.0.1) with EnumerateClassesTransform
Transforming core-1.13.1.aar (androidx.core:core:1.13.1) with AarToClassTransform
Transforming core-1.13.1.aar (androidx.core:core:1.13.1) with EnumerateClassesTransform
Transforming core-1.13.1.aar (androidx.core:core:1.13.1) with AarToClassTransform
Transforming core-1.13.1.aar (androidx.core:core:1.13.1) with EnumerateClassesTransform
Transforming customview-poolingcontainer-1.0.0.aar (androidx.customview:customview-poolingcontainer:1.0.0) with AarToClassTransform
Transforming customview-poolingcontainer-1.0.0.aar (androidx.customview:customview-poolingcontainer:1.0.0) with EnumerateClassesTransform
Transforming core-ktx-1.13.1.aar (androidx.core:core-ktx:1.13.1) with AarToClassTransform
Transforming core-ktx-1.13.1.aar (androidx.core:core-ktx:1.13.1) with EnumerateClassesTransform
Transforming kotlin-stdlib-jdk7-1.9.0.jar (org.jetbrains.kotlin:kotlin-stdlib-jdk7:1.9.0) with IdentityTransform
Transforming kotlin-stdlib-jdk7-1.9.0.jar (org.jetbrains.kotlin:kotlin-stdlib-jdk7:1.9.0) with EnumerateClassesTransform
Transforming datastore-core-okio-jvm-1.1.1.jar (androidx.datastore:datastore-core-okio-jvm:1.1.1) with IdentityTransform
Transforming datastore-core-okio-jvm-1.1.1.jar (androidx.datastore:datastore-core-okio-jvm:1.1.1) with EnumerateClassesTransform
Transforming datastore-core-release.aar (androidx.datastore:datastore-core-android:1.1.1) with AarToClassTransform
Transforming datastore-core-release.aar (androidx.datastore:datastore-core-android:1.1.1) with EnumerateClassesTransform
Transforming datastore-preferences-core-jvm-1.1.1.jar (androidx.datastore:datastore-preferences-core-jvm:1.1.1) with IdentityTransform
Transforming datastore-preferences-core-jvm-1.1.1.jar (androidx.datastore:datastore-preferences-core-jvm:1.1.1) with EnumerateClassesTransform
Transforming datastore-release.aar (androidx.datastore:datastore-android:1.1.1) with AarToClassTransform
Transforming datastore-release.aar (androidx.datastore:datastore-android:1.1.1) with EnumerateClassesTransform
Transforming datastore-preferences-release.aar (androidx.datastore:datastore-preferences-android:1.1.1) with AarToClassTransform
Transforming datastore-preferences-release.aar (androidx.datastore:datastore-preferences-android:1.1.1) with EnumerateClassesTransform
Transforming kotlinx-serialization-core-jvm-1.6.3.jar (org.jetbrains.kotlinx:kotlinx-serialization-core-jvm:1.6.3) with IdentityTransform
Transforming kotlinx-serialization-core-jvm-1.6.3.jar (org.jetbrains.kotlinx:kotlinx-serialization-core-jvm:1.6.3) with EnumerateClassesTransform
Transforming kotlinx-serialization-json-jvm-1.6.3.jar (org.jetbrains.kotlinx:kotlinx-serialization-json-jvm:1.6.3) with IdentityTransform
Transforming kotlinx-serialization-json-jvm-1.6.3.jar (org.jetbrains.kotlinx:kotlinx-serialization-json-jvm:1.6.3) with EnumerateClassesTransform
Transforming okhttp-4.10.0.jar (com.squareup.okhttp3:okhttp:4.10.0) with IdentityTransform
Transforming okhttp-4.10.0.jar (com.squareup.okhttp3:okhttp:4.10.0) with EnumerateClassesTransform
Transforming okio-jvm-3.4.0.jar (com.squareup.okio:okio-jvm:3.4.0) with IdentityTransform
Transforming okio-jvm-3.4.0.jar (com.squareup.okio:okio-jvm:3.4.0) with EnumerateClassesTransform
Transforming runtime-release.aar (androidx.compose.runtime:runtime-android:1.7.2) with AarToClassTransform
Transforming runtime-release.aar (androidx.compose.runtime:runtime-android:1.7.2) with EnumerateClassesTransform
Transforming runtime-saveable-release.aar (androidx.compose.runtime:runtime-saveable-android:1.7.2) with AarToClassTransform
Transforming runtime-saveable-release.aar (androidx.compose.runtime:runtime-saveable-android:1.7.2) with EnumerateClassesTransform
Transforming annotation-experimental-1.4.1.aar (androidx.annotation:annotation-experimental:1.4.1) with AarToClassTransform
Transforming annotation-experimental-1.4.1.aar (androidx.annotation:annotation-experimental:1.4.1) with EnumerateClassesTransform
Transforming gifdecoder-4.16.0.aar (com.github.bumptech.glide:gifdecoder:4.16.0) with AarToClassTransform
Transforming gifdecoder-4.16.0.aar (com.github.bumptech.glide:gifdecoder:4.16.0) with EnumerateClassesTransform
Transforming exifinterface-1.3.6.aar (androidx.exifinterface:exifinterface:1.3.6) with AarToClassTransform
Transforming exifinterface-1.3.6.aar (androidx.exifinterface:exifinterface:1.3.6) with EnumerateClassesTransform
Transforming profileinstaller-1.3.1.aar (androidx.profileinstaller:profileinstaller:1.3.1) with AarToClassTransform
Transforming profileinstaller-1.3.1.aar (androidx.profileinstaller:profileinstaller:1.3.1) with EnumerateClassesTransform
Transforming startup-runtime-1.1.1.aar (androidx.startup:startup-runtime:1.1.1) with AarToClassTransform
Transforming startup-runtime-1.1.1.aar (androidx.startup:startup-runtime:1.1.1) with EnumerateClassesTransform
Transforming tracing-1.0.0.aar (androidx.tracing:tracing:1.0.0) with AarToClassTransform
Transforming tracing-1.0.0.aar (androidx.tracing:tracing:1.0.0) with EnumerateClassesTransform
Transforming interpolator-1.0.0.aar (androidx.interpolator:interpolator:1.0.0) with AarToClassTransform
Transforming interpolator-1.0.0.aar (androidx.interpolator:interpolator:1.0.0) with EnumerateClassesTransform
Transforming interpolator-1.0.0.aar (androidx.interpolator:interpolator:1.0.0) with AarToClassTransform
Transforming interpolator-1.0.0.aar (androidx.interpolator:interpolator:1.0.0) with EnumerateClassesTransform
Transforming versionedparcelable-1.1.1.aar (androidx.versionedparcelable:versionedparcelable:1.1.1) with AarToClassTransform
Transforming versionedparcelable-1.1.1.aar (androidx.versionedparcelable:versionedparcelable:1.1.1) with EnumerateClassesTransform
Transforming core-runtime-2.2.0.aar (androidx.arch.core:core-runtime:2.2.0) with AarToClassTransform
Transforming core-runtime-2.2.0.aar (androidx.arch.core:core-runtime:2.2.0) with EnumerateClassesTransform
Transforming core-common-2.2.0.jar (androidx.arch.core:core-common:2.2.0) with IdentityTransform
Transforming core-common-2.2.0.jar (androidx.arch.core:core-common:2.2.0) with EnumerateClassesTransform
Transforming monitor-1.4.0.aar (androidx.test:monitor:1.4.0) with AarToClassTransform
Transforming monitor-1.4.0.aar (androidx.test:monitor:1.4.0) with EnumerateClassesTransform
Transforming collection-jvm-1.4.4.jar (androidx.collection:collection-jvm:1.4.4) with IdentityTransform
Transforming collection-jvm-1.4.4.jar (androidx.collection:collection-jvm:1.4.4) with EnumerateClassesTransform
Transforming annotation-jvm-1.8.1.jar (androidx.annotation:annotation-jvm:1.8.1) with IdentityTransform
Transforming annotation-jvm-1.8.1.jar (androidx.annotation:annotation-jvm:1.8.1) with EnumerateClassesTransform
Transforming kotlin-stdlib-1.9.22.jar (org.jetbrains.kotlin:kotlin-stdlib:1.9.22) with IdentityTransform
Transforming kotlin-stdlib-1.9.22.jar (org.jetbrains.kotlin:kotlin-stdlib:1.9.22) with EnumerateClassesTransform
Transforming kotlinx-coroutines-core-jvm-1.7.3.jar (org.jetbrains.kotlinx:kotlinx-coroutines-core-jvm:1.7.3) with IdentityTransform
Transforming kotlinx-coroutines-core-jvm-1.7.3.jar (org.jetbrains.kotlinx:kotlinx-coroutines-core-jvm:1.7.3) with EnumerateClassesTransform
Transforming kotlinx-coroutines-android-1.7.3.jar (org.jetbrains.kotlinx:kotlinx-coroutines-android:1.7.3) with IdentityTransform
Transforming kotlinx-coroutines-android-1.7.3.jar (org.jetbrains.kotlinx:kotlinx-coroutines-android:1.7.3) with EnumerateClassesTransform
Transforming kotlin-stdlib-jdk8-1.9.0.jar (org.jetbrains.kotlin:kotlin-stdlib-jdk8:1.9.0) with IdentityTransform
Transforming kotlin-stdlib-jdk8-1.9.0.jar (org.jetbrains.kotlin:kotlin-stdlib-jdk8:1.9.0) with EnumerateClassesTransform
Transforming disklrucache-4.16.0.jar (com.github.bumptech.glide:disklrucache:4.16.0) with IdentityTransform
Transforming disklrucache-4.16.0.jar (com.github.bumptech.glide:disklrucache:4.16.0) with EnumerateClassesTransform
Transforming annotations-4.16.0.jar (com.github.bumptech.glide:annotations:4.16.0) with IdentityTransform
Transforming annotations-4.16.0.jar (com.github.bumptech.glide:annotations:4.16.0) with EnumerateClassesTransform
Transforming hilt-core-2.51.1.jar (com.google.dagger:hilt-core:2.51.1) with IdentityTransform
Transforming hilt-core-2.51.1.jar (com.google.dagger:hilt-core:2.51.1) with EnumerateClassesTransform
Transforming dagger-2.51.1.jar (com.google.dagger:dagger:2.51.1) with IdentityTransform
Transforming dagger-2.51.1.jar (com.google.dagger:dagger:2.51.1) with EnumerateClassesTransform
Transforming dagger-lint-aar-2.51.1.aar (com.google.dagger:dagger-lint-aar:2.51.1) with AarToClassTransform
Transforming dagger-lint-aar-2.51.1.aar (com.google.dagger:dagger-lint-aar:2.51.1) with EnumerateClassesTransform
Transforming jsr305-3.0.2.jar (com.google.code.findbugs:jsr305:3.0.2) with IdentityTransform
Transforming jsr305-3.0.2.jar (com.google.code.findbugs:jsr305:3.0.2) with EnumerateClassesTransform
Transforming javax.inject-1.jar (javax.inject:javax.inject:1) with IdentityTransform
Transforming javax.inject-1.jar (javax.inject:javax.inject:1) with EnumerateClassesTransform
Transforming annotations-23.0.0.jar (org.jetbrains:annotations:23.0.0) with IdentityTransform
Transforming annotations-23.0.0.jar (org.jetbrains:annotations:23.0.0) with EnumerateClassesTransform
Transforming concurrent-futures-1.1.0.jar (androidx.concurrent:concurrent-futures:1.1.0) with IdentityTransform
Transforming concurrent-futures-1.1.0.jar (androidx.concurrent:concurrent-futures:1.1.0) with EnumerateClassesTransform
Transforming collection-ktx-1.4.4.jar (androidx.collection:collection-ktx:1.4.4) with IdentityTransform
Transforming collection-ktx-1.4.4.jar (androidx.collection:collection-ktx:1.4.4) with EnumerateClassesTransform
Transforming kotlin-parcelize-runtime-1.9.22.jar (org.jetbrains.kotlin:kotlin-parcelize-runtime:1.9.22) with IdentityTransform
Transforming kotlin-parcelize-runtime-1.9.22.jar (org.jetbrains.kotlin:kotlin-parcelize-runtime:1.9.22) with EnumerateClassesTransform
Transforming kotlin-android-extensions-runtime-1.9.22.jar (org.jetbrains.kotlin:kotlin-android-extensions-runtime:1.9.22) with IdentityTransform
Transforming kotlin-android-extensions-runtime-1.9.22.jar (org.jetbrains.kotlin:kotlin-android-extensions-runtime:1.9.22) with EnumerateClassesTransform
Transforming listenablefuture-1.0.jar (com.google.guava:listenablefuture:1.0) with IdentityTransform
Transforming listenablefuture-1.0.jar (com.google.guava:listenablefuture:1.0) with EnumerateClassesTransform
Transforming lifecycle-common-java8-2.8.6.jar (androidx.lifecycle:lifecycle-common-java8:2.8.6) with IdentityTransform
Transforming lifecycle-common-java8-2.8.6.jar (androidx.lifecycle:lifecycle-common-java8:2.8.6) with EnumerateClassesTransform
Caching disabled for task ':app:checkDebugDuplicateClasses' because:
  Build cache is disabled
  Caching has been disabled for the task
Skipping task ':app:checkDebugDuplicateClasses' as it is up-to-date.
Resolve mutations for :app:desugarDebugFileDependencies (Thread[#294,included builds,5,main]) started.
:app:desugarDebugFileDependencies (Thread[#294,included builds,5,main]) started.

> Task :app:desugarDebugFileDependencies UP-TO-DATE
Caching disabled for task ':app:desugarDebugFileDependencies' because:
  Build cache is disabled
Skipping task ':app:desugarDebugFileDependencies' as it is up-to-date.
Resolve mutations for :app:mergeDebugStartupProfile (Thread[#294,included builds,5,main]) started.
:app:mergeDebugStartupProfile (Thread[#294,included builds,5,main]) started.

> Task :app:mergeDebugStartupProfile UP-TO-DATE
Caching disabled for task ':app:mergeDebugStartupProfile' because:
  Build cache is disabled
  Simple merging task
Skipping task ':app:mergeDebugStartupProfile' as it is up-to-date.
Resolve mutations for :app:mergeExtDexDebug (Thread[#294,included builds,5,main]) started.
:app:mergeExtDexDebug (Thread[#294,included builds,5,main]) started.

> Task :app:mergeExtDexDebug UP-TO-DATE
Transforming compose-1.0.0-alpha.1.aar (com.github.bumptech.glide:compose:1.0.0-alpha.1) with AarToClassTransform
Transforming compose-1.0.0-alpha.1.aar (com.github.bumptech.glide:compose:1.0.0-alpha.1) with IdentityTransform
Transforming compose-1.0.0-alpha.1.aar (com.github.bumptech.glide:compose:1.0.0-alpha.1) with DexingNoClasspathTransform
Transforming ktx-1.0.0-alpha.1.aar (com.github.bumptech.glide:ktx:1.0.0-alpha.1) with AarToClassTransform
Transforming ktx-1.0.0-alpha.1.aar (com.github.bumptech.glide:ktx:1.0.0-alpha.1) with IdentityTransform
Transforming ktx-1.0.0-alpha.1.aar (com.github.bumptech.glide:ktx:1.0.0-alpha.1) with DexingNoClasspathTransform
Transforming hilt-navigation-compose-1.2.0.aar (androidx.hilt:hilt-navigation-compose:1.2.0) with AarToClassTransform
Transforming hilt-navigation-compose-1.2.0.aar (androidx.hilt:hilt-navigation-compose:1.2.0) with IdentityTransform
Transforming hilt-navigation-compose-1.2.0.aar (androidx.hilt:hilt-navigation-compose:1.2.0) with DexingNoClasspathTransform
Transforming hilt-navigation-1.2.0.aar (androidx.hilt:hilt-navigation:1.2.0) with AarToClassTransform
Transforming hilt-navigation-1.2.0.aar (androidx.hilt:hilt-navigation:1.2.0) with IdentityTransform
Transforming hilt-navigation-1.2.0.aar (androidx.hilt:hilt-navigation:1.2.0) with DexingNoClasspathTransform
Transforming navigation-common-2.8.1.aar (androidx.navigation:navigation-common:2.8.1) with AarToClassTransform
Transforming navigation-common-2.8.1.aar (androidx.navigation:navigation-common:2.8.1) with IdentityTransform
Transforming navigation-common-2.8.1.aar (androidx.navigation:navigation-common:2.8.1) with DexingNoClasspathTransform
Transforming navigation-runtime-2.8.1.aar (androidx.navigation:navigation-runtime:2.8.1) with AarToClassTransform
Transforming navigation-runtime-2.8.1.aar (androidx.navigation:navigation-runtime:2.8.1) with IdentityTransform
Transforming navigation-runtime-2.8.1.aar (androidx.navigation:navigation-runtime:2.8.1) with DexingNoClasspathTransform
Transforming navigation-common-ktx-2.8.1.aar (androidx.navigation:navigation-common-ktx:2.8.1) with AarToClassTransform
Transforming navigation-common-ktx-2.8.1.aar (androidx.navigation:navigation-common-ktx:2.8.1) with IdentityTransform
Transforming navigation-common-ktx-2.8.1.aar (androidx.navigation:navigation-common-ktx:2.8.1) with DexingNoClasspathTransform
Transforming navigation-runtime-ktx-2.8.1.aar (androidx.navigation:navigation-runtime-ktx:2.8.1) with AarToClassTransform
Transforming navigation-runtime-ktx-2.8.1.aar (androidx.navigation:navigation-runtime-ktx:2.8.1) with IdentityTransform
Transforming navigation-runtime-ktx-2.8.1.aar (androidx.navigation:navigation-runtime-ktx:2.8.1) with DexingNoClasspathTransform
Transforming navigation-compose-2.8.1.aar (androidx.navigation:navigation-compose:2.8.1) with AarToClassTransform
Transforming navigation-compose-2.8.1.aar (androidx.navigation:navigation-compose:2.8.1) with IdentityTransform
Transforming navigation-compose-2.8.1.aar (androidx.navigation:navigation-compose:2.8.1) with DexingNoClasspathTransform
Transforming coil-compose-2.2.2.aar (io.coil-kt:coil-compose:2.2.2) with AarToClassTransform
Transforming coil-compose-2.2.2.aar (io.coil-kt:coil-compose:2.2.2) with IdentityTransform
Transforming coil-compose-2.2.2.aar (io.coil-kt:coil-compose:2.2.2) with DexingNoClasspathTransform
Transforming coil-compose-base-2.2.2.aar (io.coil-kt:coil-compose-base:2.2.2) with AarToClassTransform
Transforming coil-compose-base-2.2.2.aar (io.coil-kt:coil-compose-base:2.2.2) with IdentityTransform
Transforming coil-compose-base-2.2.2.aar (io.coil-kt:coil-compose-base:2.2.2) with DexingNoClasspathTransform
Transforming hilt-android-2.51.1.aar (com.google.dagger:hilt-android:2.51.1) with AarToClassTransform
Transforming hilt-android-2.51.1.aar (com.google.dagger:hilt-android:2.51.1) with IdentityTransform
Transforming hilt-android-2.51.1.aar (com.google.dagger:hilt-android:2.51.1) with DexingNoClasspathTransform
Transforming recyclerview-integration-4.14.2.aar (com.github.bumptech.glide:recyclerview-integration:4.14.2) with AarToClassTransform
Transforming recyclerview-integration-4.14.2.aar (com.github.bumptech.glide:recyclerview-integration:4.14.2) with IdentityTransform
Transforming recyclerview-integration-4.14.2.aar (com.github.bumptech.glide:recyclerview-integration:4.14.2) with DexingNoClasspathTransform
Transforming glide-4.16.0.aar (com.github.bumptech.glide:glide:4.16.0) with AarToClassTransform
Transforming glide-4.16.0.aar (com.github.bumptech.glide:glide:4.16.0) with IdentityTransform
Transforming glide-4.16.0.aar (com.github.bumptech.glide:glide:4.16.0) with DexingNoClasspathTransform
Transforming fragment-1.5.1.aar (androidx.fragment:fragment:1.5.1) with AarToClassTransform
Transforming fragment-1.5.1.aar (androidx.fragment:fragment:1.5.1) with IdentityTransform
Transforming fragment-1.5.1.aar (androidx.fragment:fragment:1.5.1) with DexingNoClasspathTransform
Transforming material3-release.aar (androidx.compose.material3:material3-android:1.2.1) with AarToClassTransform
Transforming material3-release.aar (androidx.compose.material3:material3-android:1.2.1) with IdentityTransform
Transforming material3-release.aar (androidx.compose.material3:material3-android:1.2.1) with DexingNoClasspathTransform
Transforming foundation-layout-release.aar (androidx.compose.foundation:foundation-layout-android:1.7.2) with AarToClassTransform
Transforming foundation-layout-release.aar (androidx.compose.foundation:foundation-layout-android:1.7.2) with IdentityTransform
Transforming foundation-layout-release.aar (androidx.compose.foundation:foundation-layout-android:1.7.2) with DexingNoClasspathTransform
Transforming material-icons-core-release.aar (androidx.compose.material:material-icons-core-android:1.6.6) with AarToClassTransform
Transforming material-icons-core-release.aar (androidx.compose.material:material-icons-core-android:1.6.6) with IdentityTransform
Transforming material-icons-core-release.aar (androidx.compose.material:material-icons-core-android:1.6.6) with DexingNoClasspathTransform
Transforming material-ripple-release.aar (androidx.compose.material:material-ripple-android:1.7.2) with AarToClassTransform
Transforming material-ripple-release.aar (androidx.compose.material:material-ripple-android:1.7.2) with IdentityTransform
Transforming material-ripple-release.aar (androidx.compose.material:material-ripple-android:1.7.2) with DexingNoClasspathTransform
Transforming foundation-release.aar (androidx.compose.foundation:foundation-android:1.7.2) with AarToClassTransform
Transforming foundation-release.aar (androidx.compose.foundation:foundation-android:1.7.2) with IdentityTransform
Transforming foundation-release.aar (androidx.compose.foundation:foundation-android:1.7.2) with DexingNoClasspathTransform
Transforming animation-core-release.aar (androidx.compose.animation:animation-core-android:1.7.2) with AarToClassTransform
Transforming animation-core-release.aar (androidx.compose.animation:animation-core-android:1.7.2) with IdentityTransform
Transforming animation-core-release.aar (androidx.compose.animation:animation-core-android:1.7.2) with DexingNoClasspathTransform
Transforming animation-release.aar (androidx.compose.animation:animation-android:1.7.2) with AarToClassTransform
Transforming animation-release.aar (androidx.compose.animation:animation-android:1.7.2) with IdentityTransform
Transforming animation-release.aar (androidx.compose.animation:animation-android:1.7.2) with DexingNoClasspathTransform
Transforming ui-tooling-data-release.aar (androidx.compose.ui:ui-tooling-data-android:1.7.2) with AarToClassTransform
Transforming ui-tooling-data-release.aar (androidx.compose.ui:ui-tooling-data-android:1.7.2) with IdentityTransform
Transforming ui-tooling-data-release.aar (androidx.compose.ui:ui-tooling-data-android:1.7.2) with DexingNoClasspathTransform
Transforming ui-unit-release.aar (androidx.compose.ui:ui-unit-android:1.7.2) with AarToClassTransform
Transforming ui-unit-release.aar (androidx.compose.ui:ui-unit-android:1.7.2) with IdentityTransform
Transforming ui-unit-release.aar (androidx.compose.ui:ui-unit-android:1.7.2) with DexingNoClasspathTransform
Transforming ui-geometry-release.aar (androidx.compose.ui:ui-geometry-android:1.7.2) with AarToClassTransform
Transforming ui-geometry-release.aar (androidx.compose.ui:ui-geometry-android:1.7.2) with IdentityTransform
Transforming ui-geometry-release.aar (androidx.compose.ui:ui-geometry-android:1.7.2) with DexingNoClasspathTransform
Transforming ui-graphics-release.aar (androidx.compose.ui:ui-graphics-android:1.7.2) with AarToClassTransform
Transforming ui-graphics-release.aar (androidx.compose.ui:ui-graphics-android:1.7.2) with IdentityTransform
Transforming ui-graphics-release.aar (androidx.compose.ui:ui-graphics-android:1.7.2) with DexingNoClasspathTransform
Transforming ui-util-release.aar (androidx.compose.ui:ui-util-android:1.7.2) with AarToClassTransform
Transforming ui-util-release.aar (androidx.compose.ui:ui-util-android:1.7.2) with IdentityTransform
Transforming ui-util-release.aar (androidx.compose.ui:ui-util-android:1.7.2) with DexingNoClasspathTransform
Transforming ui-tooling-release.aar (androidx.compose.ui:ui-tooling-android:1.7.2) with AarToClassTransform
Transforming ui-tooling-release.aar (androidx.compose.ui:ui-tooling-android:1.7.2) with IdentityTransform
Transforming ui-tooling-release.aar (androidx.compose.ui:ui-tooling-android:1.7.2) with DexingNoClasspathTransform
Transforming material-release.aar (androidx.compose.material:material-android:1.7.2) with AarToClassTransform
Transforming material-release.aar (androidx.compose.material:material-android:1.7.2) with IdentityTransform
Transforming material-release.aar (androidx.compose.material:material-android:1.7.2) with DexingNoClasspathTransform
Transforming ui-text-release.aar (androidx.compose.ui:ui-text-android:1.7.2) with AarToClassTransform
Transforming ui-text-release.aar (androidx.compose.ui:ui-text-android:1.7.2) with IdentityTransform
Transforming ui-text-release.aar (androidx.compose.ui:ui-text-android:1.7.2) with DexingNoClasspathTransform
Transforming ui-tooling-preview-release.aar (androidx.compose.ui:ui-tooling-preview-android:1.7.2) with AarToClassTransform
Transforming ui-tooling-preview-release.aar (androidx.compose.ui:ui-tooling-preview-android:1.7.2) with IdentityTransform
Transforming ui-tooling-preview-release.aar (androidx.compose.ui:ui-tooling-preview-android:1.7.2) with DexingNoClasspathTransform
Transforming ui-test-manifest-1.7.2.aar (androidx.compose.ui:ui-test-manifest:1.7.2) with AarToClassTransform
Transforming ui-test-manifest-1.7.2.aar (androidx.compose.ui:ui-test-manifest:1.7.2) with IdentityTransform
Transforming ui-test-manifest-1.7.2.aar (androidx.compose.ui:ui-test-manifest:1.7.2) with DexingNoClasspathTransform
Transforming activity-1.9.2.aar (androidx.activity:activity:1.9.2) with AarToClassTransform
Transforming activity-1.9.2.aar (androidx.activity:activity:1.9.2) with IdentityTransform
Transforming activity-1.9.2.aar (androidx.activity:activity:1.9.2) with DexingNoClasspathTransform
Transforming activity-ktx-1.9.2.aar (androidx.activity:activity-ktx:1.9.2) with AarToClassTransform
Transforming activity-ktx-1.9.2.aar (androidx.activity:activity-ktx:1.9.2) with IdentityTransform
Transforming activity-ktx-1.9.2.aar (androidx.activity:activity-ktx:1.9.2) with DexingNoClasspathTransform
Transforming activity-compose-1.9.2.aar (androidx.activity:activity-compose:1.9.2) with AarToClassTransform
Transforming activity-compose-1.9.2.aar (androidx.activity:activity-compose:1.9.2) with IdentityTransform
Transforming activity-compose-1.9.2.aar (androidx.activity:activity-compose:1.9.2) with DexingNoClasspathTransform
Transforming accompanist-drawablepainter-0.25.1.aar (com.google.accompanist:accompanist-drawablepainter:0.25.1) with AarToClassTransform
Transforming accompanist-drawablepainter-0.25.1.aar (com.google.accompanist:accompanist-drawablepainter:0.25.1) with IdentityTransform
Transforming accompanist-drawablepainter-0.25.1.aar (com.google.accompanist:accompanist-drawablepainter:0.25.1) with DexingNoClasspathTransform
Transforming coil-2.2.2.aar (io.coil-kt:coil:2.2.2) with AarToClassTransform
Transforming coil-2.2.2.aar (io.coil-kt:coil:2.2.2) with IdentityTransform
Transforming coil-2.2.2.aar (io.coil-kt:coil:2.2.2) with DexingNoClasspathTransform
Transforming coil-base-2.2.2.aar (io.coil-kt:coil-base:2.2.2) with AarToClassTransform
Transforming coil-base-2.2.2.aar (io.coil-kt:coil-base:2.2.2) with IdentityTransform
Transforming coil-base-2.2.2.aar (io.coil-kt:coil-base:2.2.2) with DexingNoClasspathTransform
Transforming savedstate-ktx-1.2.1.aar (androidx.savedstate:savedstate-ktx:1.2.1) with AarToClassTransform
Transforming savedstate-ktx-1.2.1.aar (androidx.savedstate:savedstate-ktx:1.2.1) with IdentityTransform
Transforming savedstate-ktx-1.2.1.aar (androidx.savedstate:savedstate-ktx:1.2.1) with DexingNoClasspathTransform
Transforming savedstate-1.2.1.aar (androidx.savedstate:savedstate:1.2.1) with AarToClassTransform
Transforming savedstate-1.2.1.aar (androidx.savedstate:savedstate:1.2.1) with IdentityTransform
Transforming savedstate-1.2.1.aar (androidx.savedstate:savedstate:1.2.1) with DexingNoClasspathTransform
Transforming core-ktx-1.4.0.aar (androidx.test:core-ktx:1.4.0) with AarToClassTransform
Transforming core-ktx-1.4.0.aar (androidx.test:core-ktx:1.4.0) with IdentityTransform
Transforming core-ktx-1.4.0.aar (androidx.test:core-ktx:1.4.0) with DexingNoClasspathTransform
Transforming loader-1.0.0.aar (androidx.loader:loader:1.0.0) with AarToClassTransform
Transforming loader-1.0.0.aar (androidx.loader:loader:1.0.0) with IdentityTransform
Transforming loader-1.0.0.aar (androidx.loader:loader:1.0.0) with DexingNoClasspathTransform
Transforming emoji2-1.3.0.aar (androidx.emoji2:emoji2:1.3.0) with AarToClassTransform
Transforming emoji2-1.3.0.aar (androidx.emoji2:emoji2:1.3.0) with IdentityTransform
Transforming emoji2-1.3.0.aar (androidx.emoji2:emoji2:1.3.0) with DexingNoClasspathTransform
Transforming lifecycle-process-2.8.6.aar (androidx.lifecycle:lifecycle-process:2.8.6) with AarToClassTransform
Transforming lifecycle-process-2.8.6.aar (androidx.lifecycle:lifecycle-process:2.8.6) with IdentityTransform
Transforming lifecycle-process-2.8.6.aar (androidx.lifecycle:lifecycle-process:2.8.6) with DexingNoClasspathTransform
Transforming lifecycle-livedata-core-ktx-2.8.6.aar (androidx.lifecycle:lifecycle-livedata-core-ktx:2.8.6) with AarToClassTransform
Transforming lifecycle-livedata-core-ktx-2.8.6.aar (androidx.lifecycle:lifecycle-livedata-core-ktx:2.8.6) with IdentityTransform
Transforming lifecycle-livedata-core-ktx-2.8.6.aar (androidx.lifecycle:lifecycle-livedata-core-ktx:2.8.6) with DexingNoClasspathTransform
Transforming lifecycle-livedata-2.8.6.aar (androidx.lifecycle:lifecycle-livedata:2.8.6) with AarToClassTransform
Transforming lifecycle-livedata-2.8.6.aar (androidx.lifecycle:lifecycle-livedata:2.8.6) with IdentityTransform
Transforming lifecycle-livedata-2.8.6.aar (androidx.lifecycle:lifecycle-livedata:2.8.6) with DexingNoClasspathTransform
Transforming lifecycle-common-java8-2.8.6.jar (androidx.lifecycle:lifecycle-common-java8:2.8.6) with IdentityTransform
Transforming lifecycle-common-java8-2.8.6.jar (androidx.lifecycle:lifecycle-common-java8:2.8.6) with IdentityTransform
Transforming lifecycle-common-java8-2.8.6.jar (androidx.lifecycle:lifecycle-common-java8:2.8.6) with DexingNoClasspathTransform
Transforming lifecycle-viewmodel-2.8.6.aar (androidx.lifecycle:lifecycle-viewmodel:2.8.6) with AarToClassTransform
Transforming lifecycle-viewmodel-2.8.6.aar (androidx.lifecycle:lifecycle-viewmodel:2.8.6) with IdentityTransform
Transforming lifecycle-viewmodel-2.8.6.aar (androidx.lifecycle:lifecycle-viewmodel:2.8.6) with DexingNoClasspathTransform
Transforming lifecycle-viewmodel-release.aar (androidx.lifecycle:lifecycle-viewmodel-android:2.8.6) with AarToClassTransform
Transforming lifecycle-viewmodel-release.aar (androidx.lifecycle:lifecycle-viewmodel-android:2.8.6) with IdentityTransform
Transforming lifecycle-viewmodel-release.aar (androidx.lifecycle:lifecycle-viewmodel-android:2.8.6) with DexingNoClasspathTransform
Transforming lifecycle-runtime-compose-release.aar (androidx.lifecycle:lifecycle-runtime-compose-android:2.8.6) with AarToClassTransform
Transforming lifecycle-runtime-compose-release.aar (androidx.lifecycle:lifecycle-runtime-compose-android:2.8.6) with IdentityTransform
Transforming lifecycle-runtime-compose-release.aar (androidx.lifecycle:lifecycle-runtime-compose-android:2.8.6) with DexingNoClasspathTransform
Transforming core-1.4.0.aar (androidx.test:core:1.4.0) with AarToClassTransform
Transforming core-1.4.0.aar (androidx.test:core:1.4.0) with IdentityTransform
Transforming core-1.4.0.aar (androidx.test:core:1.4.0) with DexingNoClasspathTransform
Transforming lifecycle-common-jvm-2.8.6.jar (androidx.lifecycle:lifecycle-common-jvm:2.8.6) with IdentityTransform
Transforming lifecycle-common-jvm-2.8.6.jar (androidx.lifecycle:lifecycle-common-jvm:2.8.6) with IdentityTransform
Transforming lifecycle-common-jvm-2.8.6.jar (androidx.lifecycle:lifecycle-common-jvm:2.8.6) with DexingNoClasspathTransform
Transforming lifecycle-runtime-release.aar (androidx.lifecycle:lifecycle-runtime-android:2.8.6) with AarToClassTransform
Transforming lifecycle-runtime-release.aar (androidx.lifecycle:lifecycle-runtime-android:2.8.6) with IdentityTransform
Transforming lifecycle-runtime-release.aar (androidx.lifecycle:lifecycle-runtime-android:2.8.6) with DexingNoClasspathTransform
Transforming lifecycle-livedata-core-2.8.6.aar (androidx.lifecycle:lifecycle-livedata-core:2.8.6) with AarToClassTransform
Transforming lifecycle-livedata-core-2.8.6.aar (androidx.lifecycle:lifecycle-livedata-core:2.8.6) with IdentityTransform
Transforming lifecycle-livedata-core-2.8.6.aar (androidx.lifecycle:lifecycle-livedata-core:2.8.6) with DexingNoClasspathTransform
Transforming lifecycle-viewmodel-ktx-2.8.6.aar (androidx.lifecycle:lifecycle-viewmodel-ktx:2.8.6) with AarToClassTransform
Transforming lifecycle-viewmodel-ktx-2.8.6.aar (androidx.lifecycle:lifecycle-viewmodel-ktx:2.8.6) with IdentityTransform
Transforming lifecycle-viewmodel-ktx-2.8.6.aar (androidx.lifecycle:lifecycle-viewmodel-ktx:2.8.6) with DexingNoClasspathTransform
Transforming lifecycle-viewmodel-savedstate-2.8.6.aar (androidx.lifecycle:lifecycle-viewmodel-savedstate:2.8.6) with AarToClassTransform
Transforming lifecycle-viewmodel-savedstate-2.8.6.aar (androidx.lifecycle:lifecycle-viewmodel-savedstate:2.8.6) with IdentityTransform
Transforming lifecycle-viewmodel-savedstate-2.8.6.aar (androidx.lifecycle:lifecycle-viewmodel-savedstate:2.8.6) with DexingNoClasspathTransform
Transforming lifecycle-runtime-ktx-release.aar (androidx.lifecycle:lifecycle-runtime-ktx-android:2.8.6) with AarToClassTransform
Transforming lifecycle-runtime-ktx-release.aar (androidx.lifecycle:lifecycle-runtime-ktx-android:2.8.6) with IdentityTransform
Transforming lifecycle-runtime-ktx-release.aar (androidx.lifecycle:lifecycle-runtime-ktx-android:2.8.6) with DexingNoClasspathTransform
Transforming lifecycle-viewmodel-compose-release.aar (androidx.lifecycle:lifecycle-viewmodel-compose-android:2.8.6) with AarToClassTransform
Transforming lifecycle-viewmodel-compose-release.aar (androidx.lifecycle:lifecycle-viewmodel-compose-android:2.8.6) with IdentityTransform
Transforming lifecycle-viewmodel-compose-release.aar (androidx.lifecycle:lifecycle-viewmodel-compose-android:2.8.6) with DexingNoClasspathTransform
Transforming ui-release.aar (androidx.compose.ui:ui-android:1.7.2) with AarToClassTransform
Transforming ui-release.aar (androidx.compose.ui:ui-android:1.7.2) with IdentityTransform
Transforming ui-release.aar (androidx.compose.ui:ui-android:1.7.2) with DexingNoClasspathTransform
Transforming autofill-1.0.0.aar (androidx.autofill:autofill:1.0.0) with AarToClassTransform
Transforming autofill-1.0.0.aar (androidx.autofill:autofill:1.0.0) with IdentityTransform
Transforming autofill-1.0.0.aar (androidx.autofill:autofill:1.0.0) with DexingNoClasspathTransform
Transforming appcompat-resources-1.4.2.aar (androidx.appcompat:appcompat-resources:1.4.2) with AarToClassTransform
Transforming appcompat-resources-1.4.2.aar (androidx.appcompat:appcompat-resources:1.4.2) with IdentityTransform
Transforming appcompat-resources-1.4.2.aar (androidx.appcompat:appcompat-resources:1.4.2) with DexingNoClasspathTransform
Transforming vectordrawable-animated-1.1.0.aar (androidx.vectordrawable:vectordrawable-animated:1.1.0) with AarToClassTransform
Transforming vectordrawable-animated-1.1.0.aar (androidx.vectordrawable:vectordrawable-animated:1.1.0) with IdentityTransform
Transforming vectordrawable-animated-1.1.0.aar (androidx.vectordrawable:vectordrawable-animated:1.1.0) with DexingNoClasspathTransform
Transforming vectordrawable-1.1.0.aar (androidx.vectordrawable:vectordrawable:1.1.0) with AarToClassTransform
Transforming vectordrawable-1.1.0.aar (androidx.vectordrawable:vectordrawable:1.1.0) with IdentityTransform
Transforming vectordrawable-1.1.0.aar (androidx.vectordrawable:vectordrawable:1.1.0) with DexingNoClasspathTransform
Transforming vectordrawable-1.1.0.aar (androidx.vectordrawable:vectordrawable:1.1.0) with AarToClassTransform
Transforming vectordrawable-1.1.0.aar (androidx.vectordrawable:vectordrawable:1.1.0) with IdentityTransform
Transforming vectordrawable-1.1.0.aar (androidx.vectordrawable:vectordrawable:1.1.0) with DexingNoClasspathTransform
Transforming viewpager-1.0.0.aar (androidx.viewpager:viewpager:1.0.0) with AarToClassTransform
Transforming viewpager-1.0.0.aar (androidx.viewpager:viewpager:1.0.0) with IdentityTransform
Transforming viewpager-1.0.0.aar (androidx.viewpager:viewpager:1.0.0) with DexingNoClasspathTransform
Transforming customview-1.0.0.aar (androidx.customview:customview:1.0.0) with AarToClassTransform
Transforming customview-1.0.0.aar (androidx.customview:customview:1.0.0) with IdentityTransform
Transforming customview-1.0.0.aar (androidx.customview:customview:1.0.0) with DexingNoClasspathTransform
Transforming graphics-path-1.0.1.aar (androidx.graphics:graphics-path:1.0.1) with AarToClassTransform
Transforming graphics-path-1.0.1.aar (androidx.graphics:graphics-path:1.0.1) with IdentityTransform
Transforming graphics-path-1.0.1.aar (androidx.graphics:graphics-path:1.0.1) with DexingNoClasspathTransform
Transforming core-1.13.1.aar (androidx.core:core:1.13.1) with AarToClassTransform
Transforming core-1.13.1.aar (androidx.core:core:1.13.1) with IdentityTransform
Transforming core-1.13.1.aar (androidx.core:core:1.13.1) with DexingNoClasspathTransform
Transforming core-1.13.1.aar (androidx.core:core:1.13.1) with AarToClassTransform
Transforming core-1.13.1.aar (androidx.core:core:1.13.1) with IdentityTransform
Transforming core-1.13.1.aar (androidx.core:core:1.13.1) with DexingNoClasspathTransform
Transforming customview-poolingcontainer-1.0.0.aar (androidx.customview:customview-poolingcontainer:1.0.0) with AarToClassTransform
Transforming customview-poolingcontainer-1.0.0.aar (androidx.customview:customview-poolingcontainer:1.0.0) with IdentityTransform
Transforming customview-poolingcontainer-1.0.0.aar (androidx.customview:customview-poolingcontainer:1.0.0) with DexingNoClasspathTransform
Transforming core-ktx-1.13.1.aar (androidx.core:core-ktx:1.13.1) with AarToClassTransform
Transforming core-ktx-1.13.1.aar (androidx.core:core-ktx:1.13.1) with IdentityTransform
Transforming core-ktx-1.13.1.aar (androidx.core:core-ktx:1.13.1) with DexingNoClasspathTransform
Transforming kotlin-stdlib-jdk7-1.9.0.jar (org.jetbrains.kotlin:kotlin-stdlib-jdk7:1.9.0) with IdentityTransform
Transforming kotlin-stdlib-jdk7-1.9.0.jar (org.jetbrains.kotlin:kotlin-stdlib-jdk7:1.9.0) with IdentityTransform
Transforming kotlin-stdlib-jdk7-1.9.0.jar (org.jetbrains.kotlin:kotlin-stdlib-jdk7:1.9.0) with DexingNoClasspathTransform
Transforming datastore-core-okio-jvm-1.1.1.jar (androidx.datastore:datastore-core-okio-jvm:1.1.1) with IdentityTransform
Transforming datastore-core-okio-jvm-1.1.1.jar (androidx.datastore:datastore-core-okio-jvm:1.1.1) with IdentityTransform
Transforming datastore-core-okio-jvm-1.1.1.jar (androidx.datastore:datastore-core-okio-jvm:1.1.1) with DexingNoClasspathTransform
Transforming datastore-core-release.aar (androidx.datastore:datastore-core-android:1.1.1) with AarToClassTransform
Transforming datastore-core-release.aar (androidx.datastore:datastore-core-android:1.1.1) with IdentityTransform
Transforming datastore-core-release.aar (androidx.datastore:datastore-core-android:1.1.1) with DexingNoClasspathTransform
Transforming datastore-preferences-core-jvm-1.1.1.jar (androidx.datastore:datastore-preferences-core-jvm:1.1.1) with IdentityTransform
Transforming datastore-preferences-core-jvm-1.1.1.jar (androidx.datastore:datastore-preferences-core-jvm:1.1.1) with IdentityTransform
Transforming datastore-preferences-core-jvm-1.1.1.jar (androidx.datastore:datastore-preferences-core-jvm:1.1.1) with DexingNoClasspathTransform
Transforming datastore-release.aar (androidx.datastore:datastore-android:1.1.1) with AarToClassTransform
Transforming datastore-release.aar (androidx.datastore:datastore-android:1.1.1) with IdentityTransform
Transforming datastore-release.aar (androidx.datastore:datastore-android:1.1.1) with DexingNoClasspathTransform
Transforming datastore-preferences-release.aar (androidx.datastore:datastore-preferences-android:1.1.1) with AarToClassTransform
Transforming datastore-preferences-release.aar (androidx.datastore:datastore-preferences-android:1.1.1) with IdentityTransform
Transforming datastore-preferences-release.aar (androidx.datastore:datastore-preferences-android:1.1.1) with DexingNoClasspathTransform
Transforming kotlinx-serialization-core-jvm-1.6.3.jar (org.jetbrains.kotlinx:kotlinx-serialization-core-jvm:1.6.3) with IdentityTransform
Transforming kotlinx-serialization-core-jvm-1.6.3.jar (org.jetbrains.kotlinx:kotlinx-serialization-core-jvm:1.6.3) with IdentityTransform
Transforming kotlinx-serialization-core-jvm-1.6.3.jar (org.jetbrains.kotlinx:kotlinx-serialization-core-jvm:1.6.3) with DexingNoClasspathTransform
Transforming kotlinx-serialization-json-jvm-1.6.3.jar (org.jetbrains.kotlinx:kotlinx-serialization-json-jvm:1.6.3) with IdentityTransform
Transforming kotlinx-serialization-json-jvm-1.6.3.jar (org.jetbrains.kotlinx:kotlinx-serialization-json-jvm:1.6.3) with IdentityTransform
Transforming kotlinx-serialization-json-jvm-1.6.3.jar (org.jetbrains.kotlinx:kotlinx-serialization-json-jvm:1.6.3) with DexingNoClasspathTransform
Transforming okhttp-4.10.0.jar (com.squareup.okhttp3:okhttp:4.10.0) with IdentityTransform
Transforming okhttp-4.10.0.jar (com.squareup.okhttp3:okhttp:4.10.0) with IdentityTransform
Transforming okhttp-4.10.0.jar (com.squareup.okhttp3:okhttp:4.10.0) with DexingNoClasspathTransform
Transforming okio-jvm-3.4.0.jar (com.squareup.okio:okio-jvm:3.4.0) with IdentityTransform
Transforming okio-jvm-3.4.0.jar (com.squareup.okio:okio-jvm:3.4.0) with IdentityTransform
Transforming okio-jvm-3.4.0.jar (com.squareup.okio:okio-jvm:3.4.0) with DexingNoClasspathTransform
Transforming runtime-release.aar (androidx.compose.runtime:runtime-android:1.7.2) with AarToClassTransform
Transforming runtime-release.aar (androidx.compose.runtime:runtime-android:1.7.2) with IdentityTransform
Transforming runtime-release.aar (androidx.compose.runtime:runtime-android:1.7.2) with DexingNoClasspathTransform
Transforming runtime-saveable-release.aar (androidx.compose.runtime:runtime-saveable-android:1.7.2) with AarToClassTransform
Transforming runtime-saveable-release.aar (androidx.compose.runtime:runtime-saveable-android:1.7.2) with IdentityTransform
Transforming runtime-saveable-release.aar (androidx.compose.runtime:runtime-saveable-android:1.7.2) with DexingNoClasspathTransform
Transforming annotation-experimental-1.4.1.aar (androidx.annotation:annotation-experimental:1.4.1) with AarToClassTransform
Transforming annotation-experimental-1.4.1.aar (androidx.annotation:annotation-experimental:1.4.1) with IdentityTransform
Transforming annotation-experimental-1.4.1.aar (androidx.annotation:annotation-experimental:1.4.1) with DexingNoClasspathTransform
Transforming gifdecoder-4.16.0.aar (com.github.bumptech.glide:gifdecoder:4.16.0) with AarToClassTransform
Transforming gifdecoder-4.16.0.aar (com.github.bumptech.glide:gifdecoder:4.16.0) with IdentityTransform
Transforming gifdecoder-4.16.0.aar (com.github.bumptech.glide:gifdecoder:4.16.0) with DexingNoClasspathTransform
Transforming exifinterface-1.3.6.aar (androidx.exifinterface:exifinterface:1.3.6) with AarToClassTransform
Transforming exifinterface-1.3.6.aar (androidx.exifinterface:exifinterface:1.3.6) with IdentityTransform
Transforming exifinterface-1.3.6.aar (androidx.exifinterface:exifinterface:1.3.6) with DexingNoClasspathTransform
Transforming profileinstaller-1.3.1.aar (androidx.profileinstaller:profileinstaller:1.3.1) with AarToClassTransform
Transforming profileinstaller-1.3.1.aar (androidx.profileinstaller:profileinstaller:1.3.1) with IdentityTransform
Transforming profileinstaller-1.3.1.aar (androidx.profileinstaller:profileinstaller:1.3.1) with DexingNoClasspathTransform
Transforming startup-runtime-1.1.1.aar (androidx.startup:startup-runtime:1.1.1) with AarToClassTransform
Transforming startup-runtime-1.1.1.aar (androidx.startup:startup-runtime:1.1.1) with IdentityTransform
Transforming startup-runtime-1.1.1.aar (androidx.startup:startup-runtime:1.1.1) with DexingNoClasspathTransform
Transforming tracing-1.0.0.aar (androidx.tracing:tracing:1.0.0) with AarToClassTransform
Transforming tracing-1.0.0.aar (androidx.tracing:tracing:1.0.0) with IdentityTransform
Transforming tracing-1.0.0.aar (androidx.tracing:tracing:1.0.0) with DexingNoClasspathTransform
Transforming interpolator-1.0.0.aar (androidx.interpolator:interpolator:1.0.0) with AarToClassTransform
Transforming interpolator-1.0.0.aar (androidx.interpolator:interpolator:1.0.0) with IdentityTransform
Transforming interpolator-1.0.0.aar (androidx.interpolator:interpolator:1.0.0) with DexingNoClasspathTransform
Transforming interpolator-1.0.0.aar (androidx.interpolator:interpolator:1.0.0) with AarToClassTransform
Transforming interpolator-1.0.0.aar (androidx.interpolator:interpolator:1.0.0) with IdentityTransform
Transforming interpolator-1.0.0.aar (androidx.interpolator:interpolator:1.0.0) with DexingNoClasspathTransform
Transforming versionedparcelable-1.1.1.aar (androidx.versionedparcelable:versionedparcelable:1.1.1) with AarToClassTransform
Transforming versionedparcelable-1.1.1.aar (androidx.versionedparcelable:versionedparcelable:1.1.1) with IdentityTransform
Transforming versionedparcelable-1.1.1.aar (androidx.versionedparcelable:versionedparcelable:1.1.1) with DexingNoClasspathTransform
Transforming concurrent-futures-1.1.0.jar (androidx.concurrent:concurrent-futures:1.1.0) with IdentityTransform
Transforming concurrent-futures-1.1.0.jar (androidx.concurrent:concurrent-futures:1.1.0) with IdentityTransform
Transforming concurrent-futures-1.1.0.jar (androidx.concurrent:concurrent-futures:1.1.0) with DexingNoClasspathTransform
Transforming core-runtime-2.2.0.aar (androidx.arch.core:core-runtime:2.2.0) with AarToClassTransform
Transforming core-runtime-2.2.0.aar (androidx.arch.core:core-runtime:2.2.0) with IdentityTransform
Transforming core-runtime-2.2.0.aar (androidx.arch.core:core-runtime:2.2.0) with DexingNoClasspathTransform
Transforming core-common-2.2.0.jar (androidx.arch.core:core-common:2.2.0) with IdentityTransform
Transforming core-common-2.2.0.jar (androidx.arch.core:core-common:2.2.0) with IdentityTransform
Transforming core-common-2.2.0.jar (androidx.arch.core:core-common:2.2.0) with DexingNoClasspathTransform
Transforming monitor-1.4.0.aar (androidx.test:monitor:1.4.0) with AarToClassTransform
Transforming monitor-1.4.0.aar (androidx.test:monitor:1.4.0) with IdentityTransform
Transforming monitor-1.4.0.aar (androidx.test:monitor:1.4.0) with DexingNoClasspathTransform
Transforming collection-ktx-1.4.4.jar (androidx.collection:collection-ktx:1.4.4) with IdentityTransform
Transforming collection-ktx-1.4.4.jar (androidx.collection:collection-ktx:1.4.4) with IdentityTransform
Transforming collection-ktx-1.4.4.jar (androidx.collection:collection-ktx:1.4.4) with DexingNoClasspathTransform
Transforming collection-jvm-1.4.4.jar (androidx.collection:collection-jvm:1.4.4) with IdentityTransform
Transforming collection-jvm-1.4.4.jar (androidx.collection:collection-jvm:1.4.4) with IdentityTransform
Transforming collection-jvm-1.4.4.jar (androidx.collection:collection-jvm:1.4.4) with DexingNoClasspathTransform
Transforming annotation-jvm-1.8.1.jar (androidx.annotation:annotation-jvm:1.8.1) with IdentityTransform
Transforming annotation-jvm-1.8.1.jar (androidx.annotation:annotation-jvm:1.8.1) with IdentityTransform
Transforming annotation-jvm-1.8.1.jar (androidx.annotation:annotation-jvm:1.8.1) with DexingNoClasspathTransform
Transforming kotlin-parcelize-runtime-1.9.22.jar (org.jetbrains.kotlin:kotlin-parcelize-runtime:1.9.22) with IdentityTransform
Transforming kotlin-parcelize-runtime-1.9.22.jar (org.jetbrains.kotlin:kotlin-parcelize-runtime:1.9.22) with IdentityTransform
Transforming kotlin-parcelize-runtime-1.9.22.jar (org.jetbrains.kotlin:kotlin-parcelize-runtime:1.9.22) with DexingNoClasspathTransform
Transforming kotlin-android-extensions-runtime-1.9.22.jar (org.jetbrains.kotlin:kotlin-android-extensions-runtime:1.9.22) with IdentityTransform
Transforming kotlin-android-extensions-runtime-1.9.22.jar (org.jetbrains.kotlin:kotlin-android-extensions-runtime:1.9.22) with IdentityTransform
Transforming kotlin-android-extensions-runtime-1.9.22.jar (org.jetbrains.kotlin:kotlin-android-extensions-runtime:1.9.22) with DexingNoClasspathTransform
Transforming kotlin-stdlib-1.9.22.jar (org.jetbrains.kotlin:kotlin-stdlib:1.9.22) with IdentityTransform
Transforming kotlin-stdlib-1.9.22.jar (org.jetbrains.kotlin:kotlin-stdlib:1.9.22) with IdentityTransform
Transforming kotlin-stdlib-1.9.22.jar (org.jetbrains.kotlin:kotlin-stdlib:1.9.22) with DexingNoClasspathTransform
Transforming kotlinx-coroutines-core-jvm-1.7.3.jar (org.jetbrains.kotlinx:kotlinx-coroutines-core-jvm:1.7.3) with IdentityTransform
Transforming kotlinx-coroutines-core-jvm-1.7.3.jar (org.jetbrains.kotlinx:kotlinx-coroutines-core-jvm:1.7.3) with IdentityTransform
Transforming kotlinx-coroutines-core-jvm-1.7.3.jar (org.jetbrains.kotlinx:kotlinx-coroutines-core-jvm:1.7.3) with DexingNoClasspathTransform
Transforming kotlinx-coroutines-android-1.7.3.jar (org.jetbrains.kotlinx:kotlinx-coroutines-android:1.7.3) with IdentityTransform
Transforming kotlinx-coroutines-android-1.7.3.jar (org.jetbrains.kotlinx:kotlinx-coroutines-android:1.7.3) with IdentityTransform
Transforming kotlinx-coroutines-android-1.7.3.jar (org.jetbrains.kotlinx:kotlinx-coroutines-android:1.7.3) with DexingNoClasspathTransform
Transforming kotlin-stdlib-jdk8-1.9.0.jar (org.jetbrains.kotlin:kotlin-stdlib-jdk8:1.9.0) with IdentityTransform
Transforming kotlin-stdlib-jdk8-1.9.0.jar (org.jetbrains.kotlin:kotlin-stdlib-jdk8:1.9.0) with IdentityTransform
Transforming kotlin-stdlib-jdk8-1.9.0.jar (org.jetbrains.kotlin:kotlin-stdlib-jdk8:1.9.0) with DexingNoClasspathTransform
Transforming disklrucache-4.16.0.jar (com.github.bumptech.glide:disklrucache:4.16.0) with IdentityTransform
Transforming disklrucache-4.16.0.jar (com.github.bumptech.glide:disklrucache:4.16.0) with IdentityTransform
Transforming disklrucache-4.16.0.jar (com.github.bumptech.glide:disklrucache:4.16.0) with DexingNoClasspathTransform
Transforming annotations-4.16.0.jar (com.github.bumptech.glide:annotations:4.16.0) with IdentityTransform
Transforming annotations-4.16.0.jar (com.github.bumptech.glide:annotations:4.16.0) with IdentityTransform
Transforming annotations-4.16.0.jar (com.github.bumptech.glide:annotations:4.16.0) with DexingNoClasspathTransform
Transforming hilt-core-2.51.1.jar (com.google.dagger:hilt-core:2.51.1) with IdentityTransform
Transforming hilt-core-2.51.1.jar (com.google.dagger:hilt-core:2.51.1) with IdentityTransform
Transforming hilt-core-2.51.1.jar (com.google.dagger:hilt-core:2.51.1) with DexingNoClasspathTransform
Transforming dagger-2.51.1.jar (com.google.dagger:dagger:2.51.1) with IdentityTransform
Transforming dagger-2.51.1.jar (com.google.dagger:dagger:2.51.1) with IdentityTransform
Transforming dagger-2.51.1.jar (com.google.dagger:dagger:2.51.1) with DexingNoClasspathTransform
Transforming dagger-lint-aar-2.51.1.aar (com.google.dagger:dagger-lint-aar:2.51.1) with AarToClassTransform
Transforming dagger-lint-aar-2.51.1.aar (com.google.dagger:dagger-lint-aar:2.51.1) with IdentityTransform
Transforming dagger-lint-aar-2.51.1.aar (com.google.dagger:dagger-lint-aar:2.51.1) with DexingNoClasspathTransform
Transforming jsr305-3.0.2.jar (com.google.code.findbugs:jsr305:3.0.2) with IdentityTransform
Transforming jsr305-3.0.2.jar (com.google.code.findbugs:jsr305:3.0.2) with IdentityTransform
Transforming jsr305-3.0.2.jar (com.google.code.findbugs:jsr305:3.0.2) with DexingNoClasspathTransform
Transforming javax.inject-1.jar (javax.inject:javax.inject:1) with IdentityTransform
Transforming javax.inject-1.jar (javax.inject:javax.inject:1) with IdentityTransform
Transforming javax.inject-1.jar (javax.inject:javax.inject:1) with DexingNoClasspathTransform
Transforming annotations-23.0.0.jar (org.jetbrains:annotations:23.0.0) with IdentityTransform
Transforming annotations-23.0.0.jar (org.jetbrains:annotations:23.0.0) with IdentityTransform
Transforming annotations-23.0.0.jar (org.jetbrains:annotations:23.0.0) with DexingNoClasspathTransform
Transforming listenablefuture-1.0.jar (com.google.guava:listenablefuture:1.0) with IdentityTransform
Transforming listenablefuture-1.0.jar (com.google.guava:listenablefuture:1.0) with IdentityTransform
Transforming listenablefuture-1.0.jar (com.google.guava:listenablefuture:1.0) with DexingNoClasspathTransform
Caching disabled for task ':app:mergeExtDexDebug' because:
  Build cache is disabled
Skipping task ':app:mergeExtDexDebug' as it is up-to-date.
Resolve mutations for :app:mergeLibDexDebug (Thread[#294,included builds,5,main]) started.
:app:mergeLibDexDebug (Thread[#294,included builds,5,main]) started.

> Task :app:mergeLibDexDebug UP-TO-DATE
Caching disabled for task ':app:mergeLibDexDebug' because:
  Build cache is disabled
Skipping task ':app:mergeLibDexDebug' as it is up-to-date.
Resolve mutations for :app:mergeDebugJniLibFolders (Thread[#294,included builds,5,main]) started.
:app:mergeDebugJniLibFolders (Thread[#294,included builds,5,main]) started.

> Task :app:mergeDebugJniLibFolders UP-TO-DATE
Caching disabled for task ':app:mergeDebugJniLibFolders' because:
  Build cache is disabled
  Simple merging task
Skipping task ':app:mergeDebugJniLibFolders' as it is up-to-date.
Resolve mutations for :app:mergeDebugNativeLibs (Thread[#294,included builds,5,main]) started.
:app:mergeDebugNativeLibs (Thread[#294,included builds,5,main]) started.

> Task :app:mergeDebugNativeLibs UP-TO-DATE
Transforming compose-1.0.0-alpha.1.aar (com.github.bumptech.glide:compose:1.0.0-alpha.1) with ExtractAarTransform
Transforming compose-1.0.0-alpha.1.aar (com.github.bumptech.glide:compose:1.0.0-alpha.1) with AarTransform
Transforming ktx-1.0.0-alpha.1.aar (com.github.bumptech.glide:ktx:1.0.0-alpha.1) with ExtractAarTransform
Transforming ktx-1.0.0-alpha.1.aar (com.github.bumptech.glide:ktx:1.0.0-alpha.1) with AarTransform
Transforming hilt-navigation-compose-1.2.0.aar (androidx.hilt:hilt-navigation-compose:1.2.0) with ExtractAarTransform
Transforming hilt-navigation-compose-1.2.0.aar (androidx.hilt:hilt-navigation-compose:1.2.0) with AarTransform
Transforming hilt-navigation-1.2.0.aar (androidx.hilt:hilt-navigation:1.2.0) with ExtractAarTransform
Transforming hilt-navigation-1.2.0.aar (androidx.hilt:hilt-navigation:1.2.0) with AarTransform
Transforming navigation-common-2.8.1.aar (androidx.navigation:navigation-common:2.8.1) with ExtractAarTransform
Transforming navigation-common-2.8.1.aar (androidx.navigation:navigation-common:2.8.1) with AarTransform
Transforming navigation-runtime-2.8.1.aar (androidx.navigation:navigation-runtime:2.8.1) with ExtractAarTransform
Transforming navigation-runtime-2.8.1.aar (androidx.navigation:navigation-runtime:2.8.1) with AarTransform
Transforming navigation-common-ktx-2.8.1.aar (androidx.navigation:navigation-common-ktx:2.8.1) with ExtractAarTransform
Transforming navigation-common-ktx-2.8.1.aar (androidx.navigation:navigation-common-ktx:2.8.1) with AarTransform
Transforming navigation-runtime-ktx-2.8.1.aar (androidx.navigation:navigation-runtime-ktx:2.8.1) with ExtractAarTransform
Transforming navigation-runtime-ktx-2.8.1.aar (androidx.navigation:navigation-runtime-ktx:2.8.1) with AarTransform
Transforming navigation-compose-2.8.1.aar (androidx.navigation:navigation-compose:2.8.1) with ExtractAarTransform
Transforming navigation-compose-2.8.1.aar (androidx.navigation:navigation-compose:2.8.1) with AarTransform
Transforming coil-compose-2.2.2.aar (io.coil-kt:coil-compose:2.2.2) with ExtractAarTransform
Transforming coil-compose-2.2.2.aar (io.coil-kt:coil-compose:2.2.2) with AarTransform
Transforming coil-compose-base-2.2.2.aar (io.coil-kt:coil-compose-base:2.2.2) with ExtractAarTransform
Transforming coil-compose-base-2.2.2.aar (io.coil-kt:coil-compose-base:2.2.2) with AarTransform
Transforming hilt-android-2.51.1.aar (com.google.dagger:hilt-android:2.51.1) with ExtractAarTransform
Transforming hilt-android-2.51.1.aar (com.google.dagger:hilt-android:2.51.1) with AarTransform
Transforming recyclerview-integration-4.14.2.aar (com.github.bumptech.glide:recyclerview-integration:4.14.2) with ExtractAarTransform
Transforming recyclerview-integration-4.14.2.aar (com.github.bumptech.glide:recyclerview-integration:4.14.2) with AarTransform
Transforming glide-4.16.0.aar (com.github.bumptech.glide:glide:4.16.0) with ExtractAarTransform
Transforming glide-4.16.0.aar (com.github.bumptech.glide:glide:4.16.0) with AarTransform
Transforming fragment-1.5.1.aar (androidx.fragment:fragment:1.5.1) with ExtractAarTransform
Transforming fragment-1.5.1.aar (androidx.fragment:fragment:1.5.1) with AarTransform
Transforming material3-release.aar (androidx.compose.material3:material3-android:1.2.1) with ExtractAarTransform
Transforming material3-release.aar (androidx.compose.material3:material3-android:1.2.1) with AarTransform
Transforming foundation-layout-release.aar (androidx.compose.foundation:foundation-layout-android:1.7.2) with ExtractAarTransform
Transforming foundation-layout-release.aar (androidx.compose.foundation:foundation-layout-android:1.7.2) with AarTransform
Transforming material-icons-core-release.aar (androidx.compose.material:material-icons-core-android:1.6.6) with ExtractAarTransform
Transforming material-icons-core-release.aar (androidx.compose.material:material-icons-core-android:1.6.6) with AarTransform
Transforming material-ripple-release.aar (androidx.compose.material:material-ripple-android:1.7.2) with ExtractAarTransform
Transforming material-ripple-release.aar (androidx.compose.material:material-ripple-android:1.7.2) with AarTransform
Transforming foundation-release.aar (androidx.compose.foundation:foundation-android:1.7.2) with ExtractAarTransform
Transforming foundation-release.aar (androidx.compose.foundation:foundation-android:1.7.2) with AarTransform
Transforming animation-core-release.aar (androidx.compose.animation:animation-core-android:1.7.2) with ExtractAarTransform
Transforming animation-core-release.aar (androidx.compose.animation:animation-core-android:1.7.2) with AarTransform
Transforming animation-release.aar (androidx.compose.animation:animation-android:1.7.2) with ExtractAarTransform
Transforming animation-release.aar (androidx.compose.animation:animation-android:1.7.2) with AarTransform
Transforming ui-tooling-data-release.aar (androidx.compose.ui:ui-tooling-data-android:1.7.2) with ExtractAarTransform
Transforming ui-tooling-data-release.aar (androidx.compose.ui:ui-tooling-data-android:1.7.2) with AarTransform
Transforming ui-unit-release.aar (androidx.compose.ui:ui-unit-android:1.7.2) with ExtractAarTransform
Transforming ui-unit-release.aar (androidx.compose.ui:ui-unit-android:1.7.2) with AarTransform
Transforming ui-geometry-release.aar (androidx.compose.ui:ui-geometry-android:1.7.2) with ExtractAarTransform
Transforming ui-geometry-release.aar (androidx.compose.ui:ui-geometry-android:1.7.2) with AarTransform
Transforming ui-graphics-release.aar (androidx.compose.ui:ui-graphics-android:1.7.2) with ExtractAarTransform
Transforming ui-graphics-release.aar (androidx.compose.ui:ui-graphics-android:1.7.2) with AarTransform
Transforming ui-util-release.aar (androidx.compose.ui:ui-util-android:1.7.2) with ExtractAarTransform
Transforming ui-util-release.aar (androidx.compose.ui:ui-util-android:1.7.2) with AarTransform
Transforming ui-tooling-release.aar (androidx.compose.ui:ui-tooling-android:1.7.2) with ExtractAarTransform
Transforming ui-tooling-release.aar (androidx.compose.ui:ui-tooling-android:1.7.2) with AarTransform
Transforming material-release.aar (androidx.compose.material:material-android:1.7.2) with ExtractAarTransform
Transforming material-release.aar (androidx.compose.material:material-android:1.7.2) with AarTransform
Transforming ui-text-release.aar (androidx.compose.ui:ui-text-android:1.7.2) with ExtractAarTransform
Transforming ui-text-release.aar (androidx.compose.ui:ui-text-android:1.7.2) with AarTransform
Transforming ui-tooling-preview-release.aar (androidx.compose.ui:ui-tooling-preview-android:1.7.2) with ExtractAarTransform
Transforming ui-tooling-preview-release.aar (androidx.compose.ui:ui-tooling-preview-android:1.7.2) with AarTransform
Transforming ui-test-manifest-1.7.2.aar (androidx.compose.ui:ui-test-manifest:1.7.2) with ExtractAarTransform
Transforming ui-test-manifest-1.7.2.aar (androidx.compose.ui:ui-test-manifest:1.7.2) with AarTransform
Transforming activity-1.9.2.aar (androidx.activity:activity:1.9.2) with ExtractAarTransform
Transforming activity-1.9.2.aar (androidx.activity:activity:1.9.2) with AarTransform
Transforming activity-ktx-1.9.2.aar (androidx.activity:activity-ktx:1.9.2) with ExtractAarTransform
Transforming activity-ktx-1.9.2.aar (androidx.activity:activity-ktx:1.9.2) with AarTransform
Transforming activity-compose-1.9.2.aar (androidx.activity:activity-compose:1.9.2) with ExtractAarTransform
Transforming activity-compose-1.9.2.aar (androidx.activity:activity-compose:1.9.2) with AarTransform
Transforming accompanist-drawablepainter-0.25.1.aar (com.google.accompanist:accompanist-drawablepainter:0.25.1) with ExtractAarTransform
Transforming accompanist-drawablepainter-0.25.1.aar (com.google.accompanist:accompanist-drawablepainter:0.25.1) with AarTransform
Transforming coil-2.2.2.aar (io.coil-kt:coil:2.2.2) with ExtractAarTransform
Transforming coil-2.2.2.aar (io.coil-kt:coil:2.2.2) with AarTransform
Transforming coil-base-2.2.2.aar (io.coil-kt:coil-base:2.2.2) with ExtractAarTransform
Transforming coil-base-2.2.2.aar (io.coil-kt:coil-base:2.2.2) with AarTransform
Transforming savedstate-ktx-1.2.1.aar (androidx.savedstate:savedstate-ktx:1.2.1) with ExtractAarTransform
Transforming savedstate-ktx-1.2.1.aar (androidx.savedstate:savedstate-ktx:1.2.1) with AarTransform
Transforming savedstate-1.2.1.aar (androidx.savedstate:savedstate:1.2.1) with ExtractAarTransform
Transforming savedstate-1.2.1.aar (androidx.savedstate:savedstate:1.2.1) with AarTransform
Transforming core-ktx-1.4.0.aar (androidx.test:core-ktx:1.4.0) with ExtractAarTransform
Transforming core-ktx-1.4.0.aar (androidx.test:core-ktx:1.4.0) with AarTransform
Transforming loader-1.0.0.aar (androidx.loader:loader:1.0.0) with ExtractAarTransform
Transforming loader-1.0.0.aar (androidx.loader:loader:1.0.0) with AarTransform
Transforming emoji2-1.3.0.aar (androidx.emoji2:emoji2:1.3.0) with ExtractAarTransform
Transforming emoji2-1.3.0.aar (androidx.emoji2:emoji2:1.3.0) with AarTransform
Transforming lifecycle-process-2.8.6.aar (androidx.lifecycle:lifecycle-process:2.8.6) with ExtractAarTransform
Transforming lifecycle-process-2.8.6.aar (androidx.lifecycle:lifecycle-process:2.8.6) with AarTransform
Transforming lifecycle-livedata-core-ktx-2.8.6.aar (androidx.lifecycle:lifecycle-livedata-core-ktx:2.8.6) with ExtractAarTransform
Transforming lifecycle-livedata-core-ktx-2.8.6.aar (androidx.lifecycle:lifecycle-livedata-core-ktx:2.8.6) with AarTransform
Transforming lifecycle-livedata-2.8.6.aar (androidx.lifecycle:lifecycle-livedata:2.8.6) with ExtractAarTransform
Transforming lifecycle-livedata-2.8.6.aar (androidx.lifecycle:lifecycle-livedata:2.8.6) with AarTransform
Transforming lifecycle-common-java8-2.8.6.jar (androidx.lifecycle:lifecycle-common-java8:2.8.6) with ExtractJniTransform
Transforming lifecycle-viewmodel-2.8.6.aar (androidx.lifecycle:lifecycle-viewmodel:2.8.6) with ExtractAarTransform
Transforming lifecycle-viewmodel-2.8.6.aar (androidx.lifecycle:lifecycle-viewmodel:2.8.6) with AarTransform
Transforming lifecycle-viewmodel-release.aar (androidx.lifecycle:lifecycle-viewmodel-android:2.8.6) with ExtractAarTransform
Transforming lifecycle-viewmodel-release.aar (androidx.lifecycle:lifecycle-viewmodel-android:2.8.6) with AarTransform
Transforming lifecycle-runtime-compose-release.aar (androidx.lifecycle:lifecycle-runtime-compose-android:2.8.6) with ExtractAarTransform
Transforming lifecycle-runtime-compose-release.aar (androidx.lifecycle:lifecycle-runtime-compose-android:2.8.6) with AarTransform
Transforming core-1.4.0.aar (androidx.test:core:1.4.0) with ExtractAarTransform
Transforming core-1.4.0.aar (androidx.test:core:1.4.0) with AarTransform
Transforming lifecycle-common-jvm-2.8.6.jar (androidx.lifecycle:lifecycle-common-jvm:2.8.6) with ExtractJniTransform
Transforming lifecycle-runtime-release.aar (androidx.lifecycle:lifecycle-runtime-android:2.8.6) with ExtractAarTransform
Transforming lifecycle-runtime-release.aar (androidx.lifecycle:lifecycle-runtime-android:2.8.6) with AarTransform
Transforming lifecycle-livedata-core-2.8.6.aar (androidx.lifecycle:lifecycle-livedata-core:2.8.6) with ExtractAarTransform
Transforming lifecycle-livedata-core-2.8.6.aar (androidx.lifecycle:lifecycle-livedata-core:2.8.6) with AarTransform
Transforming lifecycle-viewmodel-ktx-2.8.6.aar (androidx.lifecycle:lifecycle-viewmodel-ktx:2.8.6) with ExtractAarTransform
Transforming lifecycle-viewmodel-ktx-2.8.6.aar (androidx.lifecycle:lifecycle-viewmodel-ktx:2.8.6) with AarTransform
Transforming lifecycle-viewmodel-savedstate-2.8.6.aar (androidx.lifecycle:lifecycle-viewmodel-savedstate:2.8.6) with ExtractAarTransform
Transforming lifecycle-viewmodel-savedstate-2.8.6.aar (androidx.lifecycle:lifecycle-viewmodel-savedstate:2.8.6) with AarTransform
Transforming lifecycle-runtime-ktx-release.aar (androidx.lifecycle:lifecycle-runtime-ktx-android:2.8.6) with ExtractAarTransform
Transforming lifecycle-runtime-ktx-release.aar (androidx.lifecycle:lifecycle-runtime-ktx-android:2.8.6) with AarTransform
Transforming lifecycle-viewmodel-compose-release.aar (androidx.lifecycle:lifecycle-viewmodel-compose-android:2.8.6) with ExtractAarTransform
Transforming lifecycle-viewmodel-compose-release.aar (androidx.lifecycle:lifecycle-viewmodel-compose-android:2.8.6) with AarTransform
Transforming ui-release.aar (androidx.compose.ui:ui-android:1.7.2) with ExtractAarTransform
Transforming ui-release.aar (androidx.compose.ui:ui-android:1.7.2) with AarTransform
Transforming autofill-1.0.0.aar (androidx.autofill:autofill:1.0.0) with ExtractAarTransform
Transforming autofill-1.0.0.aar (androidx.autofill:autofill:1.0.0) with AarTransform
Transforming appcompat-resources-1.4.2.aar (androidx.appcompat:appcompat-resources:1.4.2) with ExtractAarTransform
Transforming appcompat-resources-1.4.2.aar (androidx.appcompat:appcompat-resources:1.4.2) with AarTransform
Transforming vectordrawable-animated-1.1.0.aar (androidx.vectordrawable:vectordrawable-animated:1.1.0) with ExtractAarTransform
Transforming vectordrawable-animated-1.1.0.aar (androidx.vectordrawable:vectordrawable-animated:1.1.0) with AarTransform
Transforming vectordrawable-1.1.0.aar (androidx.vectordrawable:vectordrawable:1.1.0) with ExtractAarTransform
Transforming vectordrawable-1.1.0.aar (androidx.vectordrawable:vectordrawable:1.1.0) with AarTransform
Transforming vectordrawable-1.1.0.aar (androidx.vectordrawable:vectordrawable:1.1.0) with ExtractAarTransform
Transforming vectordrawable-1.1.0.aar (androidx.vectordrawable:vectordrawable:1.1.0) with AarTransform
Transforming viewpager-1.0.0.aar (androidx.viewpager:viewpager:1.0.0) with ExtractAarTransform
Transforming viewpager-1.0.0.aar (androidx.viewpager:viewpager:1.0.0) with AarTransform
Transforming customview-1.0.0.aar (androidx.customview:customview:1.0.0) with ExtractAarTransform
Transforming customview-1.0.0.aar (androidx.customview:customview:1.0.0) with AarTransform
Transforming graphics-path-1.0.1.aar (androidx.graphics:graphics-path:1.0.1) with ExtractAarTransform
Transforming graphics-path-1.0.1.aar (androidx.graphics:graphics-path:1.0.1) with AarTransform
Transforming core-1.13.1.aar (androidx.core:core:1.13.1) with ExtractAarTransform
Transforming core-1.13.1.aar (androidx.core:core:1.13.1) with AarTransform
Transforming core-1.13.1.aar (androidx.core:core:1.13.1) with ExtractAarTransform
Transforming core-1.13.1.aar (androidx.core:core:1.13.1) with AarTransform
Transforming customview-poolingcontainer-1.0.0.aar (androidx.customview:customview-poolingcontainer:1.0.0) with ExtractAarTransform
Transforming customview-poolingcontainer-1.0.0.aar (androidx.customview:customview-poolingcontainer:1.0.0) with AarTransform
Transforming core-ktx-1.13.1.aar (androidx.core:core-ktx:1.13.1) with ExtractAarTransform
Transforming core-ktx-1.13.1.aar (androidx.core:core-ktx:1.13.1) with AarTransform
Transforming kotlin-stdlib-jdk7-1.9.0.jar (org.jetbrains.kotlin:kotlin-stdlib-jdk7:1.9.0) with ExtractJniTransform
Transforming datastore-core-okio-jvm-1.1.1.jar (androidx.datastore:datastore-core-okio-jvm:1.1.1) with ExtractJniTransform
Transforming datastore-core-release.aar (androidx.datastore:datastore-core-android:1.1.1) with ExtractAarTransform
Transforming datastore-core-release.aar (androidx.datastore:datastore-core-android:1.1.1) with AarTransform
Transforming datastore-preferences-core-jvm-1.1.1.jar (androidx.datastore:datastore-preferences-core-jvm:1.1.1) with ExtractJniTransform
Transforming datastore-release.aar (androidx.datastore:datastore-android:1.1.1) with ExtractAarTransform
Transforming datastore-release.aar (androidx.datastore:datastore-android:1.1.1) with AarTransform
Transforming datastore-preferences-release.aar (androidx.datastore:datastore-preferences-android:1.1.1) with ExtractAarTransform
Transforming datastore-preferences-release.aar (androidx.datastore:datastore-preferences-android:1.1.1) with AarTransform
Transforming kotlinx-serialization-core-jvm-1.6.3.jar (org.jetbrains.kotlinx:kotlinx-serialization-core-jvm:1.6.3) with ExtractJniTransform
Transforming kotlinx-serialization-json-jvm-1.6.3.jar (org.jetbrains.kotlinx:kotlinx-serialization-json-jvm:1.6.3) with ExtractJniTransform
Transforming okhttp-4.10.0.jar (com.squareup.okhttp3:okhttp:4.10.0) with ExtractJniTransform
Transforming okio-jvm-3.4.0.jar (com.squareup.okio:okio-jvm:3.4.0) with ExtractJniTransform
Transforming runtime-release.aar (androidx.compose.runtime:runtime-android:1.7.2) with ExtractAarTransform
Transforming runtime-release.aar (androidx.compose.runtime:runtime-android:1.7.2) with AarTransform
Transforming runtime-saveable-release.aar (androidx.compose.runtime:runtime-saveable-android:1.7.2) with ExtractAarTransform
Transforming runtime-saveable-release.aar (androidx.compose.runtime:runtime-saveable-android:1.7.2) with AarTransform
Transforming annotation-experimental-1.4.1.aar (androidx.annotation:annotation-experimental:1.4.1) with ExtractAarTransform
Transforming annotation-experimental-1.4.1.aar (androidx.annotation:annotation-experimental:1.4.1) with AarTransform
Transforming gifdecoder-4.16.0.aar (com.github.bumptech.glide:gifdecoder:4.16.0) with ExtractAarTransform
Transforming gifdecoder-4.16.0.aar (com.github.bumptech.glide:gifdecoder:4.16.0) with AarTransform
Transforming exifinterface-1.3.6.aar (androidx.exifinterface:exifinterface:1.3.6) with ExtractAarTransform
Transforming exifinterface-1.3.6.aar (androidx.exifinterface:exifinterface:1.3.6) with AarTransform
Transforming profileinstaller-1.3.1.aar (androidx.profileinstaller:profileinstaller:1.3.1) with ExtractAarTransform
Transforming profileinstaller-1.3.1.aar (androidx.profileinstaller:profileinstaller:1.3.1) with AarTransform
Transforming startup-runtime-1.1.1.aar (androidx.startup:startup-runtime:1.1.1) with ExtractAarTransform
Transforming startup-runtime-1.1.1.aar (androidx.startup:startup-runtime:1.1.1) with AarTransform
Transforming tracing-1.0.0.aar (androidx.tracing:tracing:1.0.0) with ExtractAarTransform
Transforming tracing-1.0.0.aar (androidx.tracing:tracing:1.0.0) with AarTransform
Transforming interpolator-1.0.0.aar (androidx.interpolator:interpolator:1.0.0) with ExtractAarTransform
Transforming interpolator-1.0.0.aar (androidx.interpolator:interpolator:1.0.0) with AarTransform
Transforming interpolator-1.0.0.aar (androidx.interpolator:interpolator:1.0.0) with ExtractAarTransform
Transforming interpolator-1.0.0.aar (androidx.interpolator:interpolator:1.0.0) with AarTransform
Transforming versionedparcelable-1.1.1.aar (androidx.versionedparcelable:versionedparcelable:1.1.1) with ExtractAarTransform
Transforming versionedparcelable-1.1.1.aar (androidx.versionedparcelable:versionedparcelable:1.1.1) with AarTransform
Transforming concurrent-futures-1.1.0.jar (androidx.concurrent:concurrent-futures:1.1.0) with ExtractJniTransform
Transforming core-runtime-2.2.0.aar (androidx.arch.core:core-runtime:2.2.0) with ExtractAarTransform
Transforming core-runtime-2.2.0.aar (androidx.arch.core:core-runtime:2.2.0) with AarTransform
Transforming core-common-2.2.0.jar (androidx.arch.core:core-common:2.2.0) with ExtractJniTransform
Transforming monitor-1.4.0.aar (androidx.test:monitor:1.4.0) with ExtractAarTransform
Transforming monitor-1.4.0.aar (androidx.test:monitor:1.4.0) with AarTransform
Transforming collection-ktx-1.4.4.jar (androidx.collection:collection-ktx:1.4.4) with ExtractJniTransform
Transforming collection-jvm-1.4.4.jar (androidx.collection:collection-jvm:1.4.4) with ExtractJniTransform
Transforming annotation-jvm-1.8.1.jar (androidx.annotation:annotation-jvm:1.8.1) with ExtractJniTransform
Transforming kotlin-parcelize-runtime-1.9.22.jar (org.jetbrains.kotlin:kotlin-parcelize-runtime:1.9.22) with ExtractJniTransform
Transforming kotlin-android-extensions-runtime-1.9.22.jar (org.jetbrains.kotlin:kotlin-android-extensions-runtime:1.9.22) with ExtractJniTransform
Transforming kotlin-stdlib-1.9.22.jar (org.jetbrains.kotlin:kotlin-stdlib:1.9.22) with ExtractJniTransform
Transforming kotlinx-coroutines-core-jvm-1.7.3.jar (org.jetbrains.kotlinx:kotlinx-coroutines-core-jvm:1.7.3) with ExtractJniTransform
Transforming kotlinx-coroutines-android-1.7.3.jar (org.jetbrains.kotlinx:kotlinx-coroutines-android:1.7.3) with ExtractJniTransform
Transforming kotlin-stdlib-jdk8-1.9.0.jar (org.jetbrains.kotlin:kotlin-stdlib-jdk8:1.9.0) with ExtractJniTransform
Transforming disklrucache-4.16.0.jar (com.github.bumptech.glide:disklrucache:4.16.0) with ExtractJniTransform
Transforming annotations-4.16.0.jar (com.github.bumptech.glide:annotations:4.16.0) with ExtractJniTransform
Transforming hilt-core-2.51.1.jar (com.google.dagger:hilt-core:2.51.1) with ExtractJniTransform
Transforming dagger-2.51.1.jar (com.google.dagger:dagger:2.51.1) with ExtractJniTransform
Transforming dagger-lint-aar-2.51.1.aar (com.google.dagger:dagger-lint-aar:2.51.1) with ExtractAarTransform
Transforming dagger-lint-aar-2.51.1.aar (com.google.dagger:dagger-lint-aar:2.51.1) with AarTransform
Transforming jsr305-3.0.2.jar (com.google.code.findbugs:jsr305:3.0.2) with ExtractJniTransform
Transforming javax.inject-1.jar (javax.inject:javax.inject:1) with ExtractJniTransform
Transforming annotations-23.0.0.jar (org.jetbrains:annotations:23.0.0) with ExtractJniTransform
Transforming listenablefuture-1.0.jar (com.google.guava:listenablefuture:1.0) with ExtractJniTransform
Caching disabled for task ':app:mergeDebugNativeLibs' because:
  Build cache is disabled
  Caching has been disabled for the task
Skipping task ':app:mergeDebugNativeLibs' as it is up-to-date.
Resolve mutations for :app:stripDebugDebugSymbols (Thread[#294,included builds,5,main]) started.
:app:stripDebugDebugSymbols (Thread[#294,included builds,5,main]) started.

> Task :app:stripDebugDebugSymbols UP-TO-DATE
Caching disabled for task ':app:stripDebugDebugSymbols' because:
  Build cache is disabled
  Caching has been disabled for the task
Skipping task ':app:stripDebugDebugSymbols' as it is up-to-date.
Resolve mutations for :app:validateSigningDebug (Thread[#294,included builds,5,main]) started.
:app:validateSigningDebug (Thread[#294,included builds,5,main]) started.

> Task :app:validateSigningDebug UP-TO-DATE
Caching disabled for task ':app:validateSigningDebug' because:
  Build cache is disabled
  Caching has been disabled for the task
Skipping task ':app:validateSigningDebug' as it is up-to-date.
Resolve mutations for :app:writeDebugAppMetadata (Thread[#294,included builds,5,main]) started.
:app:writeDebugAppMetadata (Thread[#294,included builds,5,main]) started.

> Task :app:writeDebugAppMetadata UP-TO-DATE
Caching disabled for task ':app:writeDebugAppMetadata' because:
  Build cache is disabled
  Caching has been disabled for the task
Skipping task ':app:writeDebugAppMetadata' as it is up-to-date.
Resolve mutations for :app:writeDebugSigningConfigVersions (Thread[#294,included builds,5,main]) started.
:app:writeDebugSigningConfigVersions (Thread[#294,included builds,5,main]) started.

> Task :app:writeDebugSigningConfigVersions UP-TO-DATE
Caching disabled for task ':app:writeDebugSigningConfigVersions' because:
  Build cache is disabled
  Caching has been disabled for the task
Skipping task ':app:writeDebugSigningConfigVersions' as it is up-to-date.
Resolve mutations for :app:buildKotlinToolingMetadata (Thread[#294,included builds,5,main]) started.
:app:buildKotlinToolingMetadata (Thread[#294,included builds,5,main]) started.

> Task :app:buildKotlinToolingMetadata UP-TO-DATE
Caching disabled for task ':app:buildKotlinToolingMetadata' because:
  Build cache is disabled
  Caching has not been enabled for the task
Skipping task ':app:buildKotlinToolingMetadata' as it is up-to-date.
Resolve mutations for :app:preReleaseBuild (Thread[#294,included builds,5,main]) started.
:app:preReleaseBuild (Thread[#294,included builds,5,main]) started.

> Task :app:preReleaseBuild UP-TO-DATE
Skipping task ':app:preReleaseBuild' as it has no actions.
Resolve mutations for :app:checkReleaseAarMetadata (Thread[#294,included builds,5,main]) started.
:app:checkReleaseAarMetadata (Thread[#294,included builds,5,main]) started.

> Task :app:checkReleaseAarMetadata UP-TO-DATE
Caching disabled for task ':app:checkReleaseAarMetadata' because:
  Build cache is disabled
  Caching has been disabled for the task
Skipping task ':app:checkReleaseAarMetadata' as it is up-to-date.
Resolve mutations for :app:generateReleaseResValues (Thread[#294,included builds,5,main]) started.
:app:generateReleaseResValues (Thread[#294,included builds,5,main]) started.

> Task :app:generateReleaseResValues UP-TO-DATE
Caching disabled for task ':app:generateReleaseResValues' because:
  Build cache is disabled
Skipping task ':app:generateReleaseResValues' as it is up-to-date.
Resolve mutations for :app:mapReleaseSourceSetPaths (Thread[#294,included builds,5,main]) started.
:app:mapReleaseSourceSetPaths (Thread[#294,included builds,5,main]) started.

> Task :app:mapReleaseSourceSetPaths UP-TO-DATE
Caching disabled for task ':app:mapReleaseSourceSetPaths' because:
  Build cache is disabled
  Caching has been disabled for the task
Skipping task ':app:mapReleaseSourceSetPaths' as it is up-to-date.
Resolve mutations for :app:generateReleaseResources (Thread[#294,included builds,5,main]) started.
:app:generateReleaseResources (Thread[#294,included builds,5,main]) started.

> Task :app:generateReleaseResources UP-TO-DATE
Caching disabled for task ':app:generateReleaseResources' because:
  Build cache is disabled
Skipping task ':app:generateReleaseResources' as it is up-to-date.
Resolve mutations for :app:mergeReleaseResources (Thread[#294,included builds,5,main]) started.
:app:mergeReleaseResources (Thread[#294,included builds,5,main]) started.

> Task :app:mergeReleaseResources UP-TO-DATE
Caching disabled for task ':app:mergeReleaseResources' because:
  Build cache is disabled
Skipping task ':app:mergeReleaseResources' as it is up-to-date.
Resolve mutations for :app:packageReleaseResources (Thread[#294,included builds,5,main]) started.
:app:packageReleaseResources (Thread[#294,included builds,5,main]) started.

> Task :app:packageReleaseResources UP-TO-DATE
Caching disabled for task ':app:packageReleaseResources' because:
  Build cache is disabled
Skipping task ':app:packageReleaseResources' as it is up-to-date.
Resolve mutations for :app:parseReleaseLocalResources (Thread[#294,included builds,5,main]) started.
:app:parseReleaseLocalResources (Thread[#294,included builds,5,main]) started.

> Task :app:parseReleaseLocalResources UP-TO-DATE
Transforming android.jar with PlatformAttrTransform
Transforming android.jar with PlatformAttrTransform
Caching disabled for task ':app:parseReleaseLocalResources' because:
  Build cache is disabled
Skipping task ':app:parseReleaseLocalResources' as it is up-to-date.
Resolve mutations for :app:createReleaseCompatibleScreenManifests (Thread[#294,included builds,5,main]) started.
:app:createReleaseCompatibleScreenManifests (Thread[#294,included builds,5,main]) started.

> Task :app:createReleaseCompatibleScreenManifests UP-TO-DATE
Caching disabled for task ':app:createReleaseCompatibleScreenManifests' because:
  Build cache is disabled
  Caching has been disabled for the task
Skipping task ':app:createReleaseCompatibleScreenManifests' as it is up-to-date.
Resolve mutations for :app:extractDeepLinksRelease (Thread[#294,included builds,5,main]) started.
:app:extractDeepLinksRelease (Thread[#294,included builds,5,main]) started.

> Task :app:extractDeepLinksRelease UP-TO-DATE
Caching disabled for task ':app:extractDeepLinksRelease' because:
  Build cache is disabled
Skipping task ':app:extractDeepLinksRelease' as it is up-to-date.
Resolve mutations for :app:processReleaseMainManifest (Thread[#294,included builds,5,main]) started.
:app:processReleaseMainManifest (Thread[#294,included builds,5,main]) started.

> Task :app:processReleaseMainManifest UP-TO-DATE
Caching disabled for task ':app:processReleaseMainManifest' because:
  Build cache is disabled
Skipping task ':app:processReleaseMainManifest' as it is up-to-date.
Resolve mutations for :app:processReleaseManifest (Thread[#294,included builds,5,main]) started.
:app:processReleaseManifest (Thread[#294,included builds,5,main]) started.

> Task :app:processReleaseManifest UP-TO-DATE
Caching disabled for task ':app:processReleaseManifest' because:
  Build cache is disabled
Skipping task ':app:processReleaseManifest' as it is up-to-date.
Resolve mutations for :app:processReleaseManifestForPackage (Thread[#294,included builds,5,main]) started.
:app:processReleaseManifestForPackage (Thread[#294,included builds,5,main]) started.

> Task :app:processReleaseManifestForPackage UP-TO-DATE
Custom actions are attached to task ':app:processReleaseManifestForPackage'.
Caching disabled for task ':app:processReleaseManifestForPackage' because:
  Build cache is disabled
Skipping task ':app:processReleaseManifestForPackage' as it is up-to-date.
Resolve mutations for :app:processReleaseResources (Thread[#294,included builds,5,main]) started.
:app:processReleaseResources (Thread[#294,included builds,5,main]) started.

> Task :app:processReleaseResources UP-TO-DATE
Caching disabled for task ':app:processReleaseResources' because:
  Build cache is disabled
Skipping task ':app:processReleaseResources' as it is up-to-date.
Resolve mutations for :app:kaptGenerateStubsReleaseKotlin (Thread[#294,included builds,5,main]) started.
:app:kaptGenerateStubsReleaseKotlin (Thread[#294,included builds,5,main]) started.

> Task :app:kaptGenerateStubsReleaseKotlin
Transforming R.jar with ClasspathEntrySnapshotTransform
Transforming compose-1.0.0-alpha.1-api.jar with ClasspathEntrySnapshotTransform
Transforming hilt-navigation-compose-1.2.0-api.jar with ClasspathEntrySnapshotTransform
Transforming hilt-navigation-1.2.0-api.jar with ClasspathEntrySnapshotTransform
Transforming navigation-common-2.8.1-api.jar with ClasspathEntrySnapshotTransform
Transforming navigation-runtime-2.8.1-api.jar with ClasspathEntrySnapshotTransform
Transforming navigation-common-ktx-2.8.1-api.jar with ClasspathEntrySnapshotTransform
Transforming navigation-runtime-ktx-2.8.1-api.jar with ClasspathEntrySnapshotTransform
Transforming navigation-compose-2.8.1-api.jar with ClasspathEntrySnapshotTransform
Transforming hilt-android-2.51.1-api.jar with ClasspathEntrySnapshotTransform
Transforming ktx-1.0.0-alpha.1-api.jar with ClasspathEntrySnapshotTransform
Transforming recyclerview-integration-4.14.2-api.jar with ClasspathEntrySnapshotTransform
Transforming glide-4.16.0-api.jar with ClasspathEntrySnapshotTransform
Transforming fragment-1.5.1-api.jar with ClasspathEntrySnapshotTransform
Transforming activity-1.9.2-api.jar with ClasspathEntrySnapshotTransform
Transforming activity-compose-1.9.2-api.jar with ClasspathEntrySnapshotTransform
Transforming activity-ktx-1.9.2-api.jar with ClasspathEntrySnapshotTransform
Transforming core-ktx-1.4.0-api.jar with ClasspathEntrySnapshotTransform
Transforming material3-release-api.jar with ClasspathEntrySnapshotTransform
Transforming material-icons-core-release-api.jar with ClasspathEntrySnapshotTransform
Transforming material-release-api.jar with ClasspathEntrySnapshotTransform
Transforming coil-compose-2.2.2-api.jar with ClasspathEntrySnapshotTransform
Transforming coil-compose-base-2.2.2-api.jar with ClasspathEntrySnapshotTransform
Transforming material-ripple-release-api.jar with ClasspathEntrySnapshotTransform
Transforming foundation-layout-release-api.jar with ClasspathEntrySnapshotTransform
Transforming foundation-release-api.jar with ClasspathEntrySnapshotTransform
Transforming animation-core-release-api.jar with ClasspathEntrySnapshotTransform
Transforming animation-release-api.jar with ClasspathEntrySnapshotTransform
Transforming ui-util-release-api.jar with ClasspathEntrySnapshotTransform
Transforming ui-unit-release-api.jar with ClasspathEntrySnapshotTransform
Transforming ui-geometry-release-api.jar with ClasspathEntrySnapshotTransform
Transforming ui-text-release-api.jar with ClasspathEntrySnapshotTransform
Transforming ui-graphics-release-api.jar with ClasspathEntrySnapshotTransform
Transforming ui-tooling-preview-release-api.jar with ClasspathEntrySnapshotTransform
Transforming ui-release-api.jar with ClasspathEntrySnapshotTransform
Transforming loader-1.0.0-api.jar with ClasspathEntrySnapshotTransform
Transforming viewpager-1.0.0-api.jar with ClasspathEntrySnapshotTransform
Transforming vectordrawable-animated-1.1.0-api.jar with ClasspathEntrySnapshotTransform
Transforming vectordrawable-1.1.0-api.jar with ClasspathEntrySnapshotTransform
Transforming customview-1.0.0-api.jar with ClasspathEntrySnapshotTransform
Transforming core-1.13.1-api.jar with ClasspathEntrySnapshotTransform
Transforming coil-2.2.2-api.jar with ClasspathEntrySnapshotTransform
Transforming coil-base-2.2.2-api.jar with ClasspathEntrySnapshotTransform
Transforming lifecycle-livedata-core-ktx-2.8.6-api.jar with ClasspathEntrySnapshotTransform
Transforming lifecycle-livedata-2.8.6-api.jar with ClasspathEntrySnapshotTransform
Transforming lifecycle-runtime-release-api.jar with ClasspathEntrySnapshotTransform
Transforming lifecycle-runtime-compose-release-api.jar with ClasspathEntrySnapshotTransform
Transforming core-1.4.0-api.jar with ClasspathEntrySnapshotTransform
Transforming lifecycle-common-jvm-2.8.6.jar with ClasspathEntrySnapshotTransform
Transforming lifecycle-livedata-core-2.8.6-api.jar with ClasspathEntrySnapshotTransform
Transforming lifecycle-viewmodel-2.8.6-api.jar with ClasspathEntrySnapshotTransform
Transforming lifecycle-viewmodel-release-api.jar with ClasspathEntrySnapshotTransform
Transforming lifecycle-viewmodel-ktx-2.8.6-api.jar with ClasspathEntrySnapshotTransform
Transforming lifecycle-viewmodel-compose-release-api.jar with ClasspathEntrySnapshotTransform
Transforming lifecycle-runtime-ktx-release-api.jar with ClasspathEntrySnapshotTransform
Transforming lifecycle-viewmodel-savedstate-2.8.6-api.jar with ClasspathEntrySnapshotTransform
Transforming core-ktx-1.13.1-api.jar with ClasspathEntrySnapshotTransform
Transforming kotlin-stdlib-jdk7-1.9.0.jar with ClasspathEntrySnapshotTransform
Transforming datastore-core-okio-jvm-1.1.1.jar with ClasspathEntrySnapshotTransform
Transforming datastore-core-release-api.jar with ClasspathEntrySnapshotTransform
Transforming datastore-preferences-core-jvm-1.1.1.jar with ClasspathEntrySnapshotTransform
Transforming datastore-release-api.jar with ClasspathEntrySnapshotTransform
Transforming datastore-preferences-release-api.jar with ClasspathEntrySnapshotTransform
Transforming kotlinx-serialization-core-jvm-1.6.3.jar with ClasspathEntrySnapshotTransform
Transforming kotlinx-serialization-json-jvm-1.6.3.jar with ClasspathEntrySnapshotTransform
Transforming runtime-saveable-release-api.jar with ClasspathEntrySnapshotTransform
Transforming runtime-release-api.jar with ClasspathEntrySnapshotTransform
Transforming annotation-experimental-1.4.1-api.jar with ClasspathEntrySnapshotTransform
Transforming savedstate-ktx-1.2.1-api.jar with ClasspathEntrySnapshotTransform
Transforming savedstate-1.2.1-api.jar with ClasspathEntrySnapshotTransform
Transforming kotlinx-coroutines-android-1.7.3.jar with ClasspathEntrySnapshotTransform
Transforming kotlinx-coroutines-core-jvm-1.7.3.jar with ClasspathEntrySnapshotTransform
Transforming okhttp-4.10.0.jar with ClasspathEntrySnapshotTransform
Transforming okio-jvm-3.4.0.jar with ClasspathEntrySnapshotTransform
Transforming gifdecoder-4.16.0-api.jar with ClasspathEntrySnapshotTransform
Transforming versionedparcelable-1.1.1-api.jar with ClasspathEntrySnapshotTransform
Transforming interpolator-1.0.0-api.jar with ClasspathEntrySnapshotTransform
Transforming collection-jvm-1.4.4.jar with ClasspathEntrySnapshotTransform
Transforming core-runtime-2.2.0-api.jar with ClasspathEntrySnapshotTransform
Transforming core-common-2.2.0.jar with ClasspathEntrySnapshotTransform
Transforming monitor-1.4.0-api.jar with ClasspathEntrySnapshotTransform
Transforming annotation-jvm-1.8.1.jar with ClasspathEntrySnapshotTransform
Transforming kotlin-stdlib-1.9.22.jar with ClasspathEntrySnapshotTransform
Transforming kotlin-stdlib-jdk8-1.9.0.jar with ClasspathEntrySnapshotTransform
Transforming annotations-23.0.0.jar with ClasspathEntrySnapshotTransform
Transforming tracing-1.0.0-api.jar with ClasspathEntrySnapshotTransform
Transforming exifinterface-1.3.6-api.jar with ClasspathEntrySnapshotTransform
Transforming accompanist-drawablepainter-0.25.1-api.jar with ClasspathEntrySnapshotTransform
Transforming disklrucache-4.16.0.jar with ClasspathEntrySnapshotTransform
Transforming annotations-4.16.0.jar with ClasspathEntrySnapshotTransform
Transforming hilt-core-2.51.1.jar with ClasspathEntrySnapshotTransform
Transforming dagger-2.51.1.jar with ClasspathEntrySnapshotTransform
Transforming javax.inject-1.jar with ClasspathEntrySnapshotTransform
Transforming dagger-lint-aar-2.51.1-api.jar with ClasspathEntrySnapshotTransform
Transforming jsr305-3.0.2.jar with ClasspathEntrySnapshotTransform
Transforming android.jar with ClasspathEntrySnapshotTransform
Transforming core-lambda-stubs.jar with ClasspathEntrySnapshotTransform
Caching disabled for task ':app:kaptGenerateStubsReleaseKotlin' because:
  Build cache is disabled
Task ':app:kaptGenerateStubsReleaseKotlin' is not up-to-date because:
  Task has failed previously.
The input changes require a full rebuild for incremental task ':app:kaptGenerateStubsReleaseKotlin'.
file or directory 'C:\Users\vivet\AndroidStudioProjects\ShoesTapApp\app\src\main\kotlin', not found
file or directory 'C:\Users\vivet\AndroidStudioProjects\ShoesTapApp\app\src\main\kotlin', not found
file or directory 'C:\Users\vivet\AndroidStudioProjects\ShoesTapApp\app\src\main\kotlin', not found
file or directory 'C:\Users\vivet\AndroidStudioProjects\ShoesTapApp\app\src\release\kotlin', not found
file or directory 'C:\Users\vivet\AndroidStudioProjects\ShoesTapApp\app\src\release\kotlin', not found
file or directory 'C:\Users\vivet\AndroidStudioProjects\ShoesTapApp\app\src\release\java', not found
file or directory 'C:\Users\vivet\AndroidStudioProjects\ShoesTapApp\app\src\release\kotlin', not found
file or directory 'C:\Users\vivet\AndroidStudioProjects\ShoesTapApp\app\src\release\java', not found
file or directory 'C:\Users\vivet\AndroidStudioProjects\ShoesTapApp\app\src\release\java', not found
file or directory 'C:\Users\vivet\AndroidStudioProjects\ShoesTapApp\app\src\main\kotlin', not found
file or directory 'C:\Users\vivet\AndroidStudioProjects\ShoesTapApp\app\src\main\kotlin', not found
file or directory 'C:\Users\vivet\AndroidStudioProjects\ShoesTapApp\app\src\main\kotlin', not found
file or directory 'C:\Users\vivet\AndroidStudioProjects\ShoesTapApp\app\src\main\kotlin', not found
file or directory 'C:\Users\vivet\AndroidStudioProjects\ShoesTapApp\app\src\main\kotlin', not found
file or directory 'C:\Users\vivet\AndroidStudioProjects\ShoesTapApp\app\src\release\kotlin', not found
file or directory 'C:\Users\vivet\AndroidStudioProjects\ShoesTapApp\app\src\release\kotlin', not found
file or directory 'C:\Users\vivet\AndroidStudioProjects\ShoesTapApp\app\src\release\java', not found
file or directory 'C:\Users\vivet\AndroidStudioProjects\ShoesTapApp\app\src\release\kotlin', not found
file or directory 'C:\Users\vivet\AndroidStudioProjects\ShoesTapApp\app\src\release\java', not found
file or directory 'C:\Users\vivet\AndroidStudioProjects\ShoesTapApp\app\src\release\java', not found
file or directory 'C:\Users\vivet\AndroidStudioProjects\ShoesTapApp\app\src\main\kotlin', not found
file or directory 'C:\Users\vivet\AndroidStudioProjects\ShoesTapApp\app\src\main\kotlin', not found
file or directory 'C:\Users\vivet\AndroidStudioProjects\ShoesTapApp\app\src\main\kotlin', not found
file or directory 'C:\Users\vivet\AndroidStudioProjects\ShoesTapApp\app\src\release\kotlin', not found
file or directory 'C:\Users\vivet\AndroidStudioProjects\ShoesTapApp\app\src\release\kotlin', not found
file or directory 'C:\Users\vivet\AndroidStudioProjects\ShoesTapApp\app\src\release\java', not found
file or directory 'C:\Users\vivet\AndroidStudioProjects\ShoesTapApp\app\src\release\kotlin', not found
file or directory 'C:\Users\vivet\AndroidStudioProjects\ShoesTapApp\app\src\release\java', not found
file or directory 'C:\Users\vivet\AndroidStudioProjects\ShoesTapApp\app\src\release\java', not found
Using Kotlin/JVM incremental compilation
[KOTLIN] Kotlin compilation 'jdkHome' argument: null
i: found daemon on port 17775 (2205 ms old), trying to connect
i: connected to the daemon
Options for KOTLIN DAEMON: IncrementalCompilationOptions(super=CompilationOptions(compilerMode=INCREMENTAL_COMPILER, targetPlatform=JVM, reportCategories=[0, 3], reportSeverity=2, requestedCompilationResults=[0], kotlinScriptExtensions=[]), areFileChangesKnown=false, modifiedFiles=null, deletedFiles=null, classpathChanges=NotAvailableForNonIncrementalRun, workingDir=C:\Users\vivet\AndroidStudioProjects\ShoesTapApp\app\build\kotlin\kaptGenerateStubsReleaseKotlin\cacheable, multiModuleICSettings=MultiModuleICSettings(buildHistoryFile=C:\Users\vivet\AndroidStudioProjects\ShoesTapApp\app\build\kotlin\kaptGenerateStubsReleaseKotlin\local-state\build-history.bin, useModuleDetection=true), usePreciseJavaTracking=true, outputFiles=[C:\Users\vivet\AndroidStudioProjects\ShoesTapApp\app\build\tmp\kapt3\incrementalData\release, C:\Users\vivet\AndroidStudioProjects\ShoesTapApp\app\build\tmp\kapt3\stubs\release, C:\Users\vivet\AndroidStudioProjects\ShoesTapApp\app\build\kotlin\kaptGenerateStubsReleaseKotlin\cacheable, C:\Users\vivet\AndroidStudioProjects\ShoesTapApp\app\build\kotlin\kaptGenerateStubsReleaseKotlin\local-state])

> Task :app:kaptGenerateStubsDebugKotlin
i: starting the daemon as: C:\Program Files\Java\jdk-21\bin\java -cp C:\Users\vivet\.gradle\caches\modules-2\files-2.1\org.jetbrains.kotlin\kotlin-compiler-embeddable\1.9.0\2c8c3a7402becca891f12739b3e9fd2dc2adbd7a\kotlin-compiler-embeddable-1.9.0.jar;C:\Users\vivet\.gradle\caches\modules-2\files-2.1\org.jetbrains.kotlin\kotlin-stdlib\1.9.0\8ee15ef0c67dc83d874f412d84378d7f0eb50b63\kotlin-stdlib-1.9.0.jar;C:\Users\vivet\.gradle\caches\modules-2\files-2.1\org.jetbrains.kotlin\kotlin-script-runtime\1.9.0\4b3102cbbb7e1b58d9d1adf89563f00069ffa7d1\kotlin-script-runtime-1.9.0.jar;C:\Users\vivet\.gradle\caches\modules-2\files-2.1\org.jetbrains.kotlin\kotlin-reflect\1.6.10\1cbe9c92c12a94eea200d23c2bbaedaf3daf5132\kotlin-reflect-1.6.10.jar;C:\Users\vivet\.gradle\caches\modules-2\files-2.1\org.jetbrains.kotlin\kotlin-daemon-embeddable\1.9.0\186543f5e28cf8d9a0290fecc2cf34301c40a65c\kotlin-daemon-embeddable-1.9.0.jar;C:\Users\vivet\.gradle\caches\modules-2\files-2.1\org.jetbrains.intellij.deps\trove4j\1.0.20200330\3afb14d5f9ceb459d724e907a21145e8ff394f02\trove4j-1.0.20200330.jar;C:\Users\vivet\.gradle\caches\modules-2\files-2.1\org.jetbrains.kotlin\kotlin-stdlib-common\1.9.0\cd65c21cfd1eec4d44ef09f9f52b6d9f8a720636\kotlin-stdlib-common-1.9.0.jar;C:\Users\vivet\.gradle\caches\modules-2\files-2.1\org.jetbrains\annotations\13.0\919f0dfe192fb4e063e7dacadee7f8bb9a2672a9\annotations-13.0.jar -Djava.awt.headless=true -D$java.rmi.server.hostname=127.0.0.1 -Xmx2048m -Dkotlin.environment.keepalive -ea --add-exports java.base/sun.nio.ch=ALL-UNNAMED org.jetbrains.kotlin.daemon.KotlinCompileDaemon --daemon-runFilesPath C:\Users\vivet\AppData\Local\kotlin\daemon --daemon-autoshutdownIdleSeconds=7200 --daemon-compilerClasspath C:\Users\vivet\.gradle\caches\modules-2\files-2.1\org.jetbrains.kotlin\kotlin-compiler-embeddable\1.9.0\2c8c3a7402becca891f12739b3e9fd2dc2adbd7a\kotlin-compiler-embeddable-1.9.0.jar;C:\Users\vivet\.gradle\caches\modules-2\files-2.1\org.jetbrains.kotlin\kotlin-stdlib\1.9.0\8ee15ef0c67dc83d874f412d84378d7f0eb50b63\kotlin-stdlib-1.9.0.jar;C:\Users\vivet\.gradle\caches\modules-2\files-2.1\org.jetbrains.kotlin\kotlin-script-runtime\1.9.0\4b3102cbbb7e1b58d9d1adf89563f00069ffa7d1\kotlin-script-runtime-1.9.0.jar;C:\Users\vivet\.gradle\caches\modules-2\files-2.1\org.jetbrains.kotlin\kotlin-reflect\1.6.10\1cbe9c92c12a94eea200d23c2bbaedaf3daf5132\kotlin-reflect-1.6.10.jar;C:\Users\vivet\.gradle\caches\modules-2\files-2.1\org.jetbrains.kotlin\kotlin-daemon-embeddable\1.9.0\186543f5e28cf8d9a0290fecc2cf34301c40a65c\kotlin-daemon-embeddable-1.9.0.jar;C:\Users\vivet\.gradle\caches\modules-2\files-2.1\org.jetbrains.intellij.deps\trove4j\1.0.20200330\3afb14d5f9ceb459d724e907a21145e8ff394f02\trove4j-1.0.20200330.jar;C:\Users\vivet\.gradle\caches\modules-2\files-2.1\org.jetbrains.kotlin\kotlin-stdlib-common\1.9.0\cd65c21cfd1eec4d44ef09f9f52b6d9f8a720636\kotlin-stdlib-common-1.9.0.jar;C:\Users\vivet\.gradle\caches\modules-2\files-2.1\org.jetbrains\annotations\13.0\919f0dfe192fb4e063e7dacadee7f8bb9a2672a9\annotations-13.0.jar
i: Received the message signalling that the daemon is ready
i: new daemon started, trying to find it
i: found daemon on port 17775 (264 ms old), trying to connect
i: connected to the daemon
Options for KOTLIN DAEMON: IncrementalCompilationOptions(super=CompilationOptions(compilerMode=INCREMENTAL_COMPILER, targetPlatform=JVM, reportCategories=[0, 3], reportSeverity=2, requestedCompilationResults=[0], kotlinScriptExtensions=[]), areFileChangesKnown=false, modifiedFiles=null, deletedFiles=null, classpathChanges=NotAvailableForNonIncrementalRun, workingDir=C:\Users\vivet\AndroidStudioProjects\ShoesTapApp\app\build\kotlin\kaptGenerateStubsDebugKotlin\cacheable, multiModuleICSettings=MultiModuleICSettings(buildHistoryFile=C:\Users\vivet\AndroidStudioProjects\ShoesTapApp\app\build\kotlin\kaptGenerateStubsDebugKotlin\local-state\build-history.bin, useModuleDetection=true), usePreciseJavaTracking=true, outputFiles=[C:\Users\vivet\AndroidStudioProjects\ShoesTapApp\app\build\tmp\kapt3\incrementalData\debug, C:\Users\vivet\AndroidStudioProjects\ShoesTapApp\app\build\tmp\kapt3\stubs\debug, C:\Users\vivet\AndroidStudioProjects\ShoesTapApp\app\build\kotlin\kaptGenerateStubsDebugKotlin\cacheable, C:\Users\vivet\AndroidStudioProjects\ShoesTapApp\app\build\kotlin\kaptGenerateStubsDebugKotlin\local-state])

> Task :app:kaptGenerateStubsReleaseKotlin FAILED
e: java.lang.IllegalAccessError: superclass access check failed: class org.jetbrains.kotlin.kapt3.base.javac.KaptJavaCompiler (in unnamed module @0x6aa536b7) cannot access class com.sun.tools.javac.main.JavaCompiler (in module jdk.compiler) because module jdk.compiler does not export com.sun.tools.javac.main to unnamed module @0x6aa536b7
	at java.base/java.lang.ClassLoader.defineClass1(Native Method)
	at java.base/java.lang.ClassLoader.defineClass(ClassLoader.java:1027)
	at java.base/java.security.SecureClassLoader.defineClass(SecureClassLoader.java:150)
	at java.base/java.net.URLClassLoader.defineClass(URLClassLoader.java:524)
	at java.base/java.net.URLClassLoader$1.run(URLClassLoader.java:427)
	at java.base/java.net.URLClassLoader$1.run(URLClassLoader.java:421)
	at java.base/java.security.AccessController.doPrivileged(AccessController.java:714)
	at java.base/java.net.URLClassLoader.findClass(URLClassLoader.java:420)
	at java.base/java.lang.ClassLoader.loadClass(ClassLoader.java:593)
	at java.base/java.lang.ClassLoader.loadClass(ClassLoader.java:526)
	at org.jetbrains.kotlin.kapt3.base.KaptContext.<init>(KaptContext.kt:55)
	at org.jetbrains.kotlin.kapt3.KaptContextForStubGeneration.<init>(KaptContextForStubGeneration.kt:38)
	at org.jetbrains.kotlin.kapt3.AbstractKapt3Extension.contextForStubGeneration(Kapt3Extension.kt:295)
	at org.jetbrains.kotlin.kapt3.AbstractKapt3Extension.analysisCompleted(Kapt3Extension.kt:174)
	at org.jetbrains.kotlin.kapt3.ClasspathBasedKapt3Extension.analysisCompleted(Kapt3Extension.kt:104)
	at org.jetbrains.kotlin.cli.jvm.compiler.TopDownAnalyzerFacadeForJVM$analyzeFilesWithJavaIntegration$2.invoke(TopDownAnalyzerFacadeForJVM.kt:104)
	at org.jetbrains.kotlin.cli.jvm.compiler.TopDownAnalyzerFacadeForJVM.analyzeFilesWithJavaIntegration(TopDownAnalyzerFacadeForJVM.kt:114)
	at org.jetbrains.kotlin.cli.jvm.compiler.TopDownAnalyzerFacadeForJVM.analyzeFilesWithJavaIntegration$default(TopDownAnalyzerFacadeForJVM.kt:88)
	at org.jetbrains.kotlin.cli.jvm.compiler.KotlinToJVMBytecodeCompiler$analyze$1.invoke(KotlinToJVMBytecodeCompiler.kt:256)
	at org.jetbrains.kotlin.cli.jvm.compiler.KotlinToJVMBytecodeCompiler$analyze$1.invoke(KotlinToJVMBytecodeCompiler.kt:42)
	at org.jetbrains.kotlin.cli.common.messages.AnalyzerWithCompilerReport.analyzeAndReport(AnalyzerWithCompilerReport.kt:115)
	at org.jetbrains.kotlin.cli.jvm.compiler.KotlinToJVMBytecodeCompiler.analyze(KotlinToJVMBytecodeCompiler.kt:247)
	at org.jetbrains.kotlin.cli.jvm.compiler.KotlinToJVMBytecodeCompiler.compileModules$cli(KotlinToJVMBytecodeCompiler.kt:87)
	at org.jetbrains.kotlin.cli.jvm.compiler.KotlinToJVMBytecodeCompiler.compileModules$cli$default(KotlinToJVMBytecodeCompiler.kt:47)
	at org.jetbrains.kotlin.cli.jvm.K2JVMCompiler.doExecute(K2JVMCompiler.kt:168)
	at org.jetbrains.kotlin.cli.jvm.K2JVMCompiler.doExecute(K2JVMCompiler.kt:53)
	at org.jetbrains.kotlin.cli.common.CLICompiler.execImpl(CLICompiler.kt:100)
	at org.jetbrains.kotlin.cli.common.CLICompiler.execImpl(CLICompiler.kt:46)
	at org.jetbrains.kotlin.cli.common.CLITool.exec(CLITool.kt:101)
	at org.jetbrains.kotlin.incremental.IncrementalJvmCompilerRunner.runCompiler(IncrementalJvmCompilerRunner.kt:460)
	at org.jetbrains.kotlin.incremental.IncrementalJvmCompilerRunner.runCompiler(IncrementalJvmCompilerRunner.kt:62)
	at org.jetbrains.kotlin.incremental.IncrementalCompilerRunner.doCompile(IncrementalCompilerRunner.kt:476)
	at org.jetbrains.kotlin.incremental.IncrementalCompilerRunner.compileImpl(IncrementalCompilerRunner.kt:399)
	at org.jetbrains.kotlin.incremental.IncrementalCompilerRunner.compileNonIncrementally(IncrementalCompilerRunner.kt:280)
	at org.jetbrains.kotlin.incremental.IncrementalCompilerRunner.compile(IncrementalCompilerRunner.kt:124)
	at org.jetbrains.kotlin.daemon.CompileServiceImplBase.execIncrementalCompiler(CompileServiceImpl.kt:636)
	at org.jetbrains.kotlin.daemon.CompileServiceImplBase.access$execIncrementalCompiler(CompileServiceImpl.kt:101)
	at org.jetbrains.kotlin.daemon.CompileServiceImpl.compile(CompileServiceImpl.kt:1598)
	at java.base/jdk.internal.reflect.DirectMethodHandleAccessor.invoke(DirectMethodHandleAccessor.java:103)
	at java.base/java.lang.reflect.Method.invoke(Method.java:580)
	at java.rmi/sun.rmi.server.UnicastServerRef.dispatch(UnicastServerRef.java:360)
	at java.rmi/sun.rmi.transport.Transport$1.run(Transport.java:200)
	at java.rmi/sun.rmi.transport.Transport$1.run(Transport.java:197)
	at java.base/java.security.AccessController.doPrivileged(AccessController.java:714)
	at java.rmi/sun.rmi.transport.Transport.serviceCall(Transport.java:196)
	at java.rmi/sun.rmi.transport.tcp.TCPTransport.handleMessages(TCPTransport.java:598)
	at java.rmi/sun.rmi.transport.tcp.TCPTransport$ConnectionHandler.run0(TCPTransport.java:844)
	at java.rmi/sun.rmi.transport.tcp.TCPTransport$ConnectionHandler.lambda$run$0(TCPTransport.java:721)
	at java.base/java.security.AccessController.doPrivileged(AccessController.java:400)
	at java.rmi/sun.rmi.transport.tcp.TCPTransport$ConnectionHandler.run(TCPTransport.java:720)
	at java.base/java.util.concurrent.ThreadPoolExecutor.runWorker(ThreadPoolExecutor.java:1144)
	at java.base/java.util.concurrent.ThreadPoolExecutor$Worker.run(ThreadPoolExecutor.java:642)
	at java.base/java.lang.Thread.run(Thread.java:1583)

Errors were stored into C:\Users\vivet\AndroidStudioProjects\ShoesTapApp\.gradle\kotlin\errors\errors-1727991792145.log

> Task :app:kaptGenerateStubsDebugKotlin
e: java.lang.IllegalAccessError: superclass access check failed: class org.jetbrains.kotlin.kapt3.base.javac.KaptJavaCompiler (in unnamed module @0x6a2e06ca) cannot access class com.sun.tools.javac.main.JavaCompiler (in module jdk.compiler) because module jdk.compiler does not export com.sun.tools.javac.main to unnamed module @0x6a2e06ca
	at java.base/java.lang.ClassLoader.defineClass1(Native Method)
	at java.base/java.lang.ClassLoader.defineClass(ClassLoader.java:1027)
	at java.base/java.security.SecureClassLoader.defineClass(SecureClassLoader.java:150)
	at java.base/java.net.URLClassLoader.defineClass(URLClassLoader.java:524)
	at java.base/java.net.URLClassLoader$1.run(URLClassLoader.java:427)
	at java.base/java.net.URLClassLoader$1.run(URLClassLoader.java:421)
	at java.base/java.security.AccessController.doPrivileged(AccessController.java:714)
	at java.base/java.net.URLClassLoader.findClass(URLClassLoader.java:420)
	at java.base/java.lang.ClassLoader.loadClass(ClassLoader.java:593)
	at java.base/java.lang.ClassLoader.loadClass(ClassLoader.java:526)
	at org.jetbrains.kotlin.kapt3.base.KaptContext.<init>(KaptContext.kt:55)
	at org.jetbrains.kotlin.kapt3.KaptContextForStubGeneration.<init>(KaptContextForStubGeneration.kt:38)
	at org.jetbrains.kotlin.kapt3.AbstractKapt3Extension.contextForStubGeneration(Kapt3Extension.kt:295)
	at org.jetbrains.kotlin.kapt3.AbstractKapt3Extension.analysisCompleted(Kapt3Extension.kt:174)
	at org.jetbrains.kotlin.kapt3.ClasspathBasedKapt3Extension.analysisCompleted(Kapt3Extension.kt:104)
	at org.jetbrains.kotlin.cli.jvm.compiler.TopDownAnalyzerFacadeForJVM$analyzeFilesWithJavaIntegration$2.invoke(TopDownAnalyzerFacadeForJVM.kt:104)
	at org.jetbrains.kotlin.cli.jvm.compiler.TopDownAnalyzerFacadeForJVM.analyzeFilesWithJavaIntegration(TopDownAnalyzerFacadeForJVM.kt:114)
	at org.jetbrains.kotlin.cli.jvm.compiler.TopDownAnalyzerFacadeForJVM.analyzeFilesWithJavaIntegration$default(TopDownAnalyzerFacadeForJVM.kt:88)
	at org.jetbrains.kotlin.cli.jvm.compiler.KotlinToJVMBytecodeCompiler$analyze$1.invoke(KotlinToJVMBytecodeCompiler.kt:256)
	at org.jetbrains.kotlin.cli.jvm.compiler.KotlinToJVMBytecodeCompiler$analyze$1.invoke(KotlinToJVMBytecodeCompiler.kt:42)
	at org.jetbrains.kotlin.cli.common.messages.AnalyzerWithCompilerReport.analyzeAndReport(AnalyzerWithCompilerReport.kt:115)
	at org.jetbrains.kotlin.cli.jvm.compiler.KotlinToJVMBytecodeCompiler.analyze(KotlinToJVMBytecodeCompiler.kt:247)
	at org.jetbrains.kotlin.cli.jvm.compiler.KotlinToJVMBytecodeCompiler.compileModules$cli(KotlinToJVMBytecodeCompiler.kt:87)
	at org.jetbrains.kotlin.cli.jvm.compiler.KotlinToJVMBytecodeCompiler.compileModules$cli$default(KotlinToJVMBytecodeCompiler.kt:47)
	at org.jetbrains.kotlin.cli.jvm.K2JVMCompiler.doExecute(K2JVMCompiler.kt:168)
	at org.jetbrains.kotlin.cli.jvm.K2JVMCompiler.doExecute(K2JVMCompiler.kt:53)
	at org.jetbrains.kotlin.cli.common.CLICompiler.execImpl(CLICompiler.kt:100)
	at org.jetbrains.kotlin.cli.common.CLICompiler.execImpl(CLICompiler.kt:46)
	at org.jetbrains.kotlin.cli.common.CLITool.exec(CLITool.kt:101)
	at org.jetbrains.kotlin.incremental.IncrementalJvmCompilerRunner.runCompiler(IncrementalJvmCompilerRunner.kt:460)
	at org.jetbrains.kotlin.incremental.IncrementalJvmCompilerRunner.runCompiler(IncrementalJvmCompilerRunner.kt:62)
	at org.jetbrains.kotlin.incremental.IncrementalCompilerRunner.doCompile(IncrementalCompilerRunner.kt:476)
	at org.jetbrains.kotlin.incremental.IncrementalCompilerRunner.compileImpl(IncrementalCompilerRunner.kt:399)
	at org.jetbrains.kotlin.incremental.IncrementalCompilerRunner.compileNonIncrementally(IncrementalCompilerRunner.kt:280)
	at org.jetbrains.kotlin.incremental.IncrementalCompilerRunner.compile(IncrementalCompilerRunner.kt:124)
	at org.jetbrains.kotlin.daemon.CompileServiceImplBase.execIncrementalCompiler(CompileServiceImpl.kt:636)
	at org.jetbrains.kotlin.daemon.CompileServiceImplBase.access$execIncrementalCompiler(CompileServiceImpl.kt:101)
	at org.jetbrains.kotlin.daemon.CompileServiceImpl.compile(CompileServiceImpl.kt:1598)
	at java.base/jdk.internal.reflect.DirectMethodHandleAccessor.invoke(DirectMethodHandleAccessor.java:103)
	at java.base/java.lang.reflect.Method.invoke(Method.java:580)
	at java.rmi/sun.rmi.server.UnicastServerRef.dispatch(UnicastServerRef.java:360)
	at java.rmi/sun.rmi.transport.Transport$1.run(Transport.java:200)
	at java.rmi/sun.rmi.transport.Transport$1.run(Transport.java:197)
	at java.base/java.security.AccessController.doPrivileged(AccessController.java:714)
	at java.rmi/sun.rmi.transport.Transport.serviceCall(Transport.java:196)
	at java.rmi/sun.rmi.transport.tcp.TCPTransport.handleMessages(TCPTransport.java:598)
	at java.rmi/sun.rmi.transport.tcp.TCPTransport$ConnectionHandler.run0(TCPTransport.java:844)
	at java.rmi/sun.rmi.transport.tcp.TCPTransport$ConnectionHandler.lambda$run$0(TCPTransport.java:721)
	at java.base/java.security.AccessController.doPrivileged(AccessController.java:400)
	at java.rmi/sun.rmi.transport.tcp.TCPTransport$ConnectionHandler.run(TCPTransport.java:720)
	at java.base/java.util.concurrent.ThreadPoolExecutor.runWorker(ThreadPoolExecutor.java:1144)
	at java.base/java.util.concurrent.ThreadPoolExecutor$Worker.run(ThreadPoolExecutor.java:642)
	at java.base/java.lang.Thread.run(Thread.java:1583)

Errors were stored into C:\Users\vivet\AndroidStudioProjects\ShoesTapApp\.gradle\kotlin\errors\errors-1727991791902.log

> Task :app:kaptGenerateStubsDebugKotlin FAILED

FAILURE: Build completed with 2 failures.

1: Task failed with an exception.
-----------
* What went wrong:
Execution failed for task ':app:kaptGenerateStubsReleaseKotlin'.
> A failure occurred while executing org.jetbrains.kotlin.compilerRunner.GradleCompilerRunnerWithWorkers$GradleKotlinCompilerWorkAction
   > Internal compiler error. See log for more details

* Try:
> Run with --debug option to get more log output.
> Run with --scan to get full insights.
> Get more help at https://help.gradle.org.

* Exception is:
org.gradle.api.tasks.TaskExecutionException: Execution failed for task ':app:kaptGenerateStubsReleaseKotlin'.
	at org.gradle.api.internal.tasks.execution.ExecuteActionsTaskExecuter.lambda$executeIfValid$1(ExecuteActionsTaskExecuter.java:130)
	at org.gradle.internal.Try$Failure.ifSuccessfulOrElse(Try.java:282)
	at org.gradle.api.internal.tasks.execution.ExecuteActionsTaskExecuter.executeIfValid(ExecuteActionsTaskExecuter.java:128)
	at org.gradle.api.internal.tasks.execution.ExecuteActionsTaskExecuter.execute(ExecuteActionsTaskExecuter.java:116)
	at org.gradle.api.internal.tasks.execution.FinalizePropertiesTaskExecuter.execute(FinalizePropertiesTaskExecuter.java:46)
	at org.gradle.api.internal.tasks.execution.ResolveTaskExecutionModeExecuter.execute(ResolveTaskExecutionModeExecuter.java:51)
	at org.gradle.api.internal.tasks.execution.SkipTaskWithNoActionsExecuter.execute(SkipTaskWithNoActionsExecuter.java:57)
	at org.gradle.api.internal.tasks.execution.SkipOnlyIfTaskExecuter.execute(SkipOnlyIfTaskExecuter.java:74)
	at org.gradle.api.internal.tasks.execution.CatchExceptionTaskExecuter.execute(CatchExceptionTaskExecuter.java:36)
	at org.gradle.api.internal.tasks.execution.EventFiringTaskExecuter$1.executeTask(EventFiringTaskExecuter.java:77)
	at org.gradle.api.internal.tasks.execution.EventFiringTaskExecuter$1.call(EventFiringTaskExecuter.java:55)
	at org.gradle.api.internal.tasks.execution.EventFiringTaskExecuter$1.call(EventFiringTaskExecuter.java:52)
	at org.gradle.internal.operations.DefaultBuildOperationRunner$CallableBuildOperationWorker.execute(DefaultBuildOperationRunner.java:200)
	at org.gradle.internal.operations.DefaultBuildOperationRunner$CallableBuildOperationWorker.execute(DefaultBuildOperationRunner.java:195)
	at org.gradle.internal.operations.DefaultBuildOperationRunner$2.execute(DefaultBuildOperationRunner.java:66)
	at org.gradle.internal.operations.DefaultBuildOperationRunner$2.execute(DefaultBuildOperationRunner.java:59)
	at org.gradle.internal.operations.DefaultBuildOperationRunner.execute(DefaultBuildOperationRunner.java:157)
	at org.gradle.internal.operations.DefaultBuildOperationRunner.execute(DefaultBuildOperationRunner.java:59)
	at org.gradle.internal.operations.DefaultBuildOperationRunner.call(DefaultBuildOperationRunner.java:53)
	at org.gradle.internal.operations.DefaultBuildOperationExecutor.call(DefaultBuildOperationExecutor.java:73)
	at org.gradle.api.internal.tasks.execution.EventFiringTaskExecuter.execute(EventFiringTaskExecuter.java:52)
	at org.gradle.execution.plan.LocalTaskNodeExecutor.execute(LocalTaskNodeExecutor.java:42)
	at org.gradle.execution.taskgraph.DefaultTaskExecutionGraph$InvokeNodeExecutorsAction.execute(DefaultTaskExecutionGraph.java:331)
	at org.gradle.execution.taskgraph.DefaultTaskExecutionGraph$InvokeNodeExecutorsAction.execute(DefaultTaskExecutionGraph.java:318)
	at org.gradle.execution.taskgraph.DefaultTaskExecutionGraph$BuildOperationAwareExecutionAction.lambda$execute$0(DefaultTaskExecutionGraph.java:314)
	at org.gradle.internal.operations.CurrentBuildOperationRef.with(CurrentBuildOperationRef.java:80)
	at org.gradle.execution.taskgraph.DefaultTaskExecutionGraph$BuildOperationAwareExecutionAction.execute(DefaultTaskExecutionGraph.java:314)
	at org.gradle.execution.taskgraph.DefaultTaskExecutionGraph$BuildOperationAwareExecutionAction.execute(DefaultTaskExecutionGraph.java:303)
	at org.gradle.execution.plan.DefaultPlanExecutor$ExecutorWorker.execute(DefaultPlanExecutor.java:463)
	at org.gradle.execution.plan.DefaultPlanExecutor$ExecutorWorker.run(DefaultPlanExecutor.java:380)
	at org.gradle.execution.plan.DefaultPlanExecutor.process(DefaultPlanExecutor.java:116)
	at org.gradle.execution.taskgraph.DefaultTaskExecutionGraph.executeWithServices(DefaultTaskExecutionGraph.java:138)
	at org.gradle.execution.taskgraph.DefaultTaskExecutionGraph.execute(DefaultTaskExecutionGraph.java:123)
	at org.gradle.execution.SelectedTaskExecutionAction.execute(SelectedTaskExecutionAction.java:35)
	at org.gradle.execution.DryRunBuildExecutionAction.execute(DryRunBuildExecutionAction.java:51)
	at org.gradle.execution.BuildOperationFiringBuildWorkerExecutor$ExecuteTasks.call(BuildOperationFiringBuildWorkerExecutor.java:54)
	at org.gradle.execution.BuildOperationFiringBuildWorkerExecutor$ExecuteTasks.call(BuildOperationFiringBuildWorkerExecutor.java:43)
	at org.gradle.internal.operations.DefaultBuildOperationRunner$CallableBuildOperationWorker.execute(DefaultBuildOperationRunner.java:200)
	at org.gradle.internal.operations.DefaultBuildOperationRunner$CallableBuildOperationWorker.execute(DefaultBuildOperationRunner.java:195)
	at org.gradle.internal.operations.DefaultBuildOperationRunner$2.execute(DefaultBuildOperationRunner.java:66)
	at org.gradle.internal.operations.DefaultBuildOperationRunner$2.execute(DefaultBuildOperationRunner.java:59)
	at org.gradle.internal.operations.DefaultBuildOperationRunner.execute(DefaultBuildOperationRunner.java:157)
	at org.gradle.internal.operations.DefaultBuildOperationRunner.execute(DefaultBuildOperationRunner.java:59)
	at org.gradle.internal.operations.DefaultBuildOperationRunner.call(DefaultBuildOperationRunner.java:53)
	at org.gradle.internal.operations.DefaultBuildOperationExecutor.call(DefaultBuildOperationExecutor.java:73)
	at org.gradle.execution.BuildOperationFiringBuildWorkerExecutor.execute(BuildOperationFiringBuildWorkerExecutor.java:40)
	at org.gradle.internal.build.DefaultBuildLifecycleController.lambda$executeTasks$10(DefaultBuildLifecycleController.java:313)
	at org.gradle.internal.model.StateTransitionController.doTransition(StateTransitionController.java:266)
	at org.gradle.internal.model.StateTransitionController.lambda$tryTransition$8(StateTransitionController.java:177)
	at org.gradle.internal.work.DefaultSynchronizer.withLock(DefaultSynchronizer.java:44)
	at org.gradle.internal.model.StateTransitionController.tryTransition(StateTransitionController.java:177)
	at org.gradle.internal.build.DefaultBuildLifecycleController.executeTasks(DefaultBuildLifecycleController.java:304)
	at org.gradle.internal.build.DefaultBuildWorkGraphController$DefaultBuildWorkGraph.runWork(DefaultBuildWorkGraphController.java:220)
	at org.gradle.internal.work.DefaultWorkerLeaseService.withLocks(DefaultWorkerLeaseService.java:264)
	at org.gradle.internal.work.DefaultWorkerLeaseService.runAsWorkerThread(DefaultWorkerLeaseService.java:128)
	at org.gradle.composite.internal.DefaultBuildController.doRun(DefaultBuildController.java:181)
	at org.gradle.composite.internal.DefaultBuildController.access$000(DefaultBuildController.java:50)
	at org.gradle.composite.internal.DefaultBuildController$BuildOpRunnable.lambda$run$0(DefaultBuildController.java:198)
	at org.gradle.internal.operations.CurrentBuildOperationRef.with(CurrentBuildOperationRef.java:80)
	at org.gradle.composite.internal.DefaultBuildController$BuildOpRunnable.run(DefaultBuildController.java:198)
	at org.gradle.internal.concurrent.ExecutorPolicy$CatchAndRecordFailures.onExecute(ExecutorPolicy.java:64)
	at org.gradle.internal.concurrent.AbstractManagedExecutor$1.run(AbstractManagedExecutor.java:47)
Caused by: org.gradle.workers.internal.DefaultWorkerExecutor$WorkExecutionException: A failure occurred while executing org.jetbrains.kotlin.compilerRunner.GradleCompilerRunnerWithWorkers$GradleKotlinCompilerWorkAction
	at org.gradle.workers.internal.DefaultWorkerExecutor$WorkItemExecution.waitForCompletion(DefaultWorkerExecutor.java:287)
	at org.gradle.internal.work.DefaultAsyncWorkTracker.lambda$waitForItemsAndGatherFailures$2(DefaultAsyncWorkTracker.java:130)
	at org.gradle.internal.Factories$1.create(Factories.java:31)
	at org.gradle.internal.work.DefaultWorkerLeaseService.withoutLocks(DefaultWorkerLeaseService.java:336)
	at org.gradle.internal.work.DefaultWorkerLeaseService.withoutLocks(DefaultWorkerLeaseService.java:319)
	at org.gradle.internal.work.DefaultWorkerLeaseService.withoutLock(DefaultWorkerLeaseService.java:324)
	at org.gradle.internal.work.DefaultAsyncWorkTracker.waitForItemsAndGatherFailures(DefaultAsyncWorkTracker.java:126)
	at org.gradle.internal.work.DefaultAsyncWorkTracker.waitForItemsAndGatherFailures(DefaultAsyncWorkTracker.java:92)
	at org.gradle.internal.work.DefaultAsyncWorkTracker.waitForAll(DefaultAsyncWorkTracker.java:78)
	at org.gradle.internal.work.DefaultAsyncWorkTracker.waitForCompletion(DefaultAsyncWorkTracker.java:66)
	at org.gradle.api.internal.tasks.execution.TaskExecution$3.run(TaskExecution.java:252)
	at org.gradle.internal.operations.DefaultBuildOperationRunner$1.execute(DefaultBuildOperationRunner.java:29)
	at org.gradle.internal.operations.DefaultBuildOperationRunner$1.execute(DefaultBuildOperationRunner.java:26)
	at org.gradle.internal.operations.DefaultBuildOperationRunner$2.execute(DefaultBuildOperationRunner.java:66)
	at org.gradle.internal.operations.DefaultBuildOperationRunner$2.execute(DefaultBuildOperationRunner.java:59)
	at org.gradle.internal.operations.DefaultBuildOperationRunner.execute(DefaultBuildOperationRunner.java:157)
	at org.gradle.internal.operations.DefaultBuildOperationRunner.execute(DefaultBuildOperationRunner.java:59)
	at org.gradle.internal.operations.DefaultBuildOperationRunner.run(DefaultBuildOperationRunner.java:47)
	at org.gradle.internal.operations.DefaultBuildOperationExecutor.run(DefaultBuildOperationExecutor.java:68)
	at org.gradle.api.internal.tasks.execution.TaskExecution.executeAction(TaskExecution.java:229)
	at org.gradle.api.internal.tasks.execution.TaskExecution.executeActions(TaskExecution.java:212)
	at org.gradle.api.internal.tasks.execution.TaskExecution.executeWithPreviousOutputFiles(TaskExecution.java:195)
	at org.gradle.api.internal.tasks.execution.TaskExecution.execute(TaskExecution.java:162)
	at org.gradle.internal.execution.steps.ExecuteStep.executeInternal(ExecuteStep.java:105)
	at org.gradle.internal.execution.steps.ExecuteStep.access$000(ExecuteStep.java:44)
	at org.gradle.internal.execution.steps.ExecuteStep$1.call(ExecuteStep.java:59)
	at org.gradle.internal.execution.steps.ExecuteStep$1.call(ExecuteStep.java:56)
	at org.gradle.internal.operations.DefaultBuildOperationRunner$CallableBuildOperationWorker.execute(DefaultBuildOperationRunner.java:200)
	at org.gradle.internal.operations.DefaultBuildOperationRunner$CallableBuildOperationWorker.execute(DefaultBuildOperationRunner.java:195)
	at org.gradle.internal.operations.DefaultBuildOperationRunner$2.execute(DefaultBuildOperationRunner.java:66)
	at org.gradle.internal.operations.DefaultBuildOperationRunner$2.execute(DefaultBuildOperationRunner.java:59)
	at org.gradle.internal.operations.DefaultBuildOperationRunner.execute(DefaultBuildOperationRunner.java:157)
	at org.gradle.internal.operations.DefaultBuildOperationRunner.execute(DefaultBuildOperationRunner.java:59)
	at org.gradle.internal.operations.DefaultBuildOperationRunner.call(DefaultBuildOperationRunner.java:53)
	at org.gradle.internal.operations.DefaultBuildOperationExecutor.call(DefaultBuildOperationExecutor.java:73)
	at org.gradle.internal.execution.steps.ExecuteStep.execute(ExecuteStep.java:56)
	at org.gradle.internal.execution.steps.ExecuteStep.execute(ExecuteStep.java:44)
	at org.gradle.internal.execution.steps.CancelExecutionStep.execute(CancelExecutionStep.java:41)
	at org.gradle.internal.execution.steps.TimeoutStep.executeWithoutTimeout(TimeoutStep.java:74)
	at org.gradle.internal.execution.steps.TimeoutStep.execute(TimeoutStep.java:55)
	at org.gradle.internal.execution.steps.PreCreateOutputParentsStep.execute(PreCreateOutputParentsStep.java:50)
	at org.gradle.internal.execution.steps.PreCreateOutputParentsStep.execute(PreCreateOutputParentsStep.java:28)
	at org.gradle.internal.execution.steps.RemovePreviousOutputsStep.execute(RemovePreviousOutputsStep.java:67)
	at org.gradle.internal.execution.steps.RemovePreviousOutputsStep.execute(RemovePreviousOutputsStep.java:37)
	at org.gradle.internal.execution.steps.BroadcastChangingOutputsStep.execute(BroadcastChangingOutputsStep.java:61)
	at org.gradle.internal.execution.steps.BroadcastChangingOutputsStep.execute(BroadcastChangingOutputsStep.java:26)
	at org.gradle.internal.execution.steps.CaptureOutputsAfterExecutionStep.execute(CaptureOutputsAfterExecutionStep.java:67)
	at org.gradle.internal.execution.steps.CaptureOutputsAfterExecutionStep.execute(CaptureOutputsAfterExecutionStep.java:45)
	at org.gradle.internal.execution.steps.ResolveInputChangesStep.execute(ResolveInputChangesStep.java:40)
	at org.gradle.internal.execution.steps.ResolveInputChangesStep.execute(ResolveInputChangesStep.java:29)
	at org.gradle.internal.execution.steps.BuildCacheStep.executeWithoutCache(BuildCacheStep.java:189)
	at org.gradle.internal.execution.steps.BuildCacheStep.lambda$execute$1(BuildCacheStep.java:75)
	at org.gradle.internal.Either$Right.fold(Either.java:175)
	at org.gradle.internal.execution.caching.CachingState.fold(CachingState.java:62)
	at org.gradle.internal.execution.steps.BuildCacheStep.execute(BuildCacheStep.java:73)
	at org.gradle.internal.execution.steps.BuildCacheStep.execute(BuildCacheStep.java:48)
	at org.gradle.internal.execution.steps.StoreExecutionStateStep.execute(StoreExecutionStateStep.java:46)
	at org.gradle.internal.execution.steps.StoreExecutionStateStep.execute(StoreExecutionStateStep.java:35)
	at org.gradle.internal.execution.steps.SkipUpToDateStep.executeBecause(SkipUpToDateStep.java:76)
	at org.gradle.internal.execution.steps.SkipUpToDateStep.lambda$execute$2(SkipUpToDateStep.java:54)
	at org.gradle.internal.execution.steps.SkipUpToDateStep.execute(SkipUpToDateStep.java:54)
	at org.gradle.internal.execution.steps.SkipUpToDateStep.execute(SkipUpToDateStep.java:36)
	at org.gradle.internal.execution.steps.legacy.MarkSnapshottingInputsFinishedStep.execute(MarkSnapshottingInputsFinishedStep.java:37)
	at org.gradle.internal.execution.steps.legacy.MarkSnapshottingInputsFinishedStep.execute(MarkSnapshottingInputsFinishedStep.java:27)
	at org.gradle.internal.execution.steps.ResolveIncrementalCachingStateStep.executeDelegate(ResolveIncrementalCachingStateStep.java:49)
	at org.gradle.internal.execution.steps.ResolveIncrementalCachingStateStep.executeDelegate(ResolveIncrementalCachingStateStep.java:27)
	at org.gradle.internal.execution.steps.AbstractResolveCachingStateStep.execute(AbstractResolveCachingStateStep.java:71)
	at org.gradle.internal.execution.steps.AbstractResolveCachingStateStep.execute(AbstractResolveCachingStateStep.java:39)
	at org.gradle.internal.execution.steps.ResolveChangesStep.execute(ResolveChangesStep.java:65)
	at org.gradle.internal.execution.steps.ResolveChangesStep.execute(ResolveChangesStep.java:36)
	at org.gradle.internal.execution.steps.ValidateStep.execute(ValidateStep.java:106)
	at org.gradle.internal.execution.steps.ValidateStep.execute(ValidateStep.java:55)
	at org.gradle.internal.execution.steps.AbstractCaptureStateBeforeExecutionStep.execute(AbstractCaptureStateBeforeExecutionStep.java:64)
	at org.gradle.internal.execution.steps.AbstractCaptureStateBeforeExecutionStep.execute(AbstractCaptureStateBeforeExecutionStep.java:43)
	at org.gradle.internal.execution.steps.AbstractSkipEmptyWorkStep.executeWithNonEmptySources(AbstractSkipEmptyWorkStep.java:125)
	at org.gradle.internal.execution.steps.AbstractSkipEmptyWorkStep.execute(AbstractSkipEmptyWorkStep.java:56)
	at org.gradle.internal.execution.steps.AbstractSkipEmptyWorkStep.execute(AbstractSkipEmptyWorkStep.java:36)
	at org.gradle.internal.execution.steps.legacy.MarkSnapshottingInputsStartedStep.execute(MarkSnapshottingInputsStartedStep.java:38)
	at org.gradle.internal.execution.steps.LoadPreviousExecutionStateStep.execute(LoadPreviousExecutionStateStep.java:36)
	at org.gradle.internal.execution.steps.LoadPreviousExecutionStateStep.execute(LoadPreviousExecutionStateStep.java:23)
	at org.gradle.internal.execution.steps.HandleStaleOutputsStep.execute(HandleStaleOutputsStep.java:75)
	at org.gradle.internal.execution.steps.HandleStaleOutputsStep.execute(HandleStaleOutputsStep.java:41)
	at org.gradle.internal.execution.steps.AssignMutableWorkspaceStep.lambda$execute$0(AssignMutableWorkspaceStep.java:35)
	at org.gradle.api.internal.tasks.execution.TaskExecution$4.withWorkspace(TaskExecution.java:289)
	at org.gradle.internal.execution.steps.AssignMutableWorkspaceStep.execute(AssignMutableWorkspaceStep.java:31)
	at org.gradle.internal.execution.steps.AssignMutableWorkspaceStep.execute(AssignMutableWorkspaceStep.java:22)
	at org.gradle.internal.execution.steps.ChoosePipelineStep.execute(ChoosePipelineStep.java:40)
	at org.gradle.internal.execution.steps.ChoosePipelineStep.execute(ChoosePipelineStep.java:23)
	at org.gradle.internal.execution.steps.ExecuteWorkBuildOperationFiringStep.lambda$execute$2(ExecuteWorkBuildOperationFiringStep.java:67)
	at org.gradle.internal.execution.steps.ExecuteWorkBuildOperationFiringStep.execute(ExecuteWorkBuildOperationFiringStep.java:67)
	at org.gradle.internal.execution.steps.ExecuteWorkBuildOperationFiringStep.execute(ExecuteWorkBuildOperationFiringStep.java:39)
	at org.gradle.internal.execution.steps.IdentityCacheStep.execute(IdentityCacheStep.java:46)
	at org.gradle.internal.execution.steps.IdentityCacheStep.execute(IdentityCacheStep.java:34)
	at org.gradle.internal.execution.steps.IdentifyStep.execute(IdentifyStep.java:48)
	at org.gradle.internal.execution.steps.IdentifyStep.execute(IdentifyStep.java:35)
	at org.gradle.internal.execution.impl.DefaultExecutionEngine$1.execute(DefaultExecutionEngine.java:61)
	at org.gradle.api.internal.tasks.execution.ExecuteActionsTaskExecuter.executeIfValid(ExecuteActionsTaskExecuter.java:127)
	at org.gradle.api.internal.tasks.execution.ExecuteActionsTaskExecuter.execute(ExecuteActionsTaskExecuter.java:116)
	at org.gradle.api.internal.tasks.execution.FinalizePropertiesTaskExecuter.execute(FinalizePropertiesTaskExecuter.java:46)
	at org.gradle.api.internal.tasks.execution.ResolveTaskExecutionModeExecuter.execute(ResolveTaskExecutionModeExecuter.java:51)
	at org.gradle.api.internal.tasks.execution.SkipTaskWithNoActionsExecuter.execute(SkipTaskWithNoActionsExecuter.java:57)
	at org.gradle.api.internal.tasks.execution.SkipOnlyIfTaskExecuter.execute(SkipOnlyIfTaskExecuter.java:74)
	at org.gradle.api.internal.tasks.execution.CatchExceptionTaskExecuter.execute(CatchExceptionTaskExecuter.java:36)
	at org.gradle.api.internal.tasks.execution.EventFiringTaskExecuter$1.executeTask(EventFiringTaskExecuter.java:77)
	at org.gradle.api.internal.tasks.execution.EventFiringTaskExecuter$1.call(EventFiringTaskExecuter.java:55)
	at org.gradle.api.internal.tasks.execution.EventFiringTaskExecuter$1.call(EventFiringTaskExecuter.java:52)
	at org.gradle.internal.operations.DefaultBuildOperationRunner$CallableBuildOperationWorker.execute(DefaultBuildOperationRunner.java:200)
	at org.gradle.internal.operations.DefaultBuildOperationRunner$CallableBuildOperationWorker.execute(DefaultBuildOperationRunner.java:195)
	at org.gradle.internal.operations.DefaultBuildOperationRunner$2.execute(DefaultBuildOperationRunner.java:66)
	at org.gradle.internal.operations.DefaultBuildOperationRunner$2.execute(DefaultBuildOperationRunner.java:59)
	at org.gradle.internal.operations.DefaultBuildOperationRunner.execute(DefaultBuildOperationRunner.java:157)
	at org.gradle.internal.operations.DefaultBuildOperationRunner.execute(DefaultBuildOperationRunner.java:59)
	at org.gradle.internal.operations.DefaultBuildOperationRunner.call(DefaultBuildOperationRunner.java:53)
	at org.gradle.internal.operations.DefaultBuildOperationExecutor.call(DefaultBuildOperationExecutor.java:73)
	at org.gradle.api.internal.tasks.execution.EventFiringTaskExecuter.execute(EventFiringTaskExecuter.java:52)
	at org.gradle.execution.plan.LocalTaskNodeExecutor.execute(LocalTaskNodeExecutor.java:42)
	at org.gradle.execution.taskgraph.DefaultTaskExecutionGraph$InvokeNodeExecutorsAction.execute(DefaultTaskExecutionGraph.java:331)
	at org.gradle.execution.taskgraph.DefaultTaskExecutionGraph$InvokeNodeExecutorsAction.execute(DefaultTaskExecutionGraph.java:318)
	at org.gradle.execution.taskgraph.DefaultTaskExecutionGraph$BuildOperationAwareExecutionAction.lambda$execute$0(DefaultTaskExecutionGraph.java:314)
	at org.gradle.internal.operations.CurrentBuildOperationRef.with(CurrentBuildOperationRef.java:80)
	at org.gradle.execution.taskgraph.DefaultTaskExecutionGraph$BuildOperationAwareExecutionAction.execute(DefaultTaskExecutionGraph.java:314)
	at org.gradle.execution.taskgraph.DefaultTaskExecutionGraph$BuildOperationAwareExecutionAction.execute(DefaultTaskExecutionGraph.java:303)
	at org.gradle.execution.plan.DefaultPlanExecutor$ExecutorWorker.execute(DefaultPlanExecutor.java:463)
	at org.gradle.execution.plan.DefaultPlanExecutor$ExecutorWorker.run(DefaultPlanExecutor.java:380)
	at org.gradle.execution.plan.DefaultPlanExecutor.process(DefaultPlanExecutor.java:116)
	at org.gradle.execution.taskgraph.DefaultTaskExecutionGraph.executeWithServices(DefaultTaskExecutionGraph.java:138)
	at org.gradle.execution.taskgraph.DefaultTaskExecutionGraph.execute(DefaultTaskExecutionGraph.java:123)
	at org.gradle.execution.SelectedTaskExecutionAction.execute(SelectedTaskExecutionAction.java:35)
	at org.gradle.execution.DryRunBuildExecutionAction.execute(DryRunBuildExecutionAction.java:51)
	at org.gradle.execution.BuildOperationFiringBuildWorkerExecutor$ExecuteTasks.call(BuildOperationFiringBuildWorkerExecutor.java:54)
	at org.gradle.execution.BuildOperationFiringBuildWorkerExecutor$ExecuteTasks.call(BuildOperationFiringBuildWorkerExecutor.java:43)
	at org.gradle.internal.operations.DefaultBuildOperationRunner$CallableBuildOperationWorker.execute(DefaultBuildOperationRunner.java:200)
	at org.gradle.internal.operations.DefaultBuildOperationRunner$CallableBuildOperationWorker.execute(DefaultBuildOperationRunner.java:195)
	at org.gradle.internal.operations.DefaultBuildOperationRunner$2.execute(DefaultBuildOperationRunner.java:66)
	at org.gradle.internal.operations.DefaultBuildOperationRunner$2.execute(DefaultBuildOperationRunner.java:59)
	at org.gradle.internal.operations.DefaultBuildOperationRunner.execute(DefaultBuildOperationRunner.java:157)
	at org.gradle.internal.operations.DefaultBuildOperationRunner.execute(DefaultBuildOperationRunner.java:59)
	at org.gradle.internal.operations.DefaultBuildOperationRunner.call(DefaultBuildOperationRunner.java:53)
	at org.gradle.internal.operations.DefaultBuildOperationExecutor.call(DefaultBuildOperationExecutor.java:73)
	at org.gradle.execution.BuildOperationFiringBuildWorkerExecutor.execute(BuildOperationFiringBuildWorkerExecutor.java:40)
	at org.gradle.internal.build.DefaultBuildLifecycleController.lambda$executeTasks$10(DefaultBuildLifecycleController.java:313)
	at org.gradle.internal.model.StateTransitionController.doTransition(StateTransitionController.java:266)
	at org.gradle.internal.model.StateTransitionController.lambda$tryTransition$8(StateTransitionController.java:177)
	at org.gradle.internal.work.DefaultSynchronizer.withLock(DefaultSynchronizer.java:44)
	at org.gradle.internal.model.StateTransitionController.tryTransition(StateTransitionController.java:177)
	at org.gradle.internal.build.DefaultBuildLifecycleController.executeTasks(DefaultBuildLifecycleController.java:304)
	at org.gradle.internal.build.DefaultBuildWorkGraphController$DefaultBuildWorkGraph.runWork(DefaultBuildWorkGraphController.java:220)
	at org.gradle.internal.work.DefaultWorkerLeaseService.withLocks(DefaultWorkerLeaseService.java:264)
	at org.gradle.internal.work.DefaultWorkerLeaseService.runAsWorkerThread(DefaultWorkerLeaseService.java:128)
	at org.gradle.composite.internal.DefaultBuildController.doRun(DefaultBuildController.java:181)
	at org.gradle.composite.internal.DefaultBuildController.access$000(DefaultBuildController.java:50)
	at org.gradle.composite.internal.DefaultBuildController$BuildOpRunnable.lambda$run$0(DefaultBuildController.java:198)
	at org.gradle.internal.operations.CurrentBuildOperationRef.with(CurrentBuildOperationRef.java:80)
	at org.gradle.composite.internal.DefaultBuildController$BuildOpRunnable.run(DefaultBuildController.java:198)
	at org.gradle.internal.concurrent.ExecutorPolicy$CatchAndRecordFailures.onExecute(ExecutorPolicy.java:64)
	at org.gradle.internal.concurrent.AbstractManagedExecutor$1.run(AbstractManagedExecutor.java:47)
Caused by: org.jetbrains.kotlin.gradle.tasks.FailedCompilationException: Internal compiler error. See log for more details
	at org.jetbrains.kotlin.gradle.tasks.TasksUtilsKt.throwExceptionIfCompilationFailed(tasksUtils.kt:23)
	at org.jetbrains.kotlin.compilerRunner.GradleKotlinCompilerWork.run(GradleKotlinCompilerWork.kt:144)
	at org.jetbrains.kotlin.compilerRunner.GradleCompilerRunnerWithWorkers$GradleKotlinCompilerWorkAction.execute(GradleCompilerRunnerWithWorkers.kt:76)
	at org.gradle.workers.internal.DefaultWorkerServer.execute(DefaultWorkerServer.java:63)
	at org.gradle.workers.internal.NoIsolationWorkerFactory$1$1.create(NoIsolationWorkerFactory.java:66)
	at org.gradle.workers.internal.NoIsolationWorkerFactory$1$1.create(NoIsolationWorkerFactory.java:62)
	at org.gradle.internal.classloader.ClassLoaderUtils.executeInClassloader(ClassLoaderUtils.java:100)
	at org.gradle.workers.internal.NoIsolationWorkerFactory$1.lambda$execute$0(NoIsolationWorkerFactory.java:62)
	at org.gradle.workers.internal.AbstractWorker$1.call(AbstractWorker.java:44)
	at org.gradle.workers.internal.AbstractWorker$1.call(AbstractWorker.java:41)
	at org.gradle.internal.operations.DefaultBuildOperationRunner$CallableBuildOperationWorker.execute(DefaultBuildOperationRunner.java:200)
	at org.gradle.internal.operations.DefaultBuildOperationRunner$CallableBuildOperationWorker.execute(DefaultBuildOperationRunner.java:195)
	at org.gradle.internal.operations.DefaultBuildOperationRunner$2.execute(DefaultBuildOperationRunner.java:66)
	at org.gradle.internal.operations.DefaultBuildOperationRunner$2.execute(DefaultBuildOperationRunner.java:59)
	at org.gradle.internal.operations.DefaultBuildOperationRunner.execute(DefaultBuildOperationRunner.java:157)
	at org.gradle.internal.operations.DefaultBuildOperationRunner.execute(DefaultBuildOperationRunner.java:59)
	at org.gradle.internal.operations.DefaultBuildOperationRunner.call(DefaultBuildOperationRunner.java:53)
	at org.gradle.internal.operations.DefaultBuildOperationExecutor.call(DefaultBuildOperationExecutor.java:73)
	at org.gradle.workers.internal.AbstractWorker.executeWrappedInBuildOperation(AbstractWorker.java:41)
	at org.gradle.workers.internal.NoIsolationWorkerFactory$1.execute(NoIsolationWorkerFactory.java:59)
	at org.gradle.workers.internal.DefaultWorkerExecutor.lambda$submitWork$0(DefaultWorkerExecutor.java:174)
	at org.gradle.internal.work.DefaultConditionalExecutionQueue$ExecutionRunner.runExecution(DefaultConditionalExecutionQueue.java:187)
	at org.gradle.internal.work.DefaultConditionalExecutionQueue$ExecutionRunner.access$700(DefaultConditionalExecutionQueue.java:120)
	at org.gradle.internal.work.DefaultConditionalExecutionQueue$ExecutionRunner$1.run(DefaultConditionalExecutionQueue.java:162)
	at org.gradle.internal.Factories$1.create(Factories.java:31)
	at org.gradle.internal.work.DefaultWorkerLeaseService.withLocks(DefaultWorkerLeaseService.java:264)
	at org.gradle.internal.work.DefaultWorkerLeaseService.runAsWorkerThread(DefaultWorkerLeaseService.java:128)
	at org.gradle.internal.work.DefaultWorkerLeaseService.runAsWorkerThread(DefaultWorkerLeaseService.java:133)
	at org.gradle.internal.work.DefaultConditionalExecutionQueue$ExecutionRunner.runBatch(DefaultConditionalExecutionQueue.java:157)
	at org.gradle.internal.work.DefaultConditionalExecutionQueue$ExecutionRunner.run(DefaultConditionalExecutionQueue.java:126)
	... 2 more

==============================================================================

2: Task failed with an exception.
-----------
* What went wrong:
Execution failed for task ':app:kaptGenerateStubsDebugKotlin'.
> A failure occurred while executing org.jetbrains.kotlin.compilerRunner.GradleCompilerRunnerWithWorkers$GradleKotlinCompilerWorkAction
   > Internal compiler error. See log for more details

* Try:
> Run with --debug option to get more log output.
> Run with --scan to get full insights.
> Get more help at https://help.gradle.org.

* Exception is:
org.gradle.api.tasks.TaskExecutionException: Execution failed for task ':app:kaptGenerateStubsDebugKotlin'.
	at org.gradle.api.internal.tasks.execution.ExecuteActionsTaskExecuter.lambda$executeIfValid$1(ExecuteActionsTaskExecuter.java:130)
	at org.gradle.internal.Try$Failure.ifSuccessfulOrElse(Try.java:282)
	at org.gradle.api.internal.tasks.execution.ExecuteActionsTaskExecuter.executeIfValid(ExecuteActionsTaskExecuter.java:128)
	at org.gradle.api.internal.tasks.execution.ExecuteActionsTaskExecuter.execute(ExecuteActionsTaskExecuter.java:116)
	at org.gradle.api.internal.tasks.execution.FinalizePropertiesTaskExecuter.execute(FinalizePropertiesTaskExecuter.java:46)
	at org.gradle.api.internal.tasks.execution.ResolveTaskExecutionModeExecuter.execute(ResolveTaskExecutionModeExecuter.java:51)
	at org.gradle.api.internal.tasks.execution.SkipTaskWithNoActionsExecuter.execute(SkipTaskWithNoActionsExecuter.java:57)
	at org.gradle.api.internal.tasks.execution.SkipOnlyIfTaskExecuter.execute(SkipOnlyIfTaskExecuter.java:74)
	at org.gradle.api.internal.tasks.execution.CatchExceptionTaskExecuter.execute(CatchExceptionTaskExecuter.java:36)
	at org.gradle.api.internal.tasks.execution.EventFiringTaskExecuter$1.executeTask(EventFiringTaskExecuter.java:77)
	at org.gradle.api.internal.tasks.execution.EventFiringTaskExecuter$1.call(EventFiringTaskExecuter.java:55)
	at org.gradle.api.internal.tasks.execution.EventFiringTaskExecuter$1.call(EventFiringTaskExecuter.java:52)
	at org.gradle.internal.operations.DefaultBuildOperationRunner$CallableBuildOperationWorker.execute(DefaultBuildOperationRunner.java:200)
	at org.gradle.internal.operations.DefaultBuildOperationRunner$CallableBuildOperationWorker.execute(DefaultBuildOperationRunner.java:195)
	at org.gradle.internal.operations.DefaultBuildOperationRunner$2.execute(DefaultBuildOperationRunner.java:66)
	at org.gradle.internal.operations.DefaultBuildOperationRunner$2.execute(DefaultBuildOperationRunner.java:59)
	at org.gradle.internal.operations.DefaultBuildOperationRunner.execute(DefaultBuildOperationRunner.java:157)
	at org.gradle.internal.operations.DefaultBuildOperationRunner.execute(DefaultBuildOperationRunner.java:59)
	at org.gradle.internal.operations.DefaultBuildOperationRunner.call(DefaultBuildOperationRunner.java:53)
	at org.gradle.internal.operations.DefaultBuildOperationExecutor.call(DefaultBuildOperationExecutor.java:73)
	at org.gradle.api.internal.tasks.execution.EventFiringTaskExecuter.execute(EventFiringTaskExecuter.java:52)
	at org.gradle.execution.plan.LocalTaskNodeExecutor.execute(LocalTaskNodeExecutor.java:42)
	at org.gradle.execution.taskgraph.DefaultTaskExecutionGraph$InvokeNodeExecutorsAction.execute(DefaultTaskExecutionGraph.java:331)
	at org.gradle.execution.taskgraph.DefaultTaskExecutionGraph$InvokeNodeExecutorsAction.execute(DefaultTaskExecutionGraph.java:318)
	at org.gradle.execution.taskgraph.DefaultTaskExecutionGraph$BuildOperationAwareExecutionAction.lambda$execute$0(DefaultTaskExecutionGraph.java:314)
	at org.gradle.internal.operations.CurrentBuildOperationRef.with(CurrentBuildOperationRef.java:80)
	at org.gradle.execution.taskgraph.DefaultTaskExecutionGraph$BuildOperationAwareExecutionAction.execute(DefaultTaskExecutionGraph.java:314)
	at org.gradle.execution.taskgraph.DefaultTaskExecutionGraph$BuildOperationAwareExecutionAction.execute(DefaultTaskExecutionGraph.java:303)
	at org.gradle.execution.plan.DefaultPlanExecutor$ExecutorWorker.execute(DefaultPlanExecutor.java:463)
	at org.gradle.execution.plan.DefaultPlanExecutor$ExecutorWorker.run(DefaultPlanExecutor.java:380)
	at org.gradle.internal.concurrent.ExecutorPolicy$CatchAndRecordFailures.onExecute(ExecutorPolicy.java:64)
	at org.gradle.internal.concurrent.AbstractManagedExecutor$1.run(AbstractManagedExecutor.java:47)
	at java.base/java.util.concurrent.ThreadPoolExecutor.runWorker(ThreadPoolExecutor.java:1144)
	at java.base/java.util.concurrent.ThreadPoolExecutor$Worker.run(ThreadPoolExecutor.java:642)
	at java.base/java.lang.Thread.run(Thread.java:1583)
Caused by: org.gradle.workers.internal.DefaultWorkerExecutor$WorkExecutionException: A failure occurred while executing org.jetbrains.kotlin.compilerRunner.GradleCompilerRunnerWithWorkers$GradleKotlinCompilerWorkAction
	at org.gradle.workers.internal.DefaultWorkerExecutor$WorkItemExecution.waitForCompletion(DefaultWorkerExecutor.java:287)
	at org.gradle.internal.work.DefaultAsyncWorkTracker.lambda$waitForItemsAndGatherFailures$2(DefaultAsyncWorkTracker.java:130)
	at org.gradle.internal.Factories$1.create(Factories.java:31)
	at org.gradle.internal.work.DefaultWorkerLeaseService.withoutLocks(DefaultWorkerLeaseService.java:336)
	at org.gradle.internal.work.DefaultWorkerLeaseService.withoutLocks(DefaultWorkerLeaseService.java:319)
	at org.gradle.internal.work.DefaultWorkerLeaseService.withoutLock(DefaultWorkerLeaseService.java:324)
	at org.gradle.internal.work.DefaultAsyncWorkTracker.waitForItemsAndGatherFailures(DefaultAsyncWorkTracker.java:126)
	at org.gradle.internal.work.DefaultAsyncWorkTracker.waitForItemsAndGatherFailures(DefaultAsyncWorkTracker.java:92)
	at org.gradle.internal.work.DefaultAsyncWorkTracker.waitForAll(DefaultAsyncWorkTracker.java:78)
	at org.gradle.internal.work.DefaultAsyncWorkTracker.waitForCompletion(DefaultAsyncWorkTracker.java:66)
	at org.gradle.api.internal.tasks.execution.TaskExecution$3.run(TaskExecution.java:252)
	at org.gradle.internal.operations.DefaultBuildOperationRunner$1.execute(DefaultBuildOperationRunner.java:29)
	at org.gradle.internal.operations.DefaultBuildOperationRunner$1.execute(DefaultBuildOperationRunner.java:26)
	at org.gradle.internal.operations.DefaultBuildOperationRunner$2.execute(DefaultBuildOperationRunner.java:66)
	at org.gradle.internal.operations.DefaultBuildOperationRunner$2.execute(DefaultBuildOperationRunner.java:59)
	at org.gradle.internal.operations.DefaultBuildOperationRunner.execute(DefaultBuildOperationRunner.java:157)
	at org.gradle.internal.operations.DefaultBuildOperationRunner.execute(DefaultBuildOperationRunner.java:59)
	at org.gradle.internal.operations.DefaultBuildOperationRunner.run(DefaultBuildOperationRunner.java:47)
	at org.gradle.internal.operations.DefaultBuildOperationExecutor.run(DefaultBuildOperationExecutor.java:68)
	at org.gradle.api.internal.tasks.execution.TaskExecution.executeAction(TaskExecution.java:229)
	at org.gradle.api.internal.tasks.execution.TaskExecution.executeActions(TaskExecution.java:212)
	at org.gradle.api.internal.tasks.execution.TaskExecution.executeWithPreviousOutputFiles(TaskExecution.java:195)
	at org.gradle.api.internal.tasks.execution.TaskExecution.execute(TaskExecution.java:162)
	at org.gradle.internal.execution.steps.ExecuteStep.executeInternal(ExecuteStep.java:105)
	at org.gradle.internal.execution.steps.ExecuteStep.access$000(ExecuteStep.java:44)
	at org.gradle.internal.execution.steps.ExecuteStep$1.call(ExecuteStep.java:59)
	at org.gradle.internal.execution.steps.ExecuteStep$1.call(ExecuteStep.java:56)
	at org.gradle.internal.operations.DefaultBuildOperationRunner$CallableBuildOperationWorker.execute(DefaultBuildOperationRunner.java:200)
	at org.gradle.internal.operations.DefaultBuildOperationRunner$CallableBuildOperationWorker.execute(DefaultBuildOperationRunner.java:195)
	at org.gradle.internal.operations.DefaultBuildOperationRunner$2.execute(DefaultBuildOperationRunner.java:66)
	at org.gradle.internal.operations.DefaultBuildOperationRunner$2.execute(DefaultBuildOperationRunner.java:59)
	at org.gradle.internal.operations.DefaultBuildOperationRunner.execute(DefaultBuildOperationRunner.java:157)
	at org.gradle.internal.operations.DefaultBuildOperationRunner.execute(DefaultBuildOperationRunner.java:59)
	at org.gradle.internal.operations.DefaultBuildOperationRunner.call(DefaultBuildOperationRunner.java:53)
	at org.gradle.internal.operations.DefaultBuildOperationExecutor.call(DefaultBuildOperationExecutor.java:73)
	at org.gradle.internal.execution.steps.ExecuteStep.execute(ExecuteStep.java:56)
	at org.gradle.internal.execution.steps.ExecuteStep.execute(ExecuteStep.java:44)
	at org.gradle.internal.execution.steps.CancelExecutionStep.execute(CancelExecutionStep.java:41)
	at org.gradle.internal.execution.steps.TimeoutStep.executeWithoutTimeout(TimeoutStep.java:74)
	at org.gradle.internal.execution.steps.TimeoutStep.execute(TimeoutStep.java:55)
	at org.gradle.internal.execution.steps.PreCreateOutputParentsStep.execute(PreCreateOutputParentsStep.java:50)
	at org.gradle.internal.execution.steps.PreCreateOutputParentsStep.execute(PreCreateOutputParentsStep.java:28)
	at org.gradle.internal.execution.steps.RemovePreviousOutputsStep.execute(RemovePreviousOutputsStep.java:67)
	at org.gradle.internal.execution.steps.RemovePreviousOutputsStep.execute(RemovePreviousOutputsStep.java:37)
	at org.gradle.internal.execution.steps.BroadcastChangingOutputsStep.execute(BroadcastChangingOutputsStep.java:61)
	at org.gradle.internal.execution.steps.BroadcastChangingOutputsStep.execute(BroadcastChangingOutputsStep.java:26)
	at org.gradle.internal.execution.steps.CaptureOutputsAfterExecutionStep.execute(CaptureOutputsAfterExecutionStep.java:67)
	at org.gradle.internal.execution.steps.CaptureOutputsAfterExecutionStep.execute(CaptureOutputsAfterExecutionStep.java:45)
	at org.gradle.internal.execution.steps.ResolveInputChangesStep.execute(ResolveInputChangesStep.java:40)
	at org.gradle.internal.execution.steps.ResolveInputChangesStep.execute(ResolveInputChangesStep.java:29)
	at org.gradle.internal.execution.steps.BuildCacheStep.executeWithoutCache(BuildCacheStep.java:189)
	at org.gradle.internal.execution.steps.BuildCacheStep.lambda$execute$1(BuildCacheStep.java:75)
	at org.gradle.internal.Either$Right.fold(Either.java:175)
	at org.gradle.internal.execution.caching.CachingState.fold(CachingState.java:62)
	at org.gradle.internal.execution.steps.BuildCacheStep.execute(BuildCacheStep.java:73)
	at org.gradle.internal.execution.steps.BuildCacheStep.execute(BuildCacheStep.java:48)
	at org.gradle.internal.execution.steps.StoreExecutionStateStep.execute(StoreExecutionStateStep.java:46)
	at org.gradle.internal.execution.steps.StoreExecutionStateStep.execute(StoreExecutionStateStep.java:35)
	at org.gradle.internal.execution.steps.SkipUpToDateStep.executeBecause(SkipUpToDateStep.java:76)
	at org.gradle.internal.execution.steps.SkipUpToDateStep.lambda$execute$2(SkipUpToDateStep.java:54)
	at java.base/java.util.Optional.orElseGet(Optional.java:364)
	at org.gradle.internal.execution.steps.SkipUpToDateStep.execute(SkipUpToDateStep.java:54)
	at org.gradle.internal.execution.steps.SkipUpToDateStep.execute(SkipUpToDateStep.java:36)
	at org.gradle.internal.execution.steps.legacy.MarkSnapshottingInputsFinishedStep.execute(MarkSnapshottingInputsFinishedStep.java:37)
	at org.gradle.internal.execution.steps.legacy.MarkSnapshottingInputsFinishedStep.execute(MarkSnapshottingInputsFinishedStep.java:27)
	at org.gradle.internal.execution.steps.ResolveIncrementalCachingStateStep.executeDelegate(ResolveIncrementalCachingStateStep.java:49)
	at org.gradle.internal.execution.steps.ResolveIncrementalCachingStateStep.executeDelegate(ResolveIncrementalCachingStateStep.java:27)
	at org.gradle.internal.execution.steps.AbstractResolveCachingStateStep.execute(AbstractResolveCachingStateStep.java:71)
	at org.gradle.internal.execution.steps.AbstractResolveCachingStateStep.execute(AbstractResolveCachingStateStep.java:39)
	at org.gradle.internal.execution.steps.ResolveChangesStep.execute(ResolveChangesStep.java:65)
	at org.gradle.internal.execution.steps.ResolveChangesStep.execute(ResolveChangesStep.java:36)
	at org.gradle.internal.execution.steps.ValidateStep.execute(ValidateStep.java:106)
	at org.gradle.internal.execution.steps.ValidateStep.execute(ValidateStep.java:55)
	at org.gradle.internal.execution.steps.AbstractCaptureStateBeforeExecutionStep.execute(AbstractCaptureStateBeforeExecutionStep.java:64)
	at org.gradle.internal.execution.steps.AbstractCaptureStateBeforeExecutionStep.execute(AbstractCaptureStateBeforeExecutionStep.java:43)
	at org.gradle.internal.execution.steps.AbstractSkipEmptyWorkStep.executeWithNonEmptySources(AbstractSkipEmptyWorkStep.java:125)
	at org.gradle.internal.execution.steps.AbstractSkipEmptyWorkStep.execute(AbstractSkipEmptyWorkStep.java:56)
	at org.gradle.internal.execution.steps.AbstractSkipEmptyWorkStep.execute(AbstractSkipEmptyWorkStep.java:36)
	at org.gradle.internal.execution.steps.legacy.MarkSnapshottingInputsStartedStep.execute(MarkSnapshottingInputsStartedStep.java:38)
	at org.gradle.internal.execution.steps.LoadPreviousExecutionStateStep.execute(LoadPreviousExecutionStateStep.java:36)
	at org.gradle.internal.execution.steps.LoadPreviousExecutionStateStep.execute(LoadPreviousExecutionStateStep.java:23)
	at org.gradle.internal.execution.steps.HandleStaleOutputsStep.execute(HandleStaleOutputsStep.java:75)
	at org.gradle.internal.execution.steps.HandleStaleOutputsStep.execute(HandleStaleOutputsStep.java:41)
	at org.gradle.internal.execution.steps.AssignMutableWorkspaceStep.lambda$execute$0(AssignMutableWorkspaceStep.java:35)
	at org.gradle.api.internal.tasks.execution.TaskExecution$4.withWorkspace(TaskExecution.java:289)
	at org.gradle.internal.execution.steps.AssignMutableWorkspaceStep.execute(AssignMutableWorkspaceStep.java:31)
	at org.gradle.internal.execution.steps.AssignMutableWorkspaceStep.execute(AssignMutableWorkspaceStep.java:22)
	at org.gradle.internal.execution.steps.ChoosePipelineStep.execute(ChoosePipelineStep.java:40)
	at org.gradle.internal.execution.steps.ChoosePipelineStep.execute(ChoosePipelineStep.java:23)
	at org.gradle.internal.execution.steps.ExecuteWorkBuildOperationFiringStep.lambda$execute$2(ExecuteWorkBuildOperationFiringStep.java:67)
	at java.base/java.util.Optional.orElseGet(Optional.java:364)
	at org.gradle.internal.execution.steps.ExecuteWorkBuildOperationFiringStep.execute(ExecuteWorkBuildOperationFiringStep.java:67)
	at org.gradle.internal.execution.steps.ExecuteWorkBuildOperationFiringStep.execute(ExecuteWorkBuildOperationFiringStep.java:39)
	at org.gradle.internal.execution.steps.IdentityCacheStep.execute(IdentityCacheStep.java:46)
	at org.gradle.internal.execution.steps.IdentityCacheStep.execute(IdentityCacheStep.java:34)
	at org.gradle.internal.execution.steps.IdentifyStep.execute(IdentifyStep.java:48)
	at org.gradle.internal.execution.steps.IdentifyStep.execute(IdentifyStep.java:35)
	at org.gradle.internal.execution.impl.DefaultExecutionEngine$1.execute(DefaultExecutionEngine.java:61)
	at org.gradle.api.internal.tasks.execution.ExecuteActionsTaskExecuter.executeIfValid(ExecuteActionsTaskExecuter.java:127)
	at org.gradle.api.internal.tasks.execution.ExecuteActionsTaskExecuter.execute(ExecuteActionsTaskExecuter.java:116)
	at org.gradle.api.internal.tasks.execution.FinalizePropertiesTaskExecuter.execute(FinalizePropertiesTaskExecuter.java:46)
	at org.gradle.api.internal.tasks.execution.ResolveTaskExecutionModeExecuter.execute(ResolveTaskExecutionModeExecuter.java:51)
	at org.gradle.api.internal.tasks.execution.SkipTaskWithNoActionsExecuter.execute(SkipTaskWithNoActionsExecuter.java:57)
	at org.gradle.api.internal.tasks.execution.SkipOnlyIfTaskExecuter.execute(SkipOnlyIfTaskExecuter.java:74)
	at org.gradle.api.internal.tasks.execution.CatchExceptionTaskExecuter.execute(CatchExceptionTaskExecuter.java:36)
	at org.gradle.api.internal.tasks.execution.EventFiringTaskExecuter$1.executeTask(EventFiringTaskExecuter.java:77)
	at org.gradle.api.internal.tasks.execution.EventFiringTaskExecuter$1.call(EventFiringTaskExecuter.java:55)
	at org.gradle.api.internal.tasks.execution.EventFiringTaskExecuter$1.call(EventFiringTaskExecuter.java:52)
	at org.gradle.internal.operations.DefaultBuildOperationRunner$CallableBuildOperationWorker.execute(DefaultBuildOperationRunner.java:200)
	at org.gradle.internal.operations.DefaultBuildOperationRunner$CallableBuildOperationWorker.execute(DefaultBuildOperationRunner.java:195)
	at org.gradle.internal.operations.DefaultBuildOperationRunner$2.execute(DefaultBuildOperationRunner.java:66)
	at org.gradle.internal.operations.DefaultBuildOperationRunner$2.execute(DefaultBuildOperationRunner.java:59)
	at org.gradle.internal.operations.DefaultBuildOperationRunner.execute(DefaultBuildOperationRunner.java:157)
	at org.gradle.internal.operations.DefaultBuildOperationRunner.execute(DefaultBuildOperationRunner.java:59)
	at org.gradle.internal.operations.DefaultBuildOperationRunner.call(DefaultBuildOperationRunner.java:53)
	at org.gradle.internal.operations.DefaultBuildOperationExecutor.call(DefaultBuildOperationExecutor.java:73)
	at org.gradle.api.internal.tasks.execution.EventFiringTaskExecuter.execute(EventFiringTaskExecuter.java:52)
	at org.gradle.execution.plan.LocalTaskNodeExecutor.execute(LocalTaskNodeExecutor.java:42)
	at org.gradle.execution.taskgraph.DefaultTaskExecutionGraph$InvokeNodeExecutorsAction.execute(DefaultTaskExecutionGraph.java:331)
	at org.gradle.execution.taskgraph.DefaultTaskExecutionGraph$InvokeNodeExecutorsAction.execute(DefaultTaskExecutionGraph.java:318)
	at org.gradle.execution.taskgraph.DefaultTaskExecutionGraph$BuildOperationAwareExecutionAction.lambda$execute$0(DefaultTaskExecutionGraph.java:314)
	at org.gradle.internal.operations.CurrentBuildOperationRef.with(CurrentBuildOperationRef.java:80)
	at org.gradle.execution.taskgraph.DefaultTaskExecutionGraph$BuildOperationAwareExecutionAction.execute(DefaultTaskExecutionGraph.java:314)
	at org.gradle.execution.taskgraph.DefaultTaskExecutionGraph$BuildOperationAwareExecutionAction.execute(DefaultTaskExecutionGraph.java:303)
	at org.gradle.execution.plan.DefaultPlanExecutor$ExecutorWorker.execute(DefaultPlanExecutor.java:463)
	at org.gradle.execution.plan.DefaultPlanExecutor$ExecutorWorker.run(DefaultPlanExecutor.java:380)
	at org.gradle.internal.concurrent.ExecutorPolicy$CatchAndRecordFailures.onExecute(ExecutorPolicy.java:64)
	at org.gradle.internal.concurrent.AbstractManagedExecutor$1.run(AbstractManagedExecutor.java:47)
	at java.base/java.util.concurrent.ThreadPoolExecutor.runWorker(ThreadPoolExecutor.java:1144)
	at java.base/java.util.concurrent.ThreadPoolExecutor$Worker.run(ThreadPoolExecutor.java:642)
	at java.base/java.lang.Thread.run(Thread.java:1583)
Caused by: org.jetbrains.kotlin.gradle.tasks.FailedCompilationException: Internal compiler error. See log for more details
	at org.jetbrains.kotlin.gradle.tasks.TasksUtilsKt.throwExceptionIfCompilationFailed(tasksUtils.kt:23)
	at org.jetbrains.kotlin.compilerRunner.GradleKotlinCompilerWork.run(GradleKotlinCompilerWork.kt:144)
	at org.jetbrains.kotlin.compilerRunner.GradleCompilerRunnerWithWorkers$GradleKotlinCompilerWorkAction.execute(GradleCompilerRunnerWithWorkers.kt:76)
	at org.gradle.workers.internal.DefaultWorkerServer.execute(DefaultWorkerServer.java:63)
	at org.gradle.workers.internal.NoIsolationWorkerFactory$1$1.create(NoIsolationWorkerFactory.java:66)
	at org.gradle.workers.internal.NoIsolationWorkerFactory$1$1.create(NoIsolationWorkerFactory.java:62)
	at org.gradle.internal.classloader.ClassLoaderUtils.executeInClassloader(ClassLoaderUtils.java:100)
	at org.gradle.workers.internal.NoIsolationWorkerFactory$1.lambda$execute$0(NoIsolationWorkerFactory.java:62)
	at org.gradle.workers.internal.AbstractWorker$1.call(AbstractWorker.java:44)
	at org.gradle.workers.internal.AbstractWorker$1.call(AbstractWorker.java:41)
	at org.gradle.internal.operations.DefaultBuildOperationRunner$CallableBuildOperationWorker.execute(DefaultBuildOperationRunner.java:200)
	at org.gradle.internal.operations.DefaultBuildOperationRunner$CallableBuildOperationWorker.execute(DefaultBuildOperationRunner.java:195)
	at org.gradle.internal.operations.DefaultBuildOperationRunner$2.execute(DefaultBuildOperationRunner.java:66)
	at org.gradle.internal.operations.DefaultBuildOperationRunner$2.execute(DefaultBuildOperationRunner.java:59)
	at org.gradle.internal.operations.DefaultBuildOperationRunner.execute(DefaultBuildOperationRunner.java:157)
	at org.gradle.internal.operations.DefaultBuildOperationRunner.execute(DefaultBuildOperationRunner.java:59)
	at org.gradle.internal.operations.DefaultBuildOperationRunner.call(DefaultBuildOperationRunner.java:53)
	at org.gradle.internal.operations.DefaultBuildOperationExecutor.call(DefaultBuildOperationExecutor.java:73)
	at org.gradle.workers.internal.AbstractWorker.executeWrappedInBuildOperation(AbstractWorker.java:41)
	at org.gradle.workers.internal.NoIsolationWorkerFactory$1.execute(NoIsolationWorkerFactory.java:59)
	at org.gradle.workers.internal.DefaultWorkerExecutor.lambda$submitWork$0(DefaultWorkerExecutor.java:174)
	at java.base/java.util.concurrent.FutureTask.run(FutureTask.java:317)
	at org.gradle.internal.work.DefaultConditionalExecutionQueue$ExecutionRunner.runExecution(DefaultConditionalExecutionQueue.java:187)
	at org.gradle.internal.work.DefaultConditionalExecutionQueue$ExecutionRunner.access$700(DefaultConditionalExecutionQueue.java:120)
	at org.gradle.internal.work.DefaultConditionalExecutionQueue$ExecutionRunner$1.run(DefaultConditionalExecutionQueue.java:162)
	at org.gradle.internal.Factories$1.create(Factories.java:31)
	at org.gradle.internal.work.DefaultWorkerLeaseService.withLocks(DefaultWorkerLeaseService.java:264)
	at org.gradle.internal.work.DefaultWorkerLeaseService.runAsWorkerThread(DefaultWorkerLeaseService.java:128)
	at org.gradle.internal.work.DefaultWorkerLeaseService.runAsWorkerThread(DefaultWorkerLeaseService.java:133)
	at org.gradle.internal.work.DefaultConditionalExecutionQueue$ExecutionRunner.runBatch(DefaultConditionalExecutionQueue.java:157)
	at org.gradle.internal.work.DefaultConditionalExecutionQueue$ExecutionRunner.run(DefaultConditionalExecutionQueue.java:126)
	at java.base/java.util.concurrent.Executors$RunnableAdapter.call(Executors.java:572)
	at java.base/java.util.concurrent.FutureTask.run(FutureTask.java:317)
	... 5 more

==============================================================================

BUILD FAILED in 2m 37s
44 actionable tasks: 2 executed, 42 up-to-date
Watched directory hierarchies: [C:\Users\vivet\AndroidStudioProjects\ShoesTapApp]
